Clock: clk
Sources: clk 
Generated: no
Virtual: yes
Propagated: no
Period: 20.000000

===========================================================================
report_clock_properties
============================================================================
Clock                   Period          Waveform
----------------------------------------------------
clk                  20.000000    0.000000 10.000000

===========================================================================
report_clock_latency
============================================================================
Clock clk
rise -> rise
    min     max
0.000000 0.000000 source latency
0.219344         network latency _0795_/CLK
        4.688530 network latency _0931_/GATE_N
---------------
0.219344 4.688530 latency
        4.469186 skew

rise -> fall
    min     max
0.000000 0.000000 source latency
0.740393         network latency _0841_/GATE_N
        4.737214 network latency _0842_/GATE_N
---------------
0.740393 4.737214 latency
        3.996821 skew

fall -> fall
    min     max
0.000000 0.000000 source latency
0.209458         network latency _0795_/CLK
        0.212350 network latency _0797_/CLK
---------------
0.209458 0.212350 latency
        0.002892 skew



===========================================================================
report_clock_min_period
============================================================================
clk period_min = 2.08 fmax = 480.29
