
===========================================================================
report_checks -unconstrained
===========================================================================
======================= nom_ff_n40C_1v95 Corner ===================================

Startpoint: res_n (input port clocked by clk)
Endpoint: _0795_ (recovery check against rising-edge clock clk)
Path Group: asynchronous
Path Type: max

Fanout         Cap        Slew       Delay        Time   Description
---------------------------------------------------------------------------------------------
                      0.150000    0.000000    0.000000   clock clk (rise edge)
                                  0.000000    0.000000   clock network delay (ideal)
                                  1.000000    1.000000 ^ input external delay
    19    0.068723    0.235698    0.161428    1.161428 ^ res_n (in)
                                                         res_n (net)
                      0.235698    0.000000    1.161428 ^ _0795_/RESET_B (sky130_fd_sc_hd__dfrtp_2)
                                              1.161428   data arrival time

                      0.150000    5.000000    5.000000   clock clk (rise edge)
                                  0.000000    5.000000   clock network delay (ideal)
                                 -0.250000    4.750000   clock uncertainty
                                  0.000000    4.750000   clock reconvergence pessimism
                                              4.750000 ^ _0795_/CLK (sky130_fd_sc_hd__dfrtp_2)
                                  0.100454    4.850454   library recovery time
                                              4.850454   data required time
---------------------------------------------------------------------------------------------
                                              4.850454   data required time
                                             -1.161428   data arrival time
---------------------------------------------------------------------------------------------
                                              3.689026   slack (MET)


Startpoint: _0796_ (rising edge-triggered flip-flop clocked by clk)
Endpoint: PSEL1 (output port clocked by clk)
Path Group: clk
Path Type: max

Fanout         Cap        Slew       Delay        Time   Description
---------------------------------------------------------------------------------------------
                      0.150000    0.000000    0.000000   clock clk (rise edge)
                                  0.000000    0.000000   clock network delay (ideal)
                      0.150000    0.000000    0.000000 ^ _0796_/CLK (sky130_fd_sc_hd__dfrtp_2)
    14    0.029689    0.072803    0.319118    0.319118 v _0796_/Q (sky130_fd_sc_hd__dfrtp_2)
                                                         current_state[1] (net)
                      0.072803    0.000000    0.319118 v _0438_/A (sky130_fd_sc_hd__or4b_2)
     6    0.019204    0.107850    0.441517    0.760636 v _0438_/X (sky130_fd_sc_hd__or4b_2)
                                                         _0125_ (net)
                      0.107850    0.000000    0.760636 v _0439_/A (sky130_fd_sc_hd__inv_2)
    17    0.084647    0.290937    0.250647    1.011283 ^ _0439_/Y (sky130_fd_sc_hd__inv_2)
                                                         arready (net)
                      0.290937    0.000000    1.011283 ^ _0443_/A (sky130_fd_sc_hd__nor2_2)
     6    0.017469    0.084481    0.061605    1.072888 v _0443_/Y (sky130_fd_sc_hd__nor2_2)
                                                         _0129_ (net)
                      0.084481    0.000000    1.072888 v _0446_/A2 (sky130_fd_sc_hd__a211oi_2)
     1    0.033442    0.444182    0.401503    1.474391 ^ _0446_/Y (sky130_fd_sc_hd__a211oi_2)
                                                         PSEL1 (net)
                      0.444182    0.000000    1.474391 ^ PSEL1 (out)
                                              1.474391   data arrival time

                      0.150000    5.000000    5.000000   clock clk (rise edge)
                                  0.000000    5.000000   clock network delay (ideal)
                                 -0.250000    4.750000   clock uncertainty
                                  0.000000    4.750000   clock reconvergence pessimism
                                 -1.000000    3.750000   output external delay
                                              3.750000   data required time
---------------------------------------------------------------------------------------------
                                              3.750000   data required time
                                             -1.474391   data arrival time
---------------------------------------------------------------------------------------------
                                              2.275609   slack (MET)




===========================================================================
report_checks --slack_max -0.01
============================================================================
======================= nom_ff_n40C_1v95 Corner ===================================

No paths found.


===========================================================================
 report_check_types -max_slew -max_cap -max_fanout -violators
============================================================================
======================= nom_ff_n40C_1v95 Corner ===================================

max slew

Pin                                        Limit        Slew       Slack
------------------------------------------------------------------------
_0397_/Y                                0.750000    0.762923   -0.012923 (VIOLATED)
_0407_/A                                0.750000    0.762923   -0.012923 (VIOLATED)
_0470_/C1                               0.750000    0.762923   -0.012923 (VIOLATED)
_0480_/C1                               0.750000    0.762923   -0.012923 (VIOLATED)
_0492_/C1                               0.750000    0.762923   -0.012923 (VIOLATED)
_0503_/C1                               0.750000    0.762923   -0.012923 (VIOLATED)
_0513_/C1                               0.750000    0.762923   -0.012923 (VIOLATED)
_0525_/C1                               0.750000    0.762923   -0.012923 (VIOLATED)
_0536_/C1                               0.750000    0.762923   -0.012923 (VIOLATED)
_0547_/C1                               0.750000    0.762923   -0.012923 (VIOLATED)
_0555_/C1                               0.750000    0.762923   -0.012923 (VIOLATED)
_0569_/C1                               0.750000    0.762923   -0.012923 (VIOLATED)
_0580_/C1                               0.750000    0.762923   -0.012923 (VIOLATED)
_0591_/C1                               0.750000    0.762923   -0.012923 (VIOLATED)
_0602_/C1                               0.750000    0.762923   -0.012923 (VIOLATED)
_0610_/C1                               0.750000    0.762923   -0.012923 (VIOLATED)
_0624_/C1                               0.750000    0.762923   -0.012923 (VIOLATED)
_0635_/C1                               0.750000    0.762923   -0.012923 (VIOLATED)
_0422_/Y                                0.750000    0.760601   -0.010601 (VIOLATED)
_0423_/B                                0.750000    0.760601   -0.010601 (VIOLATED)
_0470_/A2                               0.750000    0.760601   -0.010601 (VIOLATED)
_0481_/A2                               0.750000    0.760601   -0.010601 (VIOLATED)
_0489_/A2                               0.750000    0.760601   -0.010601 (VIOLATED)
_0500_/B1                               0.750000    0.760601   -0.010601 (VIOLATED)
_0512_/A2                               0.750000    0.760601   -0.010601 (VIOLATED)
_0522_/A2                               0.750000    0.760601   -0.010601 (VIOLATED)
_0535_/B1                               0.750000    0.760601   -0.010601 (VIOLATED)
_0546_/B1                               0.750000    0.760601   -0.010601 (VIOLATED)
_0554_/A2                               0.750000    0.760601   -0.010601 (VIOLATED)
_0569_/A2                               0.750000    0.760601   -0.010601 (VIOLATED)
_0579_/B1                               0.750000    0.760601   -0.010601 (VIOLATED)
_0591_/A2                               0.750000    0.760601   -0.010601 (VIOLATED)
_0599_/B1                               0.750000    0.760601   -0.010601 (VIOLATED)
_0610_/A2                               0.750000    0.760601   -0.010601 (VIOLATED)
_0623_/B1                               0.750000    0.760601   -0.010601 (VIOLATED)
_0633_/B1                               0.750000    0.760601   -0.010601 (VIOLATED)
_0410_/Y                                0.750000    0.758767   -0.008767 (VIOLATED)
_0411_/B                                0.750000    0.758767   -0.008767 (VIOLATED)
_0469_/A2                               0.750000    0.758767   -0.008767 (VIOLATED)
_0477_/A2                               0.750000    0.758767   -0.008767 (VIOLATED)
_0490_/A2                               0.750000    0.758767   -0.008767 (VIOLATED)
_0500_/A2                               0.750000    0.758767   -0.008767 (VIOLATED)
_0507_/A2                               0.750000    0.758767   -0.008767 (VIOLATED)
_0523_/B1                               0.750000    0.758767   -0.008767 (VIOLATED)
_0534_/A2                               0.750000    0.758767   -0.008767 (VIOLATED)
_0544_/A2                               0.750000    0.758767   -0.008767 (VIOLATED)
_0552_/A2                               0.750000    0.758767   -0.008767 (VIOLATED)
_0568_/B1                               0.750000    0.758767   -0.008767 (VIOLATED)
_0579_/A2                               0.750000    0.758767   -0.008767 (VIOLATED)
_0590_/A2                               0.750000    0.758767   -0.008767 (VIOLATED)
_0599_/A2                               0.750000    0.758767   -0.008767 (VIOLATED)
_0606_/A2                               0.750000    0.758767   -0.008767 (VIOLATED)
_0623_/A2                               0.750000    0.758767   -0.008767 (VIOLATED)
_0633_/A2                               0.750000    0.758767   -0.008767 (VIOLATED)
_0414_/Y                                0.750000    0.757221   -0.007222 (VIOLATED)
_0415_/B                                0.750000    0.757221   -0.007222 (VIOLATED)
_0464_/A2                               0.750000    0.757221   -0.007222 (VIOLATED)
_0475_/A2                               0.750000    0.757221   -0.007222 (VIOLATED)
_0487_/A2                               0.750000    0.757221   -0.007222 (VIOLATED)
_0496_/A2                               0.750000    0.757221   -0.007222 (VIOLATED)
_0510_/A2                               0.750000    0.757221   -0.007222 (VIOLATED)
_0521_/A2                               0.750000    0.757221   -0.007222 (VIOLATED)
_0531_/A2                               0.750000    0.757221   -0.007222 (VIOLATED)
_0543_/A2                               0.750000    0.757221   -0.007222 (VIOLATED)
_0553_/B1                               0.750000    0.757221   -0.007222 (VIOLATED)
_0564_/A2                               0.750000    0.757221   -0.007222 (VIOLATED)
_0575_/A2                               0.750000    0.757221   -0.007222 (VIOLATED)
_0585_/A2                               0.750000    0.757221   -0.007222 (VIOLATED)
_0598_/A2                               0.750000    0.757221   -0.007222 (VIOLATED)
_0608_/A2                               0.750000    0.757221   -0.007222 (VIOLATED)
_0620_/A2                               0.750000    0.757221   -0.007222 (VIOLATED)
_0631_/A2                               0.750000    0.757221   -0.007222 (VIOLATED)
_0408_/Y                                0.750000    0.756221   -0.006221 (VIOLATED)
_0409_/B                                0.750000    0.756221   -0.006221 (VIOLATED)
_0468_/A2                               0.750000    0.756221   -0.006221 (VIOLATED)
_0476_/A2                               0.750000    0.756221   -0.006221 (VIOLATED)
_0491_/A2                               0.750000    0.756221   -0.006221 (VIOLATED)
_0502_/A2                               0.750000    0.756221   -0.006221 (VIOLATED)
_0513_/A2                               0.750000    0.756221   -0.006221 (VIOLATED)
_0523_/A2                               0.750000    0.756221   -0.006221 (VIOLATED)
_0533_/A2                               0.750000    0.756221   -0.006221 (VIOLATED)
_0545_/A2                               0.750000    0.756221   -0.006221 (VIOLATED)
_0555_/A2                               0.750000    0.756221   -0.006221 (VIOLATED)
_0568_/A2                               0.750000    0.756221   -0.006221 (VIOLATED)
_0578_/A2                               0.750000    0.756221   -0.006221 (VIOLATED)
_0589_/A2                               0.750000    0.756221   -0.006221 (VIOLATED)
_0601_/A2                               0.750000    0.756221   -0.006221 (VIOLATED)
_0613_/A2                               0.750000    0.756221   -0.006221 (VIOLATED)
_0622_/A2                               0.750000    0.756221   -0.006221 (VIOLATED)
_0634_/A2                               0.750000    0.756221   -0.006221 (VIOLATED)

max fanout

Pin                                   Limit Fanout  Slack
---------------------------------------------------------
_0462_/Y                                 10     20    -10 (VIOLATED)
_1105_/Q                                 10     20    -10 (VIOLATED)
_1106_/Q                                 10     20    -10 (VIOLATED)
_1107_/Q                                 10     20    -10 (VIOLATED)
res_n                                    10     19     -9 (VIOLATED)
_0453_/X                                 10     19     -9 (VIOLATED)
_1108_/Q                                 10     19     -9 (VIOLATED)
_0400_/Y                                 10     18     -8 (VIOLATED)
_0397_/Y                                 10     17     -7 (VIOLATED)
_0408_/Y                                 10     17     -7 (VIOLATED)
_0410_/Y                                 10     17     -7 (VIOLATED)
_0412_/X                                 10     17     -7 (VIOLATED)
_0414_/Y                                 10     17     -7 (VIOLATED)
_0416_/X                                 10     17     -7 (VIOLATED)
_0418_/X                                 10     17     -7 (VIOLATED)
_0420_/X                                 10     17     -7 (VIOLATED)
_0422_/Y                                 10     17     -7 (VIOLATED)
_0424_/X                                 10     17     -7 (VIOLATED)
_0426_/X                                 10     17     -7 (VIOLATED)
_0428_/X                                 10     17     -7 (VIOLATED)
_0430_/X                                 10     17     -7 (VIOLATED)
_0432_/X                                 10     17     -7 (VIOLATED)
_0434_/X                                 10     17     -7 (VIOLATED)
_0436_/X                                 10     17     -7 (VIOLATED)
_0678_/X                                 10     17     -7 (VIOLATED)
_0398_/X                                 10     16     -6 (VIOLATED)
_0406_/Y                                 10     16     -6 (VIOLATED)
_0407_/Y                                 10     16     -6 (VIOLATED)
_0409_/Y                                 10     16     -6 (VIOLATED)
_0411_/Y                                 10     16     -6 (VIOLATED)
_0413_/Y                                 10     16     -6 (VIOLATED)
_0415_/Y                                 10     16     -6 (VIOLATED)
_0417_/Y                                 10     16     -6 (VIOLATED)
_0419_/Y                                 10     16     -6 (VIOLATED)
_0421_/Y                                 10     16     -6 (VIOLATED)
_0423_/Y                                 10     16     -6 (VIOLATED)
_0425_/Y                                 10     16     -6 (VIOLATED)
_0427_/Y                                 10     16     -6 (VIOLATED)
_0429_/Y                                 10     16     -6 (VIOLATED)
_0431_/Y                                 10     16     -6 (VIOLATED)
_0433_/Y                                 10     16     -6 (VIOLATED)
_0435_/Y                                 10     16     -6 (VIOLATED)
_0437_/Y                                 10     16     -6 (VIOLATED)
_0439_/Y                                 10     16     -6 (VIOLATED)
_0655_/X                                 10     16     -6 (VIOLATED)
_0656_/X                                 10     16     -6 (VIOLATED)
_0657_/X                                 10     16     -6 (VIOLATED)
_0658_/X                                 10     16     -6 (VIOLATED)
_0659_/X                                 10     16     -6 (VIOLATED)
_0660_/X                                 10     16     -6 (VIOLATED)
_0661_/X                                 10     16     -6 (VIOLATED)
_0662_/X                                 10     16     -6 (VIOLATED)
_0663_/X                                 10     16     -6 (VIOLATED)
_0664_/X                                 10     16     -6 (VIOLATED)
_0665_/X                                 10     16     -6 (VIOLATED)
_0666_/X                                 10     16     -6 (VIOLATED)
_0667_/X                                 10     16     -6 (VIOLATED)
_0668_/X                                 10     16     -6 (VIOLATED)
_0669_/X                                 10     16     -6 (VIOLATED)
_0670_/X                                 10     16     -6 (VIOLATED)
_0683_/X                                 10     16     -6 (VIOLATED)
_0795_/Q                                 10     15     -5 (VIOLATED)
_0796_/Q                                 10     14     -4 (VIOLATED)
_0798_/Q                                 10     12     -2 (VIOLATED)
_0442_/Y                                 10     11        (VIOLATED)
_0797_/Q                                 10     11        (VIOLATED)



===========================================================================
report_parasitic_annotation -report_unannotated
============================================================================
Found 784 unannotated drivers.
 PRDATA[0]
 PRDATA[10]
 PRDATA[11]
 PRDATA[12]
 PRDATA[13]
 PRDATA[14]
 PRDATA[15]
 PRDATA[1]
 PRDATA[2]
 PRDATA[3]
 PRDATA[4]
 PRDATA[5]
 PRDATA[6]
 PRDATA[7]
 PRDATA[8]
 PRDATA[9]
 PREADY
 araddr[0]
 araddr[1]
 araddr[2]
 araddr[3]
 araddr[4]
 arburst[0]
 arburst[1]
 arlen[0]
 arlen[1]
 arlen[2]
 arlen[3]
 arvalid
 awaddr[0]
 awaddr[1]
 awaddr[2]
 awaddr[3]
 awaddr[4]
 awburst[0]
 awburst[1]
 awlen[0]
 awlen[1]
 awlen[2]
 awlen[3]
 awvalid
 bready
 clk
 res_n
 rready
 wdata[0]
 wdata[10]
 wdata[11]
 wdata[12]
 wdata[13]
 wdata[14]
 wdata[15]
 wdata[1]
 wdata[2]
 wdata[3]
 wdata[4]
 wdata[5]
 wdata[6]
 wdata[7]
 wdata[8]
 wdata[9]
 wlast
 wvalid
 _0390_/Y
 _0391_/Y
 _0392_/Y
 _0393_/Y
 _0394_/X
 _0395_/X
 _0396_/Y
 _0397_/Y
 _0398_/X
 _0399_/X
 _0400_/Y
 _0401_/Y
 _0402_/Y
 _0403_/X
 _0404_/Y
 _0405_/Y
 _0406_/Y
 _0407_/Y
 _0408_/Y
 _0409_/Y
 _0410_/Y
 _0411_/Y
 _0412_/X
 _0413_/Y
 _0414_/Y
 _0415_/Y
 _0416_/X
 _0417_/Y
 _0418_/X
 _0419_/Y
 _0420_/X
 _0421_/Y
 _0422_/Y
 _0423_/Y
 _0424_/X
 _0425_/Y
 _0426_/X
 _0427_/Y
 _0428_/X
 _0429_/Y
 _0430_/X
 _0431_/Y
 _0432_/X
 _0433_/Y
 _0434_/X
 _0435_/Y
 _0436_/X
 _0437_/Y
 _0438_/X
 _0439_/Y
 _0440_/Y
 _0441_/X
 _0442_/Y
 _0443_/Y
 _0444_/Y
 _0445_/Y
 _0446_/Y
 _0447_/X
 _0448_/X
 _0449_/X
 _0450_/X
 _0451_/X
 _0452_/Y
 _0453_/X
 _0454_/Y
 _0455_/X
 _0456_/X
 _0457_/X
 _0458_/X
 _0459_/X
 _0460_/X
 _0461_/X
 _0462_/Y
 _0463_/X
 _0464_/X
 _0465_/X
 _0466_/X
 _0467_/X
 _0468_/X
 _0469_/X
 _0470_/X
 _0471_/X
 _0472_/Y
 _0473_/Y
 _0474_/X
 _0475_/X
 _0476_/X
 _0477_/X
 _0478_/X
 _0479_/X
 _0480_/X
 _0481_/X
 _0482_/X
 _0483_/Y
 _0484_/Y
 _0485_/X
 _0486_/X
 _0487_/X
 _0488_/X
 _0489_/X
 _0490_/X
 _0491_/X
 _0492_/X
 _0493_/X
 _0494_/Y
 _0495_/Y
 _0496_/X
 _0497_/X
 _0498_/X
 _0499_/X
 _0500_/X
 _0501_/X
 _0502_/X
 _0503_/X
 _0504_/X
 _0505_/Y
 _0506_/Y
 _0507_/X
 _0508_/X
 _0509_/X
 _0510_/X
 _0511_/X
 _0512_/X
 _0513_/X
 _0514_/X
 _0515_/X
 _0516_/Y
 _0517_/Y
 _0518_/X
 _0519_/X
 _0520_/X
 _0521_/X
 _0522_/X
 _0523_/X
 _0524_/X
 _0525_/X
 _0526_/X
 _0527_/Y
 _0528_/Y
 _0529_/X
 _0530_/X
 _0531_/X
 _0532_/X
 _0533_/X
 _0534_/X
 _0535_/X
 _0536_/X
 _0537_/X
 _0538_/Y
 _0539_/Y
 _0540_/X
 _0541_/X
 _0542_/X
 _0543_/X
 _0544_/X
 _0545_/X
 _0546_/X
 _0547_/X
 _0548_/X
 _0549_/Y
 _0550_/Y
 _0551_/X
 _0552_/X
 _0553_/X
 _0554_/X
 _0555_/X
 _0556_/X
 _0557_/X
 _0558_/X
 _0559_/X
 _0560_/Y
 _0561_/Y
 _0562_/X
 _0563_/X
 _0564_/X
 _0565_/X
 _0566_/X
 _0567_/X
 _0568_/X
 _0569_/X
 _0570_/X
 _0571_/Y
 _0572_/Y
 _0573_/X
 _0574_/X
 _0575_/X
 _0576_/X
 _0577_/X
 _0578_/X
 _0579_/X
 _0580_/X
 _0581_/X
 _0582_/Y
 _0583_/Y
 _0584_/X
 _0585_/X
 _0586_/X
 _0587_/X
 _0588_/X
 _0589_/X
 _0590_/X
 _0591_/X
 _0592_/X
 _0593_/Y
 _0594_/Y
 _0595_/X
 _0596_/X
 _0597_/X
 _0598_/X
 _0599_/X
 _0600_/X
 _0601_/X
 _0602_/X
 _0603_/X
 _0604_/Y
 _0605_/Y
 _0606_/X
 _0607_/X
 _0608_/X
 _0609_/X
 _0610_/X
 _0611_/X
 _0612_/X
 _0613_/X
 _0614_/X
 _0615_/Y
 _0616_/Y
 _0617_/X
 _0618_/X
 _0619_/X
 _0620_/X
 _0621_/X
 _0622_/X
 _0623_/X
 _0624_/X
 _0625_/X
 _0626_/Y
 _0627_/Y
 _0628_/X
 _0629_/X
 _0630_/X
 _0631_/X
 _0632_/X
 _0633_/X
 _0634_/X
 _0635_/X
 _0636_/X
 _0637_/Y
 _0638_/Y
 _0639_/Y
 _0640_/Y
 _0641_/Y
 _0642_/Y
 _0643_/Y
 _0644_/Y
 _0645_/Y
 _0646_/Y
 _0647_/Y
 _0648_/Y
 _0649_/Y
 _0650_/Y
 _0651_/Y
 _0652_/Y
 _0653_/Y
 _0654_/Y
 _0655_/X
 _0656_/X
 _0657_/X
 _0658_/X
 _0659_/X
 _0660_/X
 _0661_/X
 _0662_/X
 _0663_/X
 _0664_/X
 _0665_/X
 _0666_/X
 _0667_/X
 _0668_/X
 _0669_/X
 _0670_/X
 _0671_/X
 _0672_/X
 _0673_/X
 _0674_/X
 _0675_/X
 _0676_/X
 _0677_/X
 _0678_/X
 _0679_/X
 _0680_/X
 _0681_/Y
 _0682_/X
 _0683_/X
 _0684_/Y
 _0685_/X
 _0686_/Y
 _0687_/Y
 _0688_/X
 _0689_/X
 _0690_/X
 _0691_/Y
 _0692_/X
 _0693_/X
 _0694_/Y
 _0695_/Y
 _0696_/X
 _0697_/X
 _0698_/X
 _0699_/X
 _0700_/X
 _0701_/X
 _0702_/Y
 _0703_/X
 _0704_/X
 _0705_/X
 _0706_/X
 _0707_/X
 _0708_/Y
 _0709_/X
 _0710_/X
 _0711_/X
 _0712_/X
 _0713_/Y
 _0714_/X
 _0715_/X
 _0716_/X
 _0717_/Y
 _0718_/X
 _0719_/X
 _0720_/Y
 _0721_/Y
 _0722_/X
 _0723_/X
 _0724_/Y
 _0725_/X
 _0726_/X
 _0727_/Y
 _0728_/Y
 _0729_/Y
 _0730_/X
 _0731_/X
 _0732_/X
 _0733_/Y
 _0734_/X
 _0735_/X
 _0736_/Y
 _0737_/X
 _0738_/Y
 _0739_/Y
 _0740_/X
 _0741_/X
 _0742_/X
 _0743_/Y
 _0744_/X
 _0745_/Y
 _0746_/Y
 _0747_/Y
 _0748_/X
 _0749_/X
 _0750_/X
 _0751_/Y
 _0752_/X
 _0753_/Y
 _0754_/X
 _0755_/X
 _0756_/Y
 _0757_/X
 _0758_/X
 _0759_/X
 _0760_/X
 _0761_/X
 _0762_/Y
 _0763_/X
 _0764_/X
 _0765_/X
 _0766_/Y
 _0767_/X
 _0768_/X
 _0769_/X
 _0770_/X
 _0771_/X
 _0772_/X
 _0773_/X
 _0774_/X
 _0775_/Y
 _0776_/X
 _0777_/X
 _0778_/X
 _0779_/Y
 _0780_/X
 _0781_/X
 _0782_/Y
 _0783_/Y
 _0784_/X
 _0785_/X
 _0786_/Y
 _0787_/X
 _0788_/Y
 _0789_/Y
 _0790_/X
 _0791_/X
 _0792_/Y
 _0793_/Y
 _0794_/X
 _0795_/Q
 _0796_/Q
 _0797_/Q
 _0798_/Q
 _0799_/Q
 _0800_/Q
 _0801_/Q
 _0802_/Q
 _0803_/Q
 _0804_/Q
 _0805_/Q
 _0806_/Q
 _0807_/Q
 _0808_/Q
 _0809_/Q
 _0810_/Q
 _0811_/Q
 _0812_/Q
 _0813_/Q
 _0814_/Q
 _0815_/Q
 _0816_/Q
 _0817_/Q
 _0818_/Q
 _0819_/Q
 _0820_/Q
 _0821_/Q
 _0822_/Q
 _0823_/Q
 _0824_/Q
 _0825_/Q
 _0826_/Q
 _0827_/Q
 _0828_/Q
 _0829_/Q
 _0830_/Q
 _0831_/Q
 _0832_/Q
 _0833_/Q
 _0834_/Q
 _0835_/Q
 _0836_/Q
 _0837_/Q
 _0838_/Q
 _0839_/Q
 _0840_/Q
 _0841_/Q
 _0842_/Q
 _0843_/Q
 _0844_/Q
 _0845_/Q
 _0846_/Q
 _0847_/Q
 _0848_/Q
 _0849_/Q
 _0850_/Q
 _0851_/Q
 _0852_/Q
 _0853_/Q
 _0854_/Q
 _0855_/Q
 _0856_/Q
 _0857_/Q
 _0858_/Q
 _0859_/Q
 _0860_/Q
 _0861_/Q
 _0862_/Q
 _0863_/Q
 _0864_/Q
 _0865_/Q
 _0866_/Q
 _0867_/Q
 _0868_/Q
 _0869_/Q
 _0870_/Q
 _0871_/Q
 _0872_/Q
 _0873_/Q
 _0874_/Q
 _0875_/Q
 _0876_/Q
 _0877_/Q
 _0878_/Q
 _0879_/Q
 _0880_/Q
 _0881_/Q
 _0882_/Q
 _0883_/Q
 _0884_/Q
 _0885_/Q
 _0886_/Q
 _0887_/Q
 _0888_/Q
 _0889_/Q
 _0890_/Q
 _0891_/Q
 _0892_/Q
 _0893_/Q
 _0894_/Q
 _0895_/Q
 _0896_/Q
 _0897_/Q
 _0898_/Q
 _0899_/Q
 _0900_/Q
 _0901_/Q
 _0902_/Q
 _0903_/Q
 _0904_/Q
 _0905_/Q
 _0906_/Q
 _0907_/Q
 _0908_/Q
 _0909_/Q
 _0910_/Q
 _0911_/Q
 _0912_/Q
 _0913_/Q
 _0914_/Q
 _0915_/Q
 _0916_/Q
 _0917_/Q
 _0918_/Q
 _0919_/Q
 _0920_/Q
 _0921_/Q
 _0922_/Q
 _0923_/Q
 _0924_/Q
 _0925_/Q
 _0926_/Q
 _0927_/Q
 _0928_/Q
 _0929_/Q
 _0930_/Q
 _0931_/Q
 _0932_/Q
 _0933_/Q
 _0934_/Q
 _0935_/Q
 _0936_/Q
 _0937_/Q
 _0938_/Q
 _0939_/Q
 _0940_/Q
 _0941_/Q
 _0942_/Q
 _0943_/Q
 _0944_/Q
 _0945_/Q
 _0946_/Q
 _0947_/Q
 _0948_/Q
 _0949_/Q
 _0950_/Q
 _0951_/Q
 _0952_/Q
 _0953_/Q
 _0954_/Q
 _0955_/Q
 _0956_/Q
 _0957_/Q
 _0958_/Q
 _0959_/Q
 _0960_/Q
 _0961_/Q
 _0962_/Q
 _0963_/Q
 _0964_/Q
 _0965_/Q
 _0966_/Q
 _0967_/Q
 _0968_/Q
 _0969_/Q
 _0970_/Q
 _0971_/Q
 _0972_/Q
 _0973_/Q
 _0974_/Q
 _0975_/Q
 _0976_/Q
 _0977_/Q
 _0978_/Q
 _0979_/Q
 _0980_/Q
 _0981_/Q
 _0982_/Q
 _0983_/Q
 _0984_/Q
 _0985_/Q
 _0986_/Q
 _0987_/Q
 _0988_/Q
 _0989_/Q
 _0990_/Q
 _0991_/Q
 _0992_/Q
 _0993_/Q
 _0994_/Q
 _0995_/Q
 _0996_/Q
 _0997_/Q
 _0998_/Q
 _0999_/Q
 _1000_/Q
 _1001_/Q
 _1002_/Q
 _1003_/Q
 _1004_/Q
 _1005_/Q
 _1006_/Q
 _1007_/Q
 _1008_/Q
 _1009_/Q
 _1010_/Q
 _1011_/Q
 _1012_/Q
 _1013_/Q
 _1014_/Q
 _1015_/Q
 _1016_/Q
 _1017_/Q
 _1018_/Q
 _1019_/Q
 _1020_/Q
 _1021_/Q
 _1022_/Q
 _1023_/Q
 _1024_/Q
 _1025_/Q
 _1026_/Q
 _1027_/Q
 _1028_/Q
 _1029_/Q
 _1030_/Q
 _1031_/Q
 _1032_/Q
 _1033_/Q
 _1034_/Q
 _1035_/Q
 _1036_/Q
 _1037_/Q
 _1038_/Q
 _1039_/Q
 _1040_/Q
 _1041_/Q
 _1042_/Q
 _1043_/Q
 _1044_/Q
 _1045_/Q
 _1046_/Q
 _1047_/Q
 _1048_/Q
 _1049_/Q
 _1050_/Q
 _1051_/Q
 _1052_/Q
 _1053_/Q
 _1054_/Q
 _1055_/Q
 _1056_/Q
 _1057_/Q
 _1058_/Q
 _1059_/Q
 _1060_/Q
 _1061_/Q
 _1062_/Q
 _1063_/Q
 _1064_/Q
 _1065_/Q
 _1066_/Q
 _1067_/Q
 _1068_/Q
 _1069_/Q
 _1070_/Q
 _1071_/Q
 _1072_/Q
 _1073_/Q
 _1074_/Q
 _1075_/Q
 _1076_/Q
 _1077_/Q
 _1078_/Q
 _1079_/Q
 _1080_/Q
 _1081_/Q
 _1082_/Q
 _1083_/Q
 _1084_/Q
 _1085_/Q
 _1086_/Q
 _1087_/Q
 _1088_/Q
 _1089_/Q
 _1090_/Q
 _1091_/Q
 _1092_/Q
 _1093_/Q
 _1094_/Q
 _1095_/Q
 _1096_/Q
 _1097_/Q
 _1098_/Q
 _1099_/Q
 _1100_/Q
 _1101_/Q
 _1102_/Q
 _1103_/Q
 _1104_/Q
 _1105_/Q
 _1106_/Q
 _1107_/Q
 _1108_/Q
 _1109_/X
 _1110_/X
Found 0 partially unannotated drivers.

===========================================================================
max slew violation count 90
max fanout violation count 66
max cap violation count 0
============================================================================

===========================================================================
check_setup -verbose -unconstrained_endpoints -multiple_clock -no_clock -no_input_delay -loops -generated_clocks
===========================================================================
Warning: There are 295 unclocked register/latch pins.
  _0803_/GATE_N
  _0804_/GATE_N
  _0805_/GATE_N
  _0806_/GATE_N
  _0807_/GATE_N
  _0808_/GATE_N
  _0809_/GATE_N
  _0810_/GATE_N
  _0811_/GATE_N
  _0812_/GATE_N
  _0813_/GATE_N
  _0814_/GATE_N
  _0815_/GATE_N
  _0816_/GATE_N
  _0817_/GATE_N
  _0818_/GATE_N
  _0819_/GATE_N
  _0820_/GATE_N
  _0821_/GATE_N
  _0822_/GATE_N
  _0823_/GATE_N
  _0824_/GATE_N
  _0825_/GATE_N
  _0826_/GATE_N
  _0827_/GATE_N
  _0828_/GATE_N
  _0829_/GATE_N
  _0830_/GATE_N
  _0831_/GATE_N
  _0832_/GATE_N
  _0833_/GATE_N
  _0834_/GATE_N
  _0835_/GATE_N
  _0836_/GATE_N
  _0837_/GATE_N
  _0838_/GATE_N
  _0839_/GATE_N
  _0840_/GATE_N
  _0841_/GATE_N
  _0842_/GATE_N
  _0843_/GATE_N
  _0844_/GATE_N
  _0845_/GATE_N
  _0846_/GATE_N
  _0847_/GATE_N
  _0848_/GATE_N
  _0849_/GATE_N
  _0850_/GATE_N
  _0851_/GATE_N
  _0852_/GATE_N
  _0853_/GATE_N
  _0854_/GATE_N
  _0855_/GATE_N
  _0856_/GATE_N
  _0857_/GATE_N
  _0858_/GATE_N
  _0859_/GATE_N
  _0860_/GATE_N
  _0861_/GATE_N
  _0862_/GATE_N
  _0863_/GATE_N
  _0864_/GATE_N
  _0865_/GATE_N
  _0866_/GATE_N
  _0867_/GATE_N
  _0868_/GATE_N
  _0869_/GATE_N
  _0870_/GATE_N
  _0871_/GATE_N
  _0872_/GATE_N
  _0873_/GATE_N
  _0874_/GATE_N
  _0875_/GATE_N
  _0876_/GATE_N
  _0877_/GATE_N
  _0878_/GATE_N
  _0879_/GATE_N
  _0880_/GATE_N
  _0881_/GATE_N
  _0882_/GATE_N
  _0883_/GATE_N
  _0884_/GATE_N
  _0885_/GATE_N
  _0886_/GATE_N
  _0887_/GATE_N
  _0888_/GATE_N
  _0889_/GATE_N
  _0890_/GATE_N
  _0891_/GATE_N
  _0892_/GATE_N
  _0893_/GATE_N
  _0894_/GATE_N
  _0895_/GATE_N
  _0896_/GATE_N
  _0897_/GATE_N
  _0898_/GATE_N
  _0899_/GATE_N
  _0900_/GATE_N
  _0901_/GATE_N
  _0902_/GATE_N
  _0903_/GATE_N
  _0904_/GATE_N
  _0905_/GATE_N
  _0906_/GATE_N
  _0907_/GATE_N
  _0908_/GATE_N
  _0909_/GATE_N
  _0910_/GATE_N
  _0911_/GATE_N
  _0912_/GATE_N
  _0913_/GATE_N
  _0914_/GATE_N
  _0915_/GATE_N
  _0916_/GATE_N
  _0917_/GATE_N
  _0918_/GATE_N
  _0919_/GATE_N
  _0920_/GATE_N
  _0921_/GATE_N
  _0922_/GATE_N
  _0923_/GATE_N
  _0924_/GATE_N
  _0925_/GATE_N
  _0926_/GATE_N
  _0927_/GATE_N
  _0928_/GATE_N
  _0929_/GATE_N
  _0930_/GATE_N
  _0931_/GATE_N
  _0932_/GATE_N
  _0933_/GATE_N
  _0934_/GATE_N
  _0935_/GATE_N
  _0936_/GATE_N
  _0937_/GATE_N
  _0938_/GATE_N
  _0939_/GATE_N
  _0940_/GATE_N
  _0941_/GATE_N
  _0942_/GATE_N
  _0943_/GATE_N
  _0944_/GATE_N
  _0945_/GATE_N
  _0946_/GATE_N
  _0947_/GATE_N
  _0948_/GATE_N
  _0949_/GATE_N
  _0950_/GATE_N
  _0951_/GATE_N
  _0952_/GATE_N
  _0953_/GATE_N
  _0954_/GATE_N
  _0955_/GATE_N
  _0956_/GATE_N
  _0957_/GATE_N
  _0958_/GATE_N
  _0959_/GATE_N
  _0960_/GATE_N
  _0961_/GATE_N
  _0962_/GATE_N
  _0963_/GATE_N
  _0964_/GATE_N
  _0965_/GATE_N
  _0966_/GATE_N
  _0967_/GATE_N
  _0968_/GATE_N
  _0969_/GATE_N
  _0970_/GATE_N
  _0971_/GATE_N
  _0972_/GATE_N
  _0973_/GATE_N
  _0974_/GATE_N
  _0975_/GATE_N
  _0976_/GATE_N
  _0977_/GATE_N
  _0978_/GATE_N
  _0979_/GATE_N
  _0980_/GATE_N
  _0981_/GATE_N
  _0982_/GATE_N
  _0983_/GATE_N
  _0984_/GATE_N
  _0985_/GATE_N
  _0986_/GATE_N
  _0987_/GATE_N
  _0988_/GATE_N
  _0989_/GATE_N
  _0990_/GATE_N
  _0991_/GATE_N
  _0992_/GATE_N
  _0993_/GATE_N
  _0994_/GATE_N
  _0995_/GATE_N
  _0996_/GATE_N
  _0997_/GATE_N
  _0998_/GATE_N
  _0999_/GATE_N
  _1000_/GATE_N
  _1001_/GATE_N
  _1002_/GATE_N
  _1003_/GATE_N
  _1004_/GATE_N
  _1005_/GATE_N
  _1006_/GATE_N
  _1007_/GATE_N
  _1008_/GATE_N
  _1009_/GATE_N
  _1010_/GATE_N
  _1011_/GATE_N
  _1012_/GATE_N
  _1013_/GATE_N
  _1014_/GATE_N
  _1015_/GATE_N
  _1016_/GATE_N
  _1017_/GATE_N
  _1018_/GATE_N
  _1019_/GATE_N
  _1020_/GATE_N
  _1021_/GATE_N
  _1022_/GATE_N
  _1023_/GATE_N
  _1024_/GATE_N
  _1025_/GATE_N
  _1026_/GATE_N
  _1027_/GATE_N
  _1028_/GATE_N
  _1029_/GATE_N
  _1030_/GATE_N
  _1031_/GATE_N
  _1032_/GATE_N
  _1033_/GATE_N
  _1034_/GATE_N
  _1035_/GATE_N
  _1036_/GATE_N
  _1037_/GATE_N
  _1038_/GATE_N
  _1039_/GATE_N
  _1040_/GATE_N
  _1041_/GATE_N
  _1042_/GATE_N
  _1043_/GATE_N
  _1044_/GATE_N
  _1045_/GATE_N
  _1046_/GATE_N
  _1047_/GATE_N
  _1048_/GATE_N
  _1049_/GATE_N
  _1050_/GATE_N
  _1051_/GATE_N
  _1052_/GATE_N
  _1053_/GATE_N
  _1054_/GATE_N
  _1055_/GATE_N
  _1056_/GATE_N
  _1057_/GATE_N
  _1058_/GATE_N
  _1059_/GATE_N
  _1060_/GATE_N
  _1061_/GATE_N
  _1062_/GATE_N
  _1063_/GATE_N
  _1064_/GATE_N
  _1065_/GATE_N
  _1066_/GATE_N
  _1067_/GATE_N
  _1068_/GATE_N
  _1069_/GATE_N
  _1070_/GATE_N
  _1071_/GATE_N
  _1072_/GATE_N
  _1073_/GATE_N
  _1074_/GATE_N
  _1075_/GATE_N
  _1076_/GATE_N
  _1077_/GATE_N
  _1078_/GATE_N
  _1079_/GATE_N
  _1080_/GATE_N
  _1081_/GATE_N
  _1082_/GATE_N
  _1083_/GATE_N
  _1084_/GATE_N
  _1085_/GATE_N
  _1086_/GATE_N
  _1087_/GATE_N
  _1088_/GATE_N
  _1089_/GATE_N
  _1090_/GATE_N
  _1091_/GATE_N
  _1092_/GATE_N
  _1093_/GATE_N
  _1094_/GATE_N
  _1095_/GATE_N
  _1096_/GATE_N
  _1097_/GATE_N
Warning: There are 327 unconstrained endpoints.
  PWDATA[0]
  PWDATA[10]
  PWDATA[11]
  PWDATA[12]
  PWDATA[13]
  PWDATA[14]
  PWDATA[15]
  PWDATA[1]
  PWDATA[2]
  PWDATA[3]
  PWDATA[4]
  PWDATA[5]
  PWDATA[6]
  PWDATA[7]
  PWDATA[8]
  PWDATA[9]
  rdata[0]
  rdata[10]
  rdata[11]
  rdata[12]
  rdata[13]
  rdata[14]
  rdata[15]
  rdata[1]
  rdata[2]
  rdata[3]
  rdata[4]
  rdata[5]
  rdata[6]
  rdata[7]
  rdata[8]
  rdata[9]
  _0803_/D
  _0804_/D
  _0805_/D
  _0806_/D
  _0807_/D
  _0808_/D
  _0809_/D
  _0810_/D
  _0811_/D
  _0812_/D
  _0813_/D
  _0814_/D
  _0815_/D
  _0816_/D
  _0817_/D
  _0818_/D
  _0819_/D
  _0820_/D
  _0821_/D
  _0822_/D
  _0823_/D
  _0824_/D
  _0825_/D
  _0826_/D
  _0827_/D
  _0828_/D
  _0829_/D
  _0830_/D
  _0831_/D
  _0832_/D
  _0833_/D
  _0834_/D
  _0835_/D
  _0836_/D
  _0837_/D
  _0838_/D
  _0839_/D
  _0840_/D
  _0841_/D
  _0842_/D
  _0843_/D
  _0844_/D
  _0845_/D
  _0846_/D
  _0847_/D
  _0848_/D
  _0849_/D
  _0850_/D
  _0851_/D
  _0852_/D
  _0853_/D
  _0854_/D
  _0855_/D
  _0856_/D
  _0857_/D
  _0858_/D
  _0859_/D
  _0860_/D
  _0861_/D
  _0862_/D
  _0863_/D
  _0864_/D
  _0865_/D
  _0866_/D
  _0867_/D
  _0868_/D
  _0869_/D
  _0870_/D
  _0871_/D
  _0872_/D
  _0873_/D
  _0874_/D
  _0875_/D
  _0876_/D
  _0877_/D
  _0878_/D
  _0879_/D
  _0880_/D
  _0881_/D
  _0882_/D
  _0883_/D
  _0884_/D
  _0885_/D
  _0886_/D
  _0887_/D
  _0888_/D
  _0889_/D
  _0890_/D
  _0891_/D
  _0892_/D
  _0893_/D
  _0894_/D
  _0895_/D
  _0896_/D
  _0897_/D
  _0898_/D
  _0899_/D
  _0900_/D
  _0901_/D
  _0902_/D
  _0903_/D
  _0904_/D
  _0905_/D
  _0906_/D
  _0907_/D
  _0908_/D
  _0909_/D
  _0910_/D
  _0911_/D
  _0912_/D
  _0913_/D
  _0914_/D
  _0915_/D
  _0916_/D
  _0917_/D
  _0918_/D
  _0919_/D
  _0920_/D
  _0921_/D
  _0922_/D
  _0923_/D
  _0924_/D
  _0925_/D
  _0926_/D
  _0927_/D
  _0928_/D
  _0929_/D
  _0930_/D
  _0931_/D
  _0932_/D
  _0933_/D
  _0934_/D
  _0935_/D
  _0936_/D
  _0937_/D
  _0938_/D
  _0939_/D
  _0940_/D
  _0941_/D
  _0942_/D
  _0943_/D
  _0944_/D
  _0945_/D
  _0946_/D
  _0947_/D
  _0948_/D
  _0949_/D
  _0950_/D
  _0951_/D
  _0952_/D
  _0953_/D
  _0954_/D
  _0955_/D
  _0956_/D
  _0957_/D
  _0958_/D
  _0959_/D
  _0960_/D
  _0961_/D
  _0962_/D
  _0963_/D
  _0964_/D
  _0965_/D
  _0966_/D
  _0967_/D
  _0968_/D
  _0969_/D
  _0970_/D
  _0971_/D
  _0972_/D
  _0973_/D
  _0974_/D
  _0975_/D
  _0976_/D
  _0977_/D
  _0978_/D
  _0979_/D
  _0980_/D
  _0981_/D
  _0982_/D
  _0983_/D
  _0984_/D
  _0985_/D
  _0986_/D
  _0987_/D
  _0988_/D
  _0989_/D
  _0990_/D
  _0991_/D
  _0992_/D
  _0993_/D
  _0994_/D
  _0995_/D
  _0996_/D
  _0997_/D
  _0998_/D
  _0999_/D
  _1000_/D
  _1001_/D
  _1002_/D
  _1003_/D
  _1004_/D
  _1005_/D
  _1006_/D
  _1007_/D
  _1008_/D
  _1009_/D
  _1010_/D
  _1011_/D
  _1012_/D
  _1013_/D
  _1014_/D
  _1015_/D
  _1016_/D
  _1017_/D
  _1018_/D
  _1019_/D
  _1020_/D
  _1021_/D
  _1022_/D
  _1023_/D
  _1024_/D
  _1025_/D
  _1026_/D
  _1027_/D
  _1028_/D
  _1029_/D
  _1030_/D
  _1031_/D
  _1032_/D
  _1033_/D
  _1034_/D
  _1035_/D
  _1036_/D
  _1037_/D
  _1038_/D
  _1039_/D
  _1040_/D
  _1041_/D
  _1042_/D
  _1043_/D
  _1044_/D
  _1045_/D
  _1046_/D
  _1047_/D
  _1048_/D
  _1049_/D
  _1050_/D
  _1051_/D
  _1052_/D
  _1053_/D
  _1054_/D
  _1055_/D
  _1056_/D
  _1057_/D
  _1058_/D
  _1059_/D
  _1060_/D
  _1061_/D
  _1062_/D
  _1063_/D
  _1064_/D
  _1065_/D
  _1066_/D
  _1067_/D
  _1068_/D
  _1069_/D
  _1070_/D
  _1071_/D
  _1072_/D
  _1073_/D
  _1074_/D
  _1075_/D
  _1076_/D
  _1077_/D
  _1078_/D
  _1079_/D
  _1080_/D
  _1081_/D
  _1082_/D
  _1083_/D
  _1084_/D
  _1085_/D
  _1086_/D
  _1087_/D
  _1088_/D
  _1089_/D
  _1090_/D
  _1091_/D
  _1092_/D
  _1093_/D
  _1094_/D
  _1095_/D
  _1096_/D
  _1097_/D
