Clock: clk
Sources: clk 
Generated: no
Virtual: no
Propagated: no
Period: 5.000000

===========================================================================
report_clock_properties
============================================================================
Clock                   Period          Waveform
----------------------------------------------------
clk                   5.000000    0.000000  2.500000

===========================================================================
report_clock_latency
============================================================================
Clock clk
rise -> rise
    min     max
0.000000 0.000000 source latency
0.169615         network latency _0795_/CLK
        4.241816 network latency _0841_/GATE_N
---------------
0.169615 4.241816 latency
        4.072200 skew

rise -> fall
    min     max
0.000000 0.000000 source latency
1.509179         network latency _0835_/GATE_N
        4.919512 network latency _0841_/GATE_N
---------------
1.509179 4.919512 latency
        3.410334 skew

fall -> fall
    min     max
0.000000 0.000000 source latency
0.094457         network latency _0795_/CLK
        0.094457 network latency _0795_/CLK
---------------
0.094457 0.094457 latency
        0.000000 skew



===========================================================================
report_clock_min_period
============================================================================
clk period_min = 7.09 fmax = 140.97
