
===========================================================================
Violator List
============================================================================
[setup reg-reg] _0796_/Q -> _1105_/D : -2.093591
[setup reg-reg] _0796_/Q -> _1106_/D : -2.031301
[setup reg-reg] _0796_/Q -> _1107_/D : -2.031303
[setup reg-reg] _0796_/Q -> _1108_/D : -2.031303
[setup reg-reg] _0796_/Q -> _1103_/D : -1.013367
[setup reg-reg] _0796_/Q -> _1099_/D : -1.001615
[setup reg-reg] _0796_/Q -> _1101_/D : -1.001615
[setup reg-reg] _0796_/Q -> _1102_/D : -0.924362
[setup reg-out] _0796_/Q -> PSEL1 : -0.916629
[setup reg-reg] _0796_/Q -> _1098_/D : -0.857734
[setup reg-reg] _0796_/Q -> _1104_/D : -0.742196
[setup reg-reg] _0796_/Q -> _1100_/D : -0.700881
[setup reg-reg] _0796_/Q -> _0802_/D : -0.692118
[setup reg-out] _0796_/Q -> PSEL3 : -0.681526
[setup reg-out] _0796_/Q -> PSEL4 : -0.672929
[setup reg-out] _0796_/Q -> PSEL2 : -0.666304
[setup reg-out] _0796_/Q -> PWRITE : -0.560558
[setup reg-reg] _0796_/Q -> _0799_/D : -0.548373
[setup reg-reg] _0796_/Q -> _0800_/D : -0.548249
[setup reg-reg] _0796_/Q -> _0801_/D : -0.548249
[setup reg-out] _0796_/Q -> rlast : -0.437150
[setup reg-out] _0796_/Q -> rvalid : -0.346842
[setup reg-reg] _0799_/Q -> _0796_/D : -0.069508
[setup reg-out] _0795_/Q -> PENABLE : -0.057523
