Clock: clk
Sources: clk 
Generated: no
Virtual: yes
Propagated: no
Period: 5.000000

===========================================================================
report_clock_properties
============================================================================
Clock                   Period          Waveform
----------------------------------------------------
clk                   5.000000    0.000000  2.500000

===========================================================================
report_clock_latency
============================================================================
Clock clk
rise -> rise
    min     max
0.000000 0.000000 source latency
0.346830         network latency _285_/CLK
        0.357031 network latency _297_/CLK
---------------
0.346830 0.357031 latency
        0.010201 skew

fall -> fall
    min     max
0.000000 0.000000 source latency
0.333060         network latency _285_/CLK
        0.341618 network latency _297_/CLK
---------------
0.333060 0.341618 latency
        0.008558 skew



===========================================================================
report_clock_min_period
============================================================================
clk period_min = 2.70 fmax = 371.01
