
===========================================================================
 report_power
============================================================================
======================= max_tt_025C_1v80 Corner ===================================

Group                    Internal    Switching      Leakage        Total
                            Power        Power        Power        Power (Watts)
------------------------------------------------------------------------
Sequential           4.226094e-04 1.003927e-04 4.689120e-10 5.230025e-04  31.0%
Combinational        4.164622e-04 4.333705e-04 8.827371e-10 8.498337e-04  50.3%
Clock                1.891083e-04 1.265000e-04 8.640842e-10 3.156092e-04  18.7%
Macro                0.000000e+00 0.000000e+00 0.000000e+00 0.000000e+00   0.0%
Pad                  0.000000e+00 0.000000e+00 0.000000e+00 0.000000e+00   0.0%
------------------------------------------------------------------------
Total                1.028180e-03 6.602632e-04 2.215736e-09 1.688445e-03 100.0%
                            60.9%        39.1%         0.0%

