
===========================================================================
 report_power
============================================================================
======================= nom_tt_025C_1v80 Corner ===================================

Group                    Internal    Switching      Leakage        Total
                            Power        Power        Power        Power (Watts)
------------------------------------------------------------------------
Sequential           1.430836e-03 2.881409e-04 2.620929e-09 1.718979e-03  34.2%
Combinational        1.480797e-03 1.665905e-03 2.420416e-09 3.146704e-03  62.6%
Clock                1.130428e-04 4.947811e-05 3.526137e-10 1.625212e-04   3.2%
Macro                0.000000e+00 0.000000e+00 0.000000e+00 0.000000e+00   0.0%
Pad                  0.000000e+00 0.000000e+00 0.000000e+00 0.000000e+00   0.0%
------------------------------------------------------------------------
Total                3.024678e-03 2.003524e-03 5.393945e-09 5.028207e-03 100.0%
                            60.2%        39.8%         0.0%
Writing metric power__internal__total: 0.0030246779788285494
Writing metric power__switching__total: 0.0020035235211253166
Writing metric power__leakage__total: 5.393944846332488e-9
Writing metric power__total: 0.00502820685505867

