146. Printing statistics.

=== bridge ===

   Number of wires:               1960
   Number of wire bits:           2419
   Number of public wires:          64
   Number of public wire bits:     472
   Number of ports:                 34
   Number of port bits:            112
   Number of memories:               0
   Number of memory bits:            0
   Number of processes:              0
   Number of cells:               1403
     $_ANDNOT_                     422
     $_AND_                         74
     $_MUX_                         91
     $_NAND_                        40
     $_NOR_                         42
     $_NOT_                         29
     $_ORNOT_                       18
     $_OR_                         350
     $_XNOR_                         4
     $_XOR_                         16
     sky130_fd_sc_hd__dfrtp_2       19
     sky130_fd_sc_hd__dlxtn_1      298

   Area for cell type $_NOT_ is unknown!
   Area for cell type $_AND_ is unknown!
   Area for cell type $_NAND_ is unknown!
   Area for cell type $_OR_ is unknown!
   Area for cell type $_NOR_ is unknown!
   Area for cell type $_XOR_ is unknown!
   Area for cell type $_XNOR_ is unknown!
   Area for cell type $_ANDNOT_ is unknown!
   Area for cell type $_ORNOT_ is unknown!
   Area for cell type $_MUX_ is unknown!

   Chip area for module '\bridge': 4973.520000
     of which used for sequential elements: 499.228800 (10.04%)

