Clock: clk
Sources: clk 
Generated: no
Virtual: yes
Propagated: no
Period: 5.000000

===========================================================================
report_clock_properties
============================================================================
Clock                   Period          Waveform
----------------------------------------------------
clk                   5.000000    0.000000  2.500000

===========================================================================
report_clock_latency
============================================================================
Clock clk
rise -> rise
    min     max
0.000000 0.000000 source latency
0.342237         network latency _285_/CLK
        0.350069 network latency _297_/CLK
---------------
0.342237 0.350069 latency
        0.007832 skew

fall -> fall
    min     max
0.000000 0.000000 source latency
0.329699         network latency _285_/CLK
        0.335987 network latency _297_/CLK
---------------
0.329699 0.335987 latency
        0.006288 skew



===========================================================================
report_clock_min_period
============================================================================
clk period_min = 2.67 fmax = 374.24
