
===========================================================================
 report_power
============================================================================
======================= nom_tt_025C_1v80 Corner ===================================

Group                    Internal    Switching      Leakage        Total
                            Power        Power        Power        Power (Watts)
------------------------------------------------------------------------
Sequential           4.226707e-04 9.762026e-05 4.689120e-10 5.202914e-04  31.1%
Combinational        4.161999e-04 4.227439e-04 8.827371e-10 8.389447e-04  50.2%
Clock                1.889859e-04 1.225229e-04 8.640842e-10 3.115096e-04  18.6%
Macro                0.000000e+00 0.000000e+00 0.000000e+00 0.000000e+00   0.0%
Pad                  0.000000e+00 0.000000e+00 0.000000e+00 0.000000e+00   0.0%
------------------------------------------------------------------------
Total                1.027856e-03 6.428870e-04 2.215736e-09 1.670746e-03 100.0%
                            61.5%        38.5%         0.0%

