
===========================================================================
 report_power
============================================================================
======================= nom_ss_100C_1v60 Corner ===================================

Group                    Internal    Switching      Leakage        Total
                            Power        Power        Power        Power (Watts)
------------------------------------------------------------------------
Sequential           1.146494e-03 2.268927e-04 4.171044e-06 1.377557e-03  32.2%
Combinational        1.215689e-03 1.552469e-03 3.393915e-06 2.771552e-03  64.7%
Clock                9.207079e-05 4.081018e-05 6.487248e-08 1.329458e-04   3.1%
Macro                0.000000e+00 0.000000e+00 0.000000e+00 0.000000e+00   0.0%
Pad                  0.000000e+00 0.000000e+00 0.000000e+00 0.000000e+00   0.0%
------------------------------------------------------------------------
Total                2.454254e-03 1.820173e-03 7.629848e-06 4.282056e-03 100.0%
                            57.3%        42.5%         0.2%

