
===========================================================================
Violator List
============================================================================
[setup reg-reg] _0796_/Q -> _1105_/D : -0.481883
[setup reg-out] _0795_/Q -> PENABLE : -0.470777
[setup reg-reg] _0796_/Q -> _1108_/D : -0.462951
[setup reg-reg] _0796_/Q -> _1107_/D : -0.453799
[setup reg-reg] _0796_/Q -> _1106_/D : -0.437429
[setup reg-out] _0796_/Q -> PSEL1 : -0.428750
[setup reg-out] _0796_/Q -> PSEL3 : -0.420959
[setup reg-out] _0796_/Q -> PSEL4 : -0.382999
[setup reg-out] _0796_/Q -> PSEL2 : -0.375039
[setup reg-out] _0796_/Q -> PWRITE : -0.303139
[setup reg-reg] _0796_/Q -> _1103_/D : -0.214734
[setup reg-reg] _0796_/Q -> _1101_/D : -0.200375
[setup reg-reg] _0796_/Q -> _0796_/D : -0.168605
[setup reg-reg] _0796_/Q -> _1099_/D : -0.168168
[setup reg-reg] _0796_/Q -> _1102_/D : -0.143308
[setup reg-reg] _0796_/Q -> _1098_/D : -0.132419
[setup reg-reg] _0796_/Q -> _0797_/D : -0.123685
[setup reg-out] _0796_/Q -> awready : -0.095926
[setup reg-out] _0796_/Q -> rlast : -0.046119
[setup reg-reg] _0796_/Q -> _0802_/D : -0.032472
[setup reg-reg] _0796_/Q -> _1100_/D : -0.005494
[setup reg-reg] _0796_/Q -> _1104_/D : -0.003412
