Clock: clk
Sources: clk 
Generated: no
Virtual: yes
Propagated: no
Period: 20.000000

===========================================================================
report_clock_properties
============================================================================
Clock                   Period          Waveform
----------------------------------------------------
clk                  20.000000    0.000000 10.000000

===========================================================================
report_clock_latency
============================================================================
Clock clk
rise -> rise
    min     max
0.000000 0.000000 source latency
0.317183         network latency _0795_/CLK
        5.042449 network latency _0931_/GATE_N
---------------
0.317183 5.042449 latency
        4.725266 skew

rise -> fall
    min     max
0.000000 0.000000 source latency
1.136290         network latency _0823_/GATE_N
        5.138644 network latency _0842_/GATE_N
---------------
1.136290 5.138644 latency
        4.002355 skew

fall -> fall
    min     max
0.000000 0.000000 source latency
0.309075         network latency _0795_/CLK
        0.312278 network latency _0797_/CLK
---------------
0.309075 0.312278 latency
        0.003203 skew



===========================================================================
report_clock_min_period
============================================================================
clk period_min = 3.22 fmax = 310.08
