
===========================================================================
 report_power
============================================================================
======================= min_tt_025C_1v80 Corner ===================================

Group                    Internal    Switching      Leakage        Total
                            Power        Power        Power        Power (Watts)
------------------------------------------------------------------------
Sequential           3.572965e-04 6.957615e-05 2.620929e-09 4.268753e-04  33.9%
Combinational        3.349213e-04 4.547199e-04 2.346487e-09 7.896435e-04  62.8%
Clock                2.827238e-05 1.265027e-05 1.574128e-09 4.092423e-05   3.3%
Macro                0.000000e+00 0.000000e+00 0.000000e+00 0.000000e+00   0.0%
Pad                  0.000000e+00 0.000000e+00 0.000000e+00 0.000000e+00   0.0%
------------------------------------------------------------------------
Total                7.204901e-04 5.369461e-04 6.541528e-09 1.257443e-03 100.0%
                            57.3%        42.7%         0.0%

