Clock: clk
Sources: clk 
Generated: no
Virtual: yes
Propagated: no
Period: 5.000000

===========================================================================
report_clock_properties
============================================================================
Clock                   Period          Waveform
----------------------------------------------------
clk                   5.000000    0.000000  2.500000

===========================================================================
report_clock_latency
============================================================================
Clock clk
rise -> rise
    min     max
0.000000 0.000000 source latency
0.330923         network latency _285_/CLK
        0.335713 network latency _283_/CLK
---------------
0.330923 0.335713 latency
        0.004789 skew

fall -> fall
    min     max
0.000000 0.000000 source latency
0.322573         network latency _285_/CLK
        0.326322 network latency _283_/CLK
---------------
0.322573 0.326322 latency
        0.003749 skew



===========================================================================
report_clock_min_period
============================================================================
clk period_min = 2.62 fmax = 382.07
