┏━━━━━━━━━━━━━━━━━━━━━━┳━━━━━━━━━━┳━━━━━━━━━━┳━━━━━━━━━━┳━━━━━━━━━━┳━━━━━━━━━━━┳━━━━━━━━━━┳━━━━━━━━━━━┳━━━━━━━━━━┳━━━━━━━━━━━┳━━━━━━━━━━┳━━━━━━━━━━━┳━━━━━━━━━━┓
┃                      ┃ Hold     ┃ Reg to   ┃          ┃          ┃ of which  ┃ Setup    ┃           ┃          ┃           ┃ of which ┃           ┃          ┃
┃                      ┃ Worst    ┃ Reg      ┃          ┃ Hold Vio ┃ reg to    ┃ Worst    ┃ Reg to    ┃ Setup    ┃ Setup Vio ┃ reg to   ┃ Max Cap   ┃ Max Slew ┃
┃ Corner/Group         ┃ Slack    ┃ Paths    ┃ Hold TNS ┃ Count    ┃ reg       ┃ Slack    ┃ Reg Paths ┃ TNS      ┃ Count     ┃ reg      ┃ Violatio… ┃ Violati… ┃
┡━━━━━━━━━━━━━━━━━━━━━━╇━━━━━━━━━━╇━━━━━━━━━━╇━━━━━━━━━━╇━━━━━━━━━━╇━━━━━━━━━━━╇━━━━━━━━━━╇━━━━━━━━━━━╇━━━━━━━━━━╇━━━━━━━━━━━╇━━━━━━━━━━╇━━━━━━━━━━━╇━━━━━━━━━━┩
│ Overall              │ 0.1075   │ 0.1075   │ 0.0000   │ 0        │ 0         │ -0.1555  │ -0.1555   │ -0.7074  │ 23        │ 22       │ 0         │ 9        │
│ nom_tt_025C_1v80     │ 0.3188   │ 0.3187   │ 0.0000   │ 0        │ 0         │ 1.7969   │ 2.3279    │ 0.0000   │ 0         │ 0        │ 0         │ 0        │
│ nom_ss_100C_1v60     │ 0.3547   │ 0.8709   │ 0.0000   │ 0        │ 0         │ -0.1099  │ -0.1099   │ -0.4180  │ 8         │ 8        │ 0         │ 9        │
│ nom_ff_n40C_1v95     │ 0.1098   │ 0.1098   │ 0.0000   │ 0        │ 0         │ 2.4650   │ 3.2516    │ 0.0000   │ 0         │ 0        │ 0         │ 0        │
│ min_tt_025C_1v80     │ 0.3143   │ 0.3143   │ 0.0000   │ 0        │ 0         │ 1.8176   │ 2.3518    │ 0.0000   │ 0         │ 0        │ 0         │ 0        │
│ min_ss_100C_1v60     │ 0.3635   │ 0.8631   │ 0.0000   │ 0        │ 0         │ -0.0641  │ -0.0641   │ -0.1729  │ 6         │ 6        │ 0         │ 9        │
│ min_ff_n40C_1v95     │ 0.1075   │ 0.1075   │ 0.0000   │ 0        │ 0         │ 2.4887   │ 3.2673    │ 0.0000   │ 0         │ 0        │ 0         │ 0        │
│ max_tt_025C_1v80     │ 0.3222   │ 0.3222   │ 0.0000   │ 0        │ 0         │ 1.7744   │ 2.3047    │ 0.0000   │ 0         │ 0        │ 0         │ 0        │
│ max_ss_100C_1v60     │ 0.3461   │ 0.8769   │ 0.0000   │ 0        │ 0         │ -0.1555  │ -0.1555   │ -0.7074  │ 9         │ 8        │ 0         │ 9        │
│ max_ff_n40C_1v95     │ 0.1127   │ 0.1127   │ 0.0000   │ 0        │ 0         │ 2.4428   │ 3.2369    │ 0.0000   │ 0         │ 0        │ 0         │ 0        │
└──────────────────────┴──────────┴──────────┴──────────┴──────────┴───────────┴──────────┴───────────┴──────────┴───────────┴──────────┴───────────┴──────────┘
