Clock: clk
Sources: clk 
Generated: no
Virtual: yes
Propagated: no
Period: 5.000000

===========================================================================
report_clock_properties
============================================================================
Clock                   Period          Waveform
----------------------------------------------------
clk                   5.000000    0.000000  2.500000

===========================================================================
report_clock_latency
============================================================================
Clock clk
rise -> rise
    min     max
0.000000 0.000000 source latency
0.339477         network latency _1106_/CLK
        2.498346 network latency _0856_/GATE_N
---------------
0.339477 2.498346 latency
        2.158869 skew

rise -> fall
    min     max
0.000000 0.000000 source latency
1.203217         network latency _0841_/GATE_N
        2.910102 network latency _0856_/GATE_N
---------------
1.203217 2.910102 latency
        1.706885 skew

fall -> fall
    min     max
0.000000 0.000000 source latency
0.322701         network latency _1106_/CLK
        0.326774 network latency _1102_/CLK
---------------
0.322701 0.326774 latency
        0.004073 skew



===========================================================================
report_clock_min_period
============================================================================
clk period_min = 2.93 fmax = 341.43
