
===========================================================================
 report_power
============================================================================
======================= max_tt_025C_1v80 Corner ===================================

Group                    Internal    Switching      Leakage        Total
                            Power        Power        Power        Power (Watts)
------------------------------------------------------------------------
Sequential           1.430163e-03 2.977169e-04 2.620929e-09 1.727883e-03  31.7%
Combinational        1.484012e-03 2.076300e-03 2.420421e-09 3.560314e-03  65.3%
Clock                1.132026e-04 5.480984e-05 1.444514e-09 1.680139e-04   3.1%
Macro                0.000000e+00 0.000000e+00 0.000000e+00 0.000000e+00   0.0%
Pad                  0.000000e+00 0.000000e+00 0.000000e+00 0.000000e+00   0.0%
------------------------------------------------------------------------
Total                3.027376e-03 2.428828e-03 6.485847e-09 5.456211e-03 100.0%
                            55.5%        44.5%         0.0%

