Clock: clk
Sources: clk 
Generated: no
Virtual: yes
Propagated: no
Period: 5.000000

===========================================================================
report_clock_properties
============================================================================
Clock                   Period          Waveform
----------------------------------------------------
clk                   5.000000    0.000000  2.500000

===========================================================================
report_clock_latency
============================================================================
Clock clk
rise -> rise
    min     max
0.000000 0.000000 source latency
0.340596         network latency _298_/CLK
        0.341460 network latency _288_/CLK
---------------
0.340596 0.341460 latency
        0.000864 skew

fall -> fall
    min     max
0.000000 0.000000 source latency
0.166447         network latency _298_/CLK
        0.167261 network latency _288_/CLK
---------------
0.166447 0.167261 latency
        0.000814 skew



===========================================================================
report_clock_min_period
============================================================================
clk period_min = 3.15 fmax = 317.20
