Clock: clk
Sources: clk 
Generated: no
Virtual: yes
Propagated: no
Period: 5.000000

===========================================================================
report_clock_properties
============================================================================
Clock                   Period          Waveform
----------------------------------------------------
clk                   5.000000    0.000000  2.500000

===========================================================================
report_clock_latency
============================================================================
Clock clk
rise -> rise
    min     max
0.000000 0.000000 source latency
0.593806         network latency _285_/CLK
        0.606077 network latency _297_/CLK
---------------
0.593806 0.606077 latency
        0.012271 skew

fall -> fall
    min     max
0.000000 0.000000 source latency
0.587987         network latency _285_/CLK
        0.598383 network latency _297_/CLK
---------------
0.587987 0.598383 latency
        0.010396 skew



===========================================================================
report_clock_min_period
============================================================================
clk period_min = 5.11 fmax = 195.70
