
===========================================================================
 report_power
============================================================================
======================= nom_ss_100C_1v60 Corner ===================================

Group                    Internal    Switching      Leakage        Total
                            Power        Power        Power        Power (Watts)
------------------------------------------------------------------------
Sequential           3.274878e-04 7.603786e-05 7.575857e-07 4.042833e-04  30.5%
Combinational        3.410089e-04 3.294232e-04 9.906006e-07 6.714227e-04  50.7%
Clock                1.551015e-04 9.458253e-05 1.073413e-07 2.497914e-04  18.8%
Macro                0.000000e+00 0.000000e+00 0.000000e+00 0.000000e+00   0.0%
Pad                  0.000000e+00 0.000000e+00 0.000000e+00 0.000000e+00   0.0%
------------------------------------------------------------------------
Total                8.235982e-04 5.000436e-04 1.855529e-06 1.325497e-03 100.0%
                            62.1%        37.7%         0.1%

