
17. Executing PROC_DLATCH pass (convert process syncs to latches).
No latch inferred for signal `\bridge.\next_state' from process `\bridge.$proc$src/bridge.v:110$9'.
No latch inferred for signal `\bridge.\lenS_next' from process `\bridge.$proc$src/bridge.v:110$9'.
No latch inferred for signal `\bridge.\lenM_next' from process `\bridge.$proc$src/bridge.v:110$9'.
No latch inferred for signal `\bridge.\DADDR_next' from process `\bridge.$proc$src/bridge.v:110$9'.
No latch inferred for signal `\bridge.\i_next' from process `\bridge.$proc$src/bridge.v:110$9'.
No latch inferred for signal `\bridge.$mem2reg_wr$\DDATA$src/bridge.v:211$1_ADDR' from process `\bridge.$proc$src/bridge.v:110$9'.
No latch inferred for signal `\bridge.$mem2reg_wr$\DDATA$src/bridge.v:211$1_DATA' from process `\bridge.$proc$src/bridge.v:110$9'.
No latch inferred for signal `\bridge.$mem2reg_rd$\DDATA$src/bridge.v:290$2_ADDR' from process `\bridge.$proc$src/bridge.v:110$9'.
No latch inferred for signal `\bridge.$mem2reg_rd$\DDATA$src/bridge.v:290$2_DATA' from process `\bridge.$proc$src/bridge.v:110$9'.
No latch inferred for signal `\bridge.$mem2reg_wr$\DDATA$src/bridge.v:338$3_ADDR' from process `\bridge.$proc$src/bridge.v:110$9'.
No latch inferred for signal `\bridge.$mem2reg_wr$\DDATA$src/bridge.v:338$3_DATA' from process `\bridge.$proc$src/bridge.v:110$9'.
No latch inferred for signal `\bridge.$mem2reg_rd$\DDATA$src/bridge.v:419$4_ADDR' from process `\bridge.$proc$src/bridge.v:110$9'.
No latch inferred for signal `\bridge.$mem2reg_rd$\DDATA$src/bridge.v:419$4_DATA' from process `\bridge.$proc$src/bridge.v:110$9'.
Latch inferred for signal `\bridge.\rdata' from process `\bridge.$proc$src/bridge.v:110$9': $auto$proc_dlatch.cc:433:proc_dlatch$2406
Latch inferred for signal `\bridge.\PWDATA' from process `\bridge.$proc$src/bridge.v:110$9': $auto$proc_dlatch.cc:433:proc_dlatch$2441
Latch inferred for signal `\bridge.\DWREQ' from process `\bridge.$proc$src/bridge.v:110$9': $auto$proc_dlatch.cc:433:proc_dlatch$2500
Latch inferred for signal `\bridge.\burst' from process `\bridge.$proc$src/bridge.v:110$9': $auto$proc_dlatch.cc:433:proc_dlatch$2535
Latch inferred for signal `\bridge.\addr' from process `\bridge.$proc$src/bridge.v:110$9': $auto$proc_dlatch.cc:433:proc_dlatch$2588
Latch inferred for signal `\bridge.\last' from process `\bridge.$proc$src/bridge.v:110$9': $auto$proc_dlatch.cc:433:proc_dlatch$2625
Latch inferred for signal `\bridge.\DDATA[0]' from process `\bridge.$proc$src/bridge.v:110$9': $auto$proc_dlatch.cc:433:proc_dlatch$2678
Latch inferred for signal `\bridge.\DDATA[1]' from process `\bridge.$proc$src/bridge.v:110$9': $auto$proc_dlatch.cc:433:proc_dlatch$2881
Latch inferred for signal `\bridge.\DDATA[2]' from process `\bridge.$proc$src/bridge.v:110$9': $auto$proc_dlatch.cc:433:proc_dlatch$3078
Latch inferred for signal `\bridge.\DDATA[3]' from process `\bridge.$proc$src/bridge.v:110$9': $auto$proc_dlatch.cc:433:proc_dlatch$3275
Latch inferred for signal `\bridge.\DDATA[4]' from process `\bridge.$proc$src/bridge.v:110$9': $auto$proc_dlatch.cc:433:proc_dlatch$3472
Latch inferred for signal `\bridge.\DDATA[5]' from process `\bridge.$proc$src/bridge.v:110$9': $auto$proc_dlatch.cc:433:proc_dlatch$3669
Latch inferred for signal `\bridge.\DDATA[6]' from process `\bridge.$proc$src/bridge.v:110$9': $auto$proc_dlatch.cc:433:proc_dlatch$3866
Latch inferred for signal `\bridge.\DDATA[7]' from process `\bridge.$proc$src/bridge.v:110$9': $auto$proc_dlatch.cc:433:proc_dlatch$4063
Latch inferred for signal `\bridge.\DDATA[8]' from process `\bridge.$proc$src/bridge.v:110$9': $auto$proc_dlatch.cc:433:proc_dlatch$4260
Latch inferred for signal `\bridge.\DDATA[9]' from process `\bridge.$proc$src/bridge.v:110$9': $auto$proc_dlatch.cc:433:proc_dlatch$4457
Latch inferred for signal `\bridge.\DDATA[10]' from process `\bridge.$proc$src/bridge.v:110$9': $auto$proc_dlatch.cc:433:proc_dlatch$4654
Latch inferred for signal `\bridge.\DDATA[11]' from process `\bridge.$proc$src/bridge.v:110$9': $auto$proc_dlatch.cc:433:proc_dlatch$4851
Latch inferred for signal `\bridge.\DDATA[12]' from process `\bridge.$proc$src/bridge.v:110$9': $auto$proc_dlatch.cc:433:proc_dlatch$5048
Latch inferred for signal `\bridge.\DDATA[13]' from process `\bridge.$proc$src/bridge.v:110$9': $auto$proc_dlatch.cc:433:proc_dlatch$5245
Latch inferred for signal `\bridge.\DDATA[14]' from process `\bridge.$proc$src/bridge.v:110$9': $auto$proc_dlatch.cc:433:proc_dlatch$5442
Latch inferred for signal `\bridge.\DDATA[15]' from process `\bridge.$proc$src/bridge.v:110$9': $auto$proc_dlatch.cc:433:proc_dlatch$5639
