
===========================================================================
 report_power
============================================================================
======================= nom_tt_025C_1v80 Corner ===================================

Group                    Internal    Switching      Leakage        Total
                            Power        Power        Power        Power (Watts)
------------------------------------------------------------------------
Sequential           1.427175e-03 2.442935e-04 2.620929e-09 1.671472e-03  34.8%
Combinational        1.474734e-03 1.498890e-03 2.420416e-09 2.973627e-03  61.9%
Clock                1.126861e-04 4.478189e-05 3.526137e-10 1.574683e-04   3.3%
Macro                0.000000e+00 0.000000e+00 0.000000e+00 0.000000e+00   0.0%
Pad                  0.000000e+00 0.000000e+00 0.000000e+00 0.000000e+00   0.0%
------------------------------------------------------------------------
Total                3.014596e-03 1.787966e-03 5.393945e-09 4.802567e-03 100.0%
                            62.8%        37.2%         0.0%
Writing metric power__internal__total: 0.003014595713466406
Writing metric power__switching__total: 0.0017879655351862311
Writing metric power__leakage__total: 5.393944846332488e-9
Writing metric power__total: 0.0048025669530034065

