Clock: clk
Sources: clk 
Generated: no
Virtual: yes
Propagated: no
Period: 5.000000

===========================================================================
report_clock_properties
============================================================================
Clock                   Period          Waveform
----------------------------------------------------
clk                   5.000000    0.000000  2.500000

===========================================================================
report_clock_latency
============================================================================
Clock clk
rise -> rise
    min     max
0.000000 0.000000 source latency
0.238094         network latency _285_/CLK
        0.244710 network latency _297_/CLK
---------------
0.238094 0.244710 latency
        0.006616 skew

fall -> fall
    min     max
0.000000 0.000000 source latency
0.225717         network latency _285_/CLK
        0.230999 network latency _297_/CLK
---------------
0.225717 0.230999 latency
        0.005282 skew



===========================================================================
report_clock_min_period
============================================================================
clk period_min = 1.76 fmax = 569.57
