
===========================================================================
report_checks -unconstrained
===========================================================================
======================= min_ff_n40C_1v95 Corner ===================================

Startpoint: res_n (input port clocked by clk)
Endpoint: _265_ (recovery check against rising-edge clock clk)
Path Group: asynchronous
Path Type: max

Fanout         Cap        Slew       Delay        Time   Description
---------------------------------------------------------------------------------------------
                                  0.000000    0.000000   clock clk (rise edge)
                                  0.000000    0.000000   clock network delay (propagated)
                                  1.000000    1.000000 ^ input external delay
     1    0.002377    0.012419    0.006112    1.006112 ^ res_n (in)
                                                         res_n (net)
                      0.012419    0.000000    1.006112 ^ hold4/A (sky130_fd_sc_hd__dlygate4sd3_1)
     1    0.002318    0.035776    0.363369    1.369481 ^ hold4/X (sky130_fd_sc_hd__dlygate4sd3_1)
                                                         net95 (net)
                      0.035776    0.000008    1.369490 ^ input23/A (sky130_fd_sc_hd__buf_1)
     3    0.013344    0.121031    0.114649    1.484138 ^ input23/X (sky130_fd_sc_hd__buf_1)
                                                         net23 (net)
                      0.121031    0.000056    1.484194 ^ fanout54/A (sky130_fd_sc_hd__clkbuf_2)
     5    0.027709    0.118945    0.149383    1.633577 ^ fanout54/X (sky130_fd_sc_hd__clkbuf_2)
                                                         net54 (net)
                      0.118945    0.000170    1.633747 ^ fanout52/A (sky130_fd_sc_hd__clkbuf_4)
    10    0.050790    0.119592    0.175336    1.809082 ^ fanout52/X (sky130_fd_sc_hd__clkbuf_4)
                                                         net52 (net)
                      0.119594    0.000665    1.809747 ^ _265_/RESET_B (sky130_fd_sc_hd__dfrtp_4)
                                              1.809747   data arrival time

                                  5.000000    5.000000   clock clk (rise edge)
                                  0.000000    5.000000   clock source latency
     1    0.013266    0.049562    0.032983    5.032983 ^ clk (in)
                                                         clk (net)
                      0.049562    0.000000    5.032983 ^ clkbuf_0_clk/A (sky130_fd_sc_hd__clkbuf_16)
     4    0.041693    0.046333    0.103232    5.136216 ^ clkbuf_0_clk/X (sky130_fd_sc_hd__clkbuf_16)
                                                         clknet_0_clk (net)
                      0.046349    0.000766    5.136981 ^ clkbuf_2_0__f_clk/A (sky130_fd_sc_hd__clkbuf_16)
    13    0.040989    0.045832    0.101619    5.238600 ^ clkbuf_2_0__f_clk/X (sky130_fd_sc_hd__clkbuf_16)
                                                         clknet_2_0__leaf_clk (net)
                      0.045919    0.001668    5.240269 ^ _265_/CLK (sky130_fd_sc_hd__dfrtp_4)
                                 -0.250000    4.990269   clock uncertainty
                                  0.000000    4.990269   clock reconvergence pessimism
                                  0.105543    5.095812   library recovery time
                                              5.095812   data required time
---------------------------------------------------------------------------------------------
                                              5.095812   data required time
                                             -1.809747   data arrival time
---------------------------------------------------------------------------------------------
                                              3.286066   slack (MET)


Startpoint: _302_ (rising edge-triggered flip-flop clocked by clk)
Endpoint: wready (output port clocked by clk)
Path Group: clk
Path Type: max

Fanout         Cap        Slew       Delay        Time   Description
---------------------------------------------------------------------------------------------
                                  0.000000    0.000000   clock clk (rise edge)
                                  0.000000    0.000000   clock source latency
     1    0.013266    0.049562    0.032983    0.032983 ^ clk (in)
                                                         clk (net)
                      0.049562    0.000000    0.032983 ^ clkbuf_0_clk/A (sky130_fd_sc_hd__clkbuf_16)
     4    0.041693    0.046333    0.103232    0.136215 ^ clkbuf_0_clk/X (sky130_fd_sc_hd__clkbuf_16)
                                                         clknet_0_clk (net)
                      0.046333    0.000279    0.136495 ^ clkbuf_2_3__f_clk/A (sky130_fd_sc_hd__clkbuf_16)
     8    0.034345    0.041266    0.098370    0.234865 ^ clkbuf_2_3__f_clk/X (sky130_fd_sc_hd__clkbuf_16)
                                                         clknet_2_3__leaf_clk (net)
                      0.041267    0.000336    0.235201 ^ _302_/CLK (sky130_fd_sc_hd__dfrtp_1)
     4    0.015926    0.111279    0.262237    0.497438 ^ _302_/Q (sky130_fd_sc_hd__dfrtp_1)
                                                         current_state[3] (net)
                      0.111279    0.000075    0.497513 ^ fanout48/A (sky130_fd_sc_hd__clkbuf_2)
    10    0.032000    0.136052    0.159051    0.656564 ^ fanout48/X (sky130_fd_sc_hd__clkbuf_2)
                                                         net48 (net)
                      0.136052    0.000069    0.656633 ^ _146_/D_N (sky130_fd_sc_hd__nor4b_2)
     5    0.017636    0.339909    0.296081    0.952714 ^ _146_/Y (sky130_fd_sc_hd__nor4b_2)
                                                         net39 (net)
                      0.339909    0.000314    0.953028 ^ wire45/A (sky130_fd_sc_hd__clkbuf_2)
     6    0.022734    0.101041    0.152809    1.105837 ^ wire45/X (sky130_fd_sc_hd__clkbuf_2)
                                                         net45 (net)
                      0.101041    0.000429    1.106267 ^ output39/A (sky130_fd_sc_hd__buf_2)
     1    0.034106    0.127506    0.154807    1.261073 ^ output39/X (sky130_fd_sc_hd__buf_2)
                                                         wready (net)
                      0.127506    0.000243    1.261316 ^ wready (out)
                                              1.261316   data arrival time

                                  5.000000    5.000000   clock clk (rise edge)
                                  0.000000    5.000000   clock network delay (propagated)
                                 -0.250000    4.750000   clock uncertainty
                                  0.000000    4.750000   clock reconvergence pessimism
                                 -1.000000    3.750000   output external delay
                                              3.750000   data required time
---------------------------------------------------------------------------------------------
                                              3.750000   data required time
                                             -1.261316   data arrival time
---------------------------------------------------------------------------------------------
                                              2.488684   slack (MET)




===========================================================================
report_checks --slack_max -0.01
============================================================================
======================= min_ff_n40C_1v95 Corner ===================================

No paths found.


===========================================================================
 report_check_types -max_slew -max_cap -max_fanout -violators
============================================================================
======================= min_ff_n40C_1v95 Corner ===================================

max fanout

Pin                                   Limit Fanout  Slack
---------------------------------------------------------
clkbuf_2_0__f_clk/X                      10     13     -3 (VIOLATED)
clkbuf_2_1__f_clk/X                      10     12     -2 (VIOLATED)



===========================================================================
report_parasitic_annotation -report_unannotated
============================================================================
Found 75 unannotated drivers.
 PRDATA[0]
 PRDATA[10]
 PRDATA[11]
 PRDATA[12]
 PRDATA[13]
 PRDATA[14]
 PRDATA[15]
 PRDATA[1]
 PRDATA[2]
 PRDATA[3]
 PRDATA[4]
 PRDATA[5]
 PRDATA[6]
 PRDATA[7]
 PRDATA[8]
 PRDATA[9]
 araddr[3]
 araddr[4]
 awaddr[3]
 awaddr[4]
 wdata[0]
 wdata[10]
 wdata[11]
 wdata[12]
 wdata[13]
 wdata[14]
 wdata[15]
 wdata[1]
 wdata[2]
 wdata[3]
 wdata[4]
 wdata[5]
 wdata[6]
 wdata[7]
 wdata[8]
 wdata[9]
 bridge_57/HI
 bridge_58/HI
 bridge_59/HI
 bridge_60/HI
 bridge_61/HI
 bridge_62/HI
 bridge_63/HI
 bridge_64/HI
 bridge_65/HI
 bridge_66/HI
 bridge_67/HI
 bridge_68/HI
 bridge_69/HI
 bridge_70/HI
 bridge_71/HI
 bridge_72/HI
 bridge_73/HI
 bridge_74/HI
 bridge_75/HI
 bridge_76/HI
 bridge_77/HI
 bridge_78/HI
 bridge_79/HI
 bridge_80/HI
 bridge_81/HI
 bridge_82/HI
 bridge_83/HI
 bridge_84/HI
 bridge_85/HI
 bridge_86/HI
 bridge_87/HI
 bridge_88/HI
 bridge_89/HI
 bridge_90/HI
 bridge_91/HI
 bridge_92/HI
 clkload0/X
 clkload1/Y
 clkload2/Y
Found 0 partially unannotated drivers.

===========================================================================
max slew violation count 0
max fanout violation count 2
max cap violation count 0
============================================================================

===========================================================================
check_setup -verbose -unconstrained_endpoints -multiple_clock -no_clock -no_input_delay -loops -generated_clocks
===========================================================================
Warning: There are 36 unconstrained endpoints.
  PSEL1
  PSEL2
  PSEL3
  PSEL4
  PWDATA[0]
  PWDATA[10]
  PWDATA[11]
  PWDATA[12]
  PWDATA[13]
  PWDATA[14]
  PWDATA[15]
  PWDATA[1]
  PWDATA[2]
  PWDATA[3]
  PWDATA[4]
  PWDATA[5]
  PWDATA[6]
  PWDATA[7]
  PWDATA[8]
  PWDATA[9]
  rdata[0]
  rdata[10]
  rdata[11]
  rdata[12]
  rdata[13]
  rdata[14]
  rdata[15]
  rdata[1]
  rdata[2]
  rdata[3]
  rdata[4]
  rdata[5]
  rdata[6]
  rdata[7]
  rdata[8]
  rdata[9]
