
===========================================================================
 report_power
============================================================================
======================= min_ff_n40C_1v95 Corner ===================================

Group                    Internal    Switching      Leakage        Total
                            Power        Power        Power        Power (Watts)
------------------------------------------------------------------------
Sequential           4.904051e-04 1.128884e-04 5.990731e-10 6.032941e-04  31.6%
Combinational        4.602156e-04 4.885641e-04 1.419283e-09 9.487810e-04  49.7%
Clock                2.159051e-04 1.421396e-04 1.288186e-09 3.580459e-04  18.7%
Macro                0.000000e+00 0.000000e+00 0.000000e+00 0.000000e+00   0.0%
Pad                  0.000000e+00 0.000000e+00 0.000000e+00 0.000000e+00   0.0%
------------------------------------------------------------------------
Total                1.166526e-03 7.435917e-04 3.306537e-09 1.910121e-03 100.0%
                            61.1%        38.9%         0.0%

