
17. Executing PROC_DLATCH pass (convert process syncs to latches).
No latch inferred for signal `\bridge.\rdata' from process `\bridge.$proc$src/bridge.v:172$7'.
No latch inferred for signal `\bridge.\PWDATA' from process `\bridge.$proc$src/bridge.v:172$7'.
No latch inferred for signal `\bridge.\next_state' from process `\bridge.$proc$src/bridge.v:172$7'.
No latch inferred for signal `\bridge.\DWREQ_next' from process `\bridge.$proc$src/bridge.v:172$7'.
No latch inferred for signal `\bridge.\burst_next' from process `\bridge.$proc$src/bridge.v:172$7'.
No latch inferred for signal `\bridge.\addr_next' from process `\bridge.$proc$src/bridge.v:172$7'.
No latch inferred for signal `\bridge.\last_next' from process `\bridge.$proc$src/bridge.v:172$7'.
No latch inferred for signal `\bridge.\lenS_next' from process `\bridge.$proc$src/bridge.v:172$7'.
No latch inferred for signal `\bridge.\lenM_next' from process `\bridge.$proc$src/bridge.v:172$7'.
No latch inferred for signal `\bridge.\DADDR_next' from process `\bridge.$proc$src/bridge.v:172$7'.
No latch inferred for signal `\bridge.\i_next' from process `\bridge.$proc$src/bridge.v:172$7'.
