133. Printing statistics.

=== bridge ===

   Number of wires:                224
   Number of wire bits:            361
   Number of public wires:          56
   Number of public wire bits:     193
   Number of ports:                 34
   Number of port bits:            112
   Number of memories:               0
   Number of memory bits:            0
   Number of processes:              0
   Number of cells:                237
     $_ANDNOT_                      58
     $_AND_                         19
     $_DFFE_PN0N_                    4
     $_DFFE_PN0P_                   15
     $_DFF_PN0_                     21
     $_MUX_                         17
     $_NAND_                         4
     $_NOR_                         19
     $_NOT_                          5
     $_ORNOT_                       13
     $_OR_                          48
     $_XNOR_                         8
     $_XOR_                          6

   Area for cell type $_NOT_ is unknown!
   Area for cell type $_AND_ is unknown!
   Area for cell type $_NAND_ is unknown!
   Area for cell type $_OR_ is unknown!
   Area for cell type $_NOR_ is unknown!
   Area for cell type $_XOR_ is unknown!
   Area for cell type $_XNOR_ is unknown!
   Area for cell type $_ANDNOT_ is unknown!
   Area for cell type $_ORNOT_ is unknown!
   Area for cell type $_MUX_ is unknown!
   Area for cell type $_DFF_PN0_ is unknown!
   Area for cell type $_DFFE_PN0N_ is unknown!
   Area for cell type $_DFFE_PN0P_ is unknown!

