154. Printing statistics.

=== bridge ===

   Number of wires:                706
   Number of wire bits:            784
   Number of public wires:         316
   Number of public wire bits:     394
   Number of ports:                 34
   Number of port bits:            112
   Number of memories:               0
   Number of memory bits:            0
   Number of processes:              0
   Number of cells:                721
     sky130_fd_sc_hd__a211o_2       16
     sky130_fd_sc_hd__a211oi_2       1
     sky130_fd_sc_hd__a21bo_2        4
     sky130_fd_sc_hd__a21o_2         3
     sky130_fd_sc_hd__a21oi_2        6
     sky130_fd_sc_hd__a221o_2       52
     sky130_fd_sc_hd__a22o_2        73
     sky130_fd_sc_hd__a2bb2o_2       2
     sky130_fd_sc_hd__a31o_2         3
     sky130_fd_sc_hd__a32o_2         1
     sky130_fd_sc_hd__and2_2         8
     sky130_fd_sc_hd__and2b_2        3
     sky130_fd_sc_hd__and3_2         6
     sky130_fd_sc_hd__and3b_2        5
     sky130_fd_sc_hd__and4_2         1
     sky130_fd_sc_hd__and4b_2        6
     sky130_fd_sc_hd__and4bb_2       7
     sky130_fd_sc_hd__buf_2          2
     sky130_fd_sc_hd__dfrtp_2       19
     sky130_fd_sc_hd__dlxtn_1      295
     sky130_fd_sc_hd__inv_2         10
     sky130_fd_sc_hd__mux2_1        28
     sky130_fd_sc_hd__nand2_2       32
     sky130_fd_sc_hd__nand2b_2       2
     sky130_fd_sc_hd__nand3b_2       1
     sky130_fd_sc_hd__nand4b_2       1
     sky130_fd_sc_hd__nor2_2        40
     sky130_fd_sc_hd__nor3_2         1
     sky130_fd_sc_hd__nor4_2         2
     sky130_fd_sc_hd__nor4b_2        4
     sky130_fd_sc_hd__o211a_2        1
     sky130_fd_sc_hd__o21a_2         2
     sky130_fd_sc_hd__o21ai_2        6
     sky130_fd_sc_hd__o221a_2        1
     sky130_fd_sc_hd__o22a_2         2
     sky130_fd_sc_hd__o22ai_2       17
     sky130_fd_sc_hd__o2bb2a_2       3
     sky130_fd_sc_hd__o311a_2        2
     sky130_fd_sc_hd__o31a_2         2
     sky130_fd_sc_hd__o31ai_2        1
     sky130_fd_sc_hd__o32a_2         2
     sky130_fd_sc_hd__o41a_2         1
     sky130_fd_sc_hd__or2_2          7
     sky130_fd_sc_hd__or3_2         20
     sky130_fd_sc_hd__or3b_2         3
     sky130_fd_sc_hd__or4_2          6
     sky130_fd_sc_hd__or4b_2         4
     sky130_fd_sc_hd__or4bb_2        1
     sky130_fd_sc_hd__xnor2_2        5
     sky130_fd_sc_hd__xor2_2         1

   Chip area for module '\bridge': 8765.907200
     of which used for sequential elements: 499.228800 (5.70%)

