Clock: clk
Sources: clk 
Generated: no
Virtual: no
Propagated: no
Period: 5.000000

===========================================================================
report_clock_properties
============================================================================
Clock                   Period          Waveform
----------------------------------------------------
clk                   5.000000    0.000000  2.500000

===========================================================================
report_clock_latency
============================================================================
Clock clk
rise -> rise
    min     max
0.000000 0.000000 source latency
0.113939         network latency _0795_/CLK
        2.035277 network latency _0841_/GATE_N
---------------
0.113939 2.035277 latency
        1.921338 skew

rise -> fall
    min     max
0.000000 0.000000 source latency
0.806523         network latency _0819_/GATE_N
        2.290400 network latency _0858_/GATE_N
---------------
0.806523 2.290400 latency
        1.483877 skew

fall -> fall
    min     max
0.000000 0.000000 source latency
0.052234         network latency _0795_/CLK
        0.052234 network latency _0795_/CLK
---------------
0.052234 0.052234 latency
        0.000000 skew



===========================================================================
report_clock_min_period
============================================================================
clk period_min = 3.41 fmax = 293.48
