
===========================================================================
 report_power
============================================================================
======================= min_tt_025C_1v80 Corner ===================================

Group                    Internal    Switching      Leakage        Total
                            Power        Power        Power        Power (Watts)
------------------------------------------------------------------------
Sequential           1.429328e-03 2.795476e-04 2.620929e-09 1.708878e-03  32.6%
Combinational        1.481724e-03 1.894960e-03 2.420421e-09 3.376687e-03  64.3%
Clock                1.130650e-04 5.108025e-05 1.444514e-09 1.641467e-04   3.1%
Macro                0.000000e+00 0.000000e+00 0.000000e+00 0.000000e+00   0.0%
Pad                  0.000000e+00 0.000000e+00 0.000000e+00 0.000000e+00   0.0%
------------------------------------------------------------------------
Total                3.024116e-03 2.225588e-03 6.485847e-09 5.249711e-03 100.0%
                            57.6%        42.4%         0.0%

