
===========================================================================
report_checks -unconstrained
===========================================================================
======================= nom_tt_025C_1v80 Corner ===================================

Startpoint: res_n (input port clocked by clk)
Endpoint: _265_ (recovery check against rising-edge clock clk)
Path Group: asynchronous
Path Type: max

Fanout         Cap        Slew       Delay        Time   Description
---------------------------------------------------------------------------------------------
                                  0.000000    0.000000   clock clk (rise edge)
                                  0.000000    0.000000   clock network delay (propagated)
                                  1.000000    1.000000 ^ input external delay
     1    0.002206    0.017770    0.008216    1.008216 ^ res_n (in)
                                                         res_n (net)
                      0.017770    0.000000    1.008216 ^ hold4/A (sky130_fd_sc_hd__dlygate4sd3_1)
     1    0.002241    0.050126    0.520588    1.528804 ^ hold4/X (sky130_fd_sc_hd__dlygate4sd3_1)
                                                         net95 (net)
                      0.050126    0.000000    1.528804 ^ input23/A (sky130_fd_sc_hd__buf_1)
     3    0.010221    0.130210    0.141628    1.670432 ^ input23/X (sky130_fd_sc_hd__buf_1)
                                                         net23 (net)
                      0.130210    0.000009    1.670441 ^ fanout54/A (sky130_fd_sc_hd__clkbuf_2)
     5    0.022642    0.128531    0.195301    1.865742 ^ fanout54/X (sky130_fd_sc_hd__clkbuf_2)
                                                         net54 (net)
                      0.128531    0.000028    1.865770 ^ fanout52/A (sky130_fd_sc_hd__clkbuf_4)
    10    0.044861    0.142106    0.237887    2.103658 ^ fanout52/X (sky130_fd_sc_hd__clkbuf_4)
                                                         net52 (net)
                      0.142106    0.000153    2.103811 ^ _265_/RESET_B (sky130_fd_sc_hd__dfrtp_4)
                                              2.103811   data arrival time

                                  5.000000    5.000000   clock clk (rise edge)
                                  0.000000    5.000000   clock source latency
     1    0.011467    0.057956    0.038764    5.038764 ^ clk (in)
                                                         clk (net)
                      0.057957    0.000000    5.038764 ^ clkbuf_0_clk/A (sky130_fd_sc_hd__clkbuf_16)
     4    0.037315    0.057438    0.144765    5.183528 ^ clkbuf_0_clk/X (sky130_fd_sc_hd__clkbuf_16)
                                                         clknet_0_clk (net)
                      0.057438    0.000171    5.183700 ^ clkbuf_2_0__f_clk/A (sky130_fd_sc_hd__clkbuf_16)
    13    0.034127    0.054652    0.142187    5.325887 ^ clkbuf_2_0__f_clk/X (sky130_fd_sc_hd__clkbuf_16)
                                                         clknet_2_0__leaf_clk (net)
                      0.054652    0.000070    5.325957 ^ _265_/CLK (sky130_fd_sc_hd__dfrtp_4)
                                 -0.250000    5.075957   clock uncertainty
                                  0.000000    5.075957   clock reconvergence pessimism
                                  0.188788    5.264744   library recovery time
                                              5.264744   data required time
---------------------------------------------------------------------------------------------
                                              5.264744   data required time
                                             -2.103811   data arrival time
---------------------------------------------------------------------------------------------
                                              3.160933   slack (MET)


Startpoint: _300_ (rising edge-triggered flip-flop clocked by clk)
Endpoint: arready (output port clocked by clk)
Path Group: clk
Path Type: max

Fanout         Cap        Slew       Delay        Time   Description
---------------------------------------------------------------------------------------------
                                  0.000000    0.000000   clock clk (rise edge)
                                  0.000000    0.000000   clock source latency
     1    0.011467    0.057956    0.038764    0.038764 ^ clk (in)
                                                         clk (net)
                      0.057957    0.000000    0.038764 ^ clkbuf_0_clk/A (sky130_fd_sc_hd__clkbuf_16)
     4    0.037315    0.057438    0.144764    0.183528 ^ clkbuf_0_clk/X (sky130_fd_sc_hd__clkbuf_16)
                                                         clknet_0_clk (net)
                      0.057438    0.000073    0.183601 ^ clkbuf_2_3__f_clk/A (sky130_fd_sc_hd__clkbuf_16)
     8    0.029378    0.050558    0.138663    0.322263 ^ clkbuf_2_3__f_clk/X (sky130_fd_sc_hd__clkbuf_16)
                                                         clknet_2_3__leaf_clk (net)
                      0.050558    0.000052    0.322315 ^ _300_/CLK (sky130_fd_sc_hd__dfrtp_1)
     3    0.009781    0.069379    0.392978    0.715293 v _300_/Q (sky130_fd_sc_hd__dfrtp_1)
                                                         current_state[1] (net)
                      0.069379    0.000001    0.715294 v fanout50/A (sky130_fd_sc_hd__buf_2)
    10    0.028173    0.076205    0.180062    0.895356 v fanout50/X (sky130_fd_sc_hd__buf_2)
                                                         net50 (net)
                      0.076205    0.000035    0.895391 v _147_/B (sky130_fd_sc_hd__or4b_4)
     4    0.015382    0.104384    0.557638    1.453029 v _147_/X (sky130_fd_sc_hd__or4b_4)
                                                         _124_ (net)
                      0.104384    0.000135    1.453164 v _148_/A (sky130_fd_sc_hd__inv_2)
     8    0.033745    0.157063    0.164479    1.617643 ^ _148_/Y (sky130_fd_sc_hd__inv_2)
                                                         net32 (net)
                      0.157063    0.000232    1.617874 ^ output32/A (sky130_fd_sc_hd__buf_2)
     1    0.034296    0.170674    0.236411    1.854285 ^ output32/X (sky130_fd_sc_hd__buf_2)
                                                         arready (net)
                      0.170674    0.000191    1.854476 ^ arready (out)
                                              1.854476   data arrival time

                                  5.000000    5.000000   clock clk (rise edge)
                                  0.000000    5.000000   clock network delay (propagated)
                                 -0.250000    4.750000   clock uncertainty
                                  0.000000    4.750000   clock reconvergence pessimism
                                 -1.000000    3.750000   output external delay
                                              3.750000   data required time
---------------------------------------------------------------------------------------------
                                              3.750000   data required time
                                             -1.854476   data arrival time
---------------------------------------------------------------------------------------------
                                              1.895524   slack (MET)




===========================================================================
report_checks --slack_max -0.01
============================================================================
======================= nom_tt_025C_1v80 Corner ===================================

No paths found.


===========================================================================
 report_check_types -max_slew -max_cap -max_fanout -violators
============================================================================
======================= nom_tt_025C_1v80 Corner ===================================

max fanout

Pin                                   Limit Fanout  Slack
---------------------------------------------------------
clkbuf_2_0__f_clk/X                      10     13     -3 (VIOLATED)
clkbuf_2_1__f_clk/X                      10     12     -2 (VIOLATED)



===========================================================================
report_parasitic_annotation -report_unannotated
============================================================================
Found 75 unannotated drivers.
 PRDATA[0]
 PRDATA[10]
 PRDATA[11]
 PRDATA[12]
 PRDATA[13]
 PRDATA[14]
 PRDATA[15]
 PRDATA[1]
 PRDATA[2]
 PRDATA[3]
 PRDATA[4]
 PRDATA[5]
 PRDATA[6]
 PRDATA[7]
 PRDATA[8]
 PRDATA[9]
 araddr[3]
 araddr[4]
 awaddr[3]
 awaddr[4]
 wdata[0]
 wdata[10]
 wdata[11]
 wdata[12]
 wdata[13]
 wdata[14]
 wdata[15]
 wdata[1]
 wdata[2]
 wdata[3]
 wdata[4]
 wdata[5]
 wdata[6]
 wdata[7]
 wdata[8]
 wdata[9]
 bridge_57/HI
 bridge_58/HI
 bridge_59/HI
 bridge_60/HI
 bridge_61/HI
 bridge_62/HI
 bridge_63/HI
 bridge_64/HI
 bridge_65/HI
 bridge_66/HI
 bridge_67/HI
 bridge_68/HI
 bridge_69/HI
 bridge_70/HI
 bridge_71/HI
 bridge_72/HI
 bridge_73/HI
 bridge_74/HI
 bridge_75/HI
 bridge_76/HI
 bridge_77/HI
 bridge_78/HI
 bridge_79/HI
 bridge_80/HI
 bridge_81/HI
 bridge_82/HI
 bridge_83/HI
 bridge_84/HI
 bridge_85/HI
 bridge_86/HI
 bridge_87/HI
 bridge_88/HI
 bridge_89/HI
 bridge_90/HI
 bridge_91/HI
 bridge_92/HI
 clkload0/X
 clkload1/Y
 clkload2/Y
Found 0 partially unannotated drivers.

===========================================================================
max slew violation count 0
Writing metric design__max_slew_violation__count__corner:nom_tt_025C_1v80: 0
max fanout violation count 2
Writing metric design__max_fanout_violation__count__corner:nom_tt_025C_1v80: 2
max cap violation count 0
Writing metric design__max_cap_violation__count__corner:nom_tt_025C_1v80: 0
============================================================================

===========================================================================
check_setup -verbose -unconstrained_endpoints -multiple_clock -no_clock -no_input_delay -loops -generated_clocks
===========================================================================
Warning: There are 36 unconstrained endpoints.
  PSEL1
  PSEL2
  PSEL3
  PSEL4
  PWDATA[0]
  PWDATA[10]
  PWDATA[11]
  PWDATA[12]
  PWDATA[13]
  PWDATA[14]
  PWDATA[15]
  PWDATA[1]
  PWDATA[2]
  PWDATA[3]
  PWDATA[4]
  PWDATA[5]
  PWDATA[6]
  PWDATA[7]
  PWDATA[8]
  PWDATA[9]
  rdata[0]
  rdata[10]
  rdata[11]
  rdata[12]
  rdata[13]
  rdata[14]
  rdata[15]
  rdata[1]
  rdata[2]
  rdata[3]
  rdata[4]
  rdata[5]
  rdata[6]
  rdata[7]
  rdata[8]
  rdata[9]
