Clock: clk
Sources: clk 
Generated: no
Virtual: yes
Propagated: no
Period: 5.000000

===========================================================================
report_clock_properties
============================================================================
Clock                   Period          Waveform
----------------------------------------------------
clk                   5.000000    0.000000  2.500000

===========================================================================
report_clock_latency
============================================================================
Clock clk
rise -> rise
    min     max
0.000000 0.000000 source latency
0.322315         network latency _300_/CLK
        0.326093 network latency _279_/CLK
---------------
0.322315 0.326093 latency
        0.003777 skew

fall -> fall
    min     max
0.000000 0.000000 source latency
0.316365         network latency _300_/CLK
        0.319671 network latency _279_/CLK
---------------
0.316365 0.319671 latency
        0.003306 skew



===========================================================================
report_clock_min_period
============================================================================
clk period_min = 2.56 fmax = 391.27
