Clock: clk
Sources: clk 
Generated: no
Virtual: yes
Propagated: no
Period: 5.000000

===========================================================================
report_clock_properties
============================================================================
Clock                   Period          Waveform
----------------------------------------------------
clk                   5.000000    0.000000  2.500000

===========================================================================
report_clock_latency
============================================================================
Clock clk
rise -> rise
    min     max
0.000000 0.000000 source latency
0.600826         network latency _285_/CLK
        0.615666 network latency _297_/CLK
---------------
0.600826 0.615666 latency
        0.014840 skew

fall -> fall
    min     max
0.000000 0.000000 source latency
0.593448         network latency _285_/CLK
        0.605950 network latency _297_/CLK
---------------
0.593448 0.605950 latency
        0.012502 skew



===========================================================================
report_clock_min_period
============================================================================
clk period_min = 5.16 fmax = 193.97
