┏━━━━━━━━━━━━━━━━━━━━━━┳━━━━━━━━━━┳━━━━━━━━━━┳━━━━━━━━━━┳━━━━━━━━━━┳━━━━━━━━━━━┳━━━━━━━━━━┳━━━━━━━━━━━┳━━━━━━━━━━┳━━━━━━━━━━━┳━━━━━━━━━━┳━━━━━━━━━━━┳━━━━━━━━━━┓
┃                      ┃ Hold     ┃ Reg to   ┃          ┃          ┃ of which  ┃ Setup    ┃           ┃          ┃           ┃ of which ┃           ┃          ┃
┃                      ┃ Worst    ┃ Reg      ┃          ┃ Hold Vio ┃ reg to    ┃ Worst    ┃ Reg to    ┃ Setup    ┃ Setup Vio ┃ reg to   ┃ Max Cap   ┃ Max Slew ┃
┃ Corner/Group         ┃ Slack    ┃ Paths    ┃ Hold TNS ┃ Count    ┃ reg       ┃ Slack    ┃ Reg Paths ┃ TNS      ┃ Count     ┃ reg      ┃ Violatio… ┃ Violati… ┃
┡━━━━━━━━━━━━━━━━━━━━━━╇━━━━━━━━━━╇━━━━━━━━━━╇━━━━━━━━━━╇━━━━━━━━━━╇━━━━━━━━━━━╇━━━━━━━━━━╇━━━━━━━━━━━╇━━━━━━━━━━╇━━━━━━━━━━━╇━━━━━━━━━━╇━━━━━━━━━━━╇━━━━━━━━━━┩
│ Overall              │ 0.1195   │ 0.1195   │ 0.0000   │ 0        │ 0         │ -0.5381  │ -0.5282   │ -6.5167  │ 64        │ 40       │ 0         │ 10       │
│ nom_tt_025C_1v80     │ 0.3313   │ 0.3313   │ 0.0000   │ 0        │ 0         │ 1.5479   │ 2.1069    │ 0.0000   │ 0         │ 0        │ 0         │ 0        │
│ nom_ss_100C_1v60     │ 0.1723   │ 0.8929   │ 0.0000   │ 0        │ 0         │ -0.4819  │ -0.4819   │ -5.5524  │ 22        │ 14       │ 0         │ 10       │
│ nom_ff_n40C_1v95     │ 0.1229   │ 0.1229   │ 0.0000   │ 0        │ 0         │ 2.3226   │ 3.0756    │ 0.0000   │ 0         │ 0        │ 0         │ 0        │
│ min_tt_025C_1v80     │ 0.3266   │ 0.3266   │ 0.0000   │ 0        │ 0         │ 1.5770   │ 2.1367    │ 0.0000   │ 0         │ 0        │ 0         │ 0        │
│ min_ss_100C_1v60     │ 0.1662   │ 0.8836   │ 0.0000   │ 0        │ 0         │ -0.4324  │ -0.4324   │ -4.6753  │ 20        │ 12       │ 0         │ 7        │
│ min_ff_n40C_1v95     │ 0.1195   │ 0.1195   │ 0.0000   │ 0        │ 0         │ 2.3430   │ 3.0964    │ 0.0000   │ 0         │ 0        │ 0         │ 0        │
│ max_tt_025C_1v80     │ 0.3370   │ 0.3370   │ 0.0000   │ 0        │ 0         │ 1.5135   │ 2.0711    │ 0.0000   │ 0         │ 0        │ 0         │ 0        │
│ max_ss_100C_1v60     │ 0.1757   │ 0.9049   │ 0.0000   │ 0        │ 0         │ -0.5381  │ -0.5282   │ -6.5167  │ 22        │ 14       │ 0         │ 10       │
│ max_ff_n40C_1v95     │ 0.1271   │ 0.1271   │ 0.0000   │ 0        │ 0         │ 2.2977   │ 3.0541    │ 0.0000   │ 0         │ 0        │ 0         │ 0        │
└──────────────────────┴──────────┴──────────┴──────────┴──────────┴───────────┴──────────┴───────────┴──────────┴───────────┴──────────┴───────────┴──────────┘
