Clock: clk
Sources: clk 
Generated: no
Virtual: yes
Propagated: no
Period: 20.000000

===========================================================================
report_clock_properties
============================================================================
Clock                   Period          Waveform
----------------------------------------------------
clk                  20.000000    0.000000 10.000000

===========================================================================
report_clock_latency
============================================================================
Clock clk
rise -> rise
    min     max
0.000000 0.000000 source latency
0.549011         network latency _0795_/CLK
        5.954639 network latency _0931_/GATE_N
---------------
0.549011 5.954639 latency
        5.405629 skew

rise -> fall
    min     max
0.000000 0.000000 source latency
2.112726         network latency _0823_/GATE_N
        6.200830 network latency _0842_/GATE_N
---------------
2.112726 6.200830 latency
        4.088104 skew

fall -> fall
    min     max
0.000000 0.000000 source latency
0.552021         network latency _0795_/CLK
        0.557479 network latency _0797_/CLK
---------------
0.552021 0.557479 latency
        0.005458 skew



===========================================================================
report_clock_min_period
============================================================================
clk period_min = 6.53 fmax = 153.24
