Clock: clk
Sources: clk 
Generated: no
Virtual: no
Propagated: no
Period: 5.000000

===========================================================================
report_clock_properties
============================================================================
Clock                   Period          Waveform
----------------------------------------------------
clk                   5.000000    0.000000  2.500000

===========================================================================
report_clock_latency
============================================================================
Clock clk
rise -> rise
    min     max
0.000000 0.000000 source latency
0.234503         network latency _263_/CLK
        0.234503 network latency _263_/CLK
---------------
0.234503 0.234503 latency
        0.000000 skew

fall -> fall
    min     max
0.000000 0.000000 source latency
0.110612         network latency _263_/CLK
        0.110612 network latency _263_/CLK
---------------
0.110612 0.110612 latency
        0.000000 skew



===========================================================================
report_clock_min_period
============================================================================
clk period_min = 2.97 fmax = 336.23
