
===========================================================================
 report_power
============================================================================
======================= nom_tt_025C_1v80 Corner ===================================

Group                    Internal    Switching      Leakage        Total
                            Power        Power        Power        Power (Watts)
------------------------------------------------------------------------
Sequential           4.228413e-04 8.184101e-05 4.689120e-10 5.046827e-04  33.3%
Combinational        3.598855e-04 3.567368e-04 8.509320e-10 7.166232e-04  47.3%
Clock                1.884576e-04 1.055913e-04 2.646754e-10 2.940492e-04  19.4%
Macro                0.000000e+00 0.000000e+00 0.000000e+00 0.000000e+00   0.0%
Pad                  0.000000e+00 0.000000e+00 0.000000e+00 0.000000e+00   0.0%
------------------------------------------------------------------------
Total                9.711844e-04 5.441692e-04 1.584526e-09 1.515355e-03 100.0%
                            64.1%        35.9%         0.0%
Writing metric power__internal__total: 0.0009711844031699002
Writing metric power__switching__total: 0.0005441692192107439
Writing metric power__leakage__total: 1.584526065911973e-9
Writing metric power__total: 0.0015153551939874887

