
===========================================================================
report_checks -unconstrained
===========================================================================
======================= max_ss_100C_1v60 Corner ===================================

Startpoint: res_n (input port clocked by clk)
Endpoint: _0795_ (recovery check against rising-edge clock clk)
Path Group: asynchronous
Path Type: max

Fanout         Cap        Slew       Delay        Time   Description
---------------------------------------------------------------------------------------------
                                  0.000000    0.000000   clock clk (rise edge)
                                  0.000000    0.000000   clock network delay (propagated)
                                  1.000000    1.000000 ^ input external delay
     1    0.003408    0.036300    0.019046    1.019046 ^ res_n (in)
                                                         res_n (net)
                      0.036300    0.000000    1.019046 ^ input43/A (sky130_fd_sc_hd__buf_1)
     2    0.012744    0.250852    0.264281    1.283327 ^ input43/X (sky130_fd_sc_hd__buf_1)
                                                         net43 (net)
                      0.250854    0.000632    1.283959 ^ fanout248/A (sky130_fd_sc_hd__clkbuf_4)
    10    0.047698    0.237904    0.452467    1.736426 ^ fanout248/X (sky130_fd_sc_hd__clkbuf_4)
                                                         net248 (net)
                      0.238110    0.006308    1.742734 ^ _0795_/RESET_B (sky130_fd_sc_hd__dfrtp_1)
                                              1.742734   data arrival time

                                  5.000000    5.000000   clock clk (rise edge)
                                  0.000000    5.000000   clock source latency
     1    0.019073    0.143556    0.098063    5.098063 ^ clk (in)
                                                         clk (net)
                      0.143582    0.000000    5.098063 ^ clkbuf_0_clk/A (sky130_fd_sc_hd__clkbuf_16)
     2    0.018815    0.065968    0.253288    5.351352 ^ clkbuf_0_clk/X (sky130_fd_sc_hd__clkbuf_16)
                                                         clknet_0_clk (net)
                      0.065968    0.001337    5.352688 ^ clkbuf_1_0__f_clk/A (sky130_fd_sc_hd__clkbuf_16)
    10    0.028603    0.078578    0.231349    5.584037 ^ clkbuf_1_0__f_clk/X (sky130_fd_sc_hd__clkbuf_16)
                                                         clknet_1_0__leaf_clk (net)
                      0.078657    0.002148    5.586185 ^ _0795_/CLK (sky130_fd_sc_hd__dfrtp_1)
                                 -0.250000    5.336185   clock uncertainty
                                  0.000000    5.336185   clock reconvergence pessimism
                                  0.403226    5.739411   library recovery time
                                              5.739411   data required time
---------------------------------------------------------------------------------------------
                                              5.739411   data required time
                                             -1.742734   data arrival time
---------------------------------------------------------------------------------------------
                                              3.996677   slack (MET)


Startpoint: _0795_ (rising edge-triggered flip-flop clocked by clk)
Endpoint: PENABLE (output port clocked by clk)
Path Group: clk
Path Type: max

Fanout         Cap        Slew       Delay        Time   Description
---------------------------------------------------------------------------------------------
                                  0.000000    0.000000   clock clk (rise edge)
                                  0.000000    0.000000   clock source latency
     1    0.019073    0.143556    0.098063    0.098063 ^ clk (in)
                                                         clk (net)
                      0.143582    0.000000    0.098063 ^ clkbuf_0_clk/A (sky130_fd_sc_hd__clkbuf_16)
     2    0.018815    0.065968    0.253288    0.351352 ^ clkbuf_0_clk/X (sky130_fd_sc_hd__clkbuf_16)
                                                         clknet_0_clk (net)
                      0.065968    0.001337    0.352688 ^ clkbuf_1_0__f_clk/A (sky130_fd_sc_hd__clkbuf_16)
    10    0.028603    0.078578    0.231349    0.584037 ^ clkbuf_1_0__f_clk/X (sky130_fd_sc_hd__clkbuf_16)
                                                         clknet_1_0__leaf_clk (net)
                      0.078657    0.002148    0.586185 ^ _0795_/CLK (sky130_fd_sc_hd__dfrtp_1)
     2    0.010689    0.144781    0.812956    1.399141 v _0795_/Q (sky130_fd_sc_hd__dfrtp_1)
                                                         current_state[0] (net)
                      0.144785    0.000980    1.400121 v fanout246/A (sky130_fd_sc_hd__clkbuf_2)
    10    0.029883    0.212395    0.350540    1.750661 v fanout246/X (sky130_fd_sc_hd__clkbuf_2)
                                                         net246 (net)
                      0.212400    0.001289    1.751950 v _0399_/A (sky130_fd_sc_hd__or3b_1)
     4    0.021283    0.306561    1.125712    2.877661 v _0399_/X (sky130_fd_sc_hd__or3b_1)
                                                         _0102_ (net)
                      0.306561    0.000988    2.878650 v _0400_/B (sky130_fd_sc_hd__nor2_1)
     1    0.005863    0.227500    0.297156    3.175806 ^ _0400_/Y (sky130_fd_sc_hd__nor2_1)
                                                         _0103_ (net)
                      0.227500    0.000422    3.176228 ^ fanout185/A (sky130_fd_sc_hd__clkbuf_4)
     9    0.061728    0.300128    0.487731    3.663959 ^ fanout185/X (sky130_fd_sc_hd__clkbuf_4)
                                                         net185 (net)
                      0.300161    0.003296    3.667254 ^ _0451_/A (sky130_fd_sc_hd__or2_1)
     1    0.003921    0.081412    0.269304    3.936558 ^ _0451_/X (sky130_fd_sc_hd__or2_1)
                                                         net66 (net)
                      0.081412    0.000305    3.936863 ^ output66/A (sky130_fd_sc_hd__buf_2)
     1    0.034556    0.274515    0.349515    4.286377 ^ output66/X (sky130_fd_sc_hd__buf_2)
                                                         PENABLE (net)
                      0.274522    0.001745    4.288123 ^ PENABLE (out)
                                              4.288123   data arrival time

                                  5.000000    5.000000   clock clk (rise edge)
                                  0.000000    5.000000   clock network delay (propagated)
                                 -0.250000    4.750000   clock uncertainty
                                  0.000000    4.750000   clock reconvergence pessimism
                                 -1.000000    3.750000   output external delay
                                              3.750000   data required time
---------------------------------------------------------------------------------------------
                                              3.750000   data required time
                                             -4.288123   data arrival time
---------------------------------------------------------------------------------------------
                                             -0.538122   slack (VIOLATED)




===========================================================================
report_checks --slack_max -0.01
============================================================================
======================= max_ss_100C_1v60 Corner ===================================

Startpoint: _0795_ (rising edge-triggered flip-flop clocked by clk)
Endpoint: PENABLE (output port clocked by clk)
Path Group: clk
Path Type: max

Fanout         Cap        Slew       Delay        Time   Description
---------------------------------------------------------------------------------------------
                                  0.000000    0.000000   clock clk (rise edge)
                                  0.000000    0.000000   clock source latency
     1    0.019073    0.143556    0.098063    0.098063 ^ clk (in)
                                                         clk (net)
                      0.143582    0.000000    0.098063 ^ clkbuf_0_clk/A (sky130_fd_sc_hd__clkbuf_16)
     2    0.018815    0.065968    0.253288    0.351352 ^ clkbuf_0_clk/X (sky130_fd_sc_hd__clkbuf_16)
                                                         clknet_0_clk (net)
                      0.065968    0.001337    0.352688 ^ clkbuf_1_0__f_clk/A (sky130_fd_sc_hd__clkbuf_16)
    10    0.028603    0.078578    0.231349    0.584037 ^ clkbuf_1_0__f_clk/X (sky130_fd_sc_hd__clkbuf_16)
                                                         clknet_1_0__leaf_clk (net)
                      0.078657    0.002148    0.586185 ^ _0795_/CLK (sky130_fd_sc_hd__dfrtp_1)
     2    0.010689    0.144781    0.812956    1.399141 v _0795_/Q (sky130_fd_sc_hd__dfrtp_1)
                                                         current_state[0] (net)
                      0.144785    0.000980    1.400121 v fanout246/A (sky130_fd_sc_hd__clkbuf_2)
    10    0.029883    0.212395    0.350540    1.750661 v fanout246/X (sky130_fd_sc_hd__clkbuf_2)
                                                         net246 (net)
                      0.212400    0.001289    1.751950 v _0399_/A (sky130_fd_sc_hd__or3b_1)
     4    0.021283    0.306561    1.125712    2.877661 v _0399_/X (sky130_fd_sc_hd__or3b_1)
                                                         _0102_ (net)
                      0.306561    0.000988    2.878650 v _0400_/B (sky130_fd_sc_hd__nor2_1)
     1    0.005863    0.227500    0.297156    3.175806 ^ _0400_/Y (sky130_fd_sc_hd__nor2_1)
                                                         _0103_ (net)
                      0.227500    0.000422    3.176228 ^ fanout185/A (sky130_fd_sc_hd__clkbuf_4)
     9    0.061728    0.300128    0.487731    3.663959 ^ fanout185/X (sky130_fd_sc_hd__clkbuf_4)
                                                         net185 (net)
                      0.300161    0.003296    3.667254 ^ _0451_/A (sky130_fd_sc_hd__or2_1)
     1    0.003921    0.081412    0.269304    3.936558 ^ _0451_/X (sky130_fd_sc_hd__or2_1)
                                                         net66 (net)
                      0.081412    0.000305    3.936863 ^ output66/A (sky130_fd_sc_hd__buf_2)
     1    0.034556    0.274515    0.349515    4.286377 ^ output66/X (sky130_fd_sc_hd__buf_2)
                                                         PENABLE (net)
                      0.274522    0.001745    4.288123 ^ PENABLE (out)
                                              4.288123   data arrival time

                                  5.000000    5.000000   clock clk (rise edge)
                                  0.000000    5.000000   clock network delay (propagated)
                                 -0.250000    4.750000   clock uncertainty
                                  0.000000    4.750000   clock reconvergence pessimism
                                 -1.000000    3.750000   output external delay
                                              3.750000   data required time
---------------------------------------------------------------------------------------------
                                              3.750000   data required time
                                             -4.288123   data arrival time
---------------------------------------------------------------------------------------------
                                             -0.538122   slack (VIOLATED)




===========================================================================
 report_check_types -max_slew -max_cap -max_fanout -violators
============================================================================
======================= max_ss_100C_1v60 Corner ===================================

max slew

Pin                                        Limit        Slew       Slack
------------------------------------------------------------------------
_0404_/Y                                0.750000    1.039673   -0.289673 (VIOLATED)
_0405_/A                                0.750000    1.039673   -0.289673 (VIOLATED)
_0773_/B1                               0.750000    1.039673   -0.289673 (VIOLATED)
max_cap226/A                            0.750000    1.039673   -0.289673 (VIOLATED)
_0774_/B1                               0.750000    0.817866   -0.067866 (VIOLATED)
_0709_/C                                0.750000    0.817865   -0.067865 (VIOLATED)
_0708_/Y                                0.750000    0.817859   -0.067859 (VIOLATED)
_0408_/Y                                0.750000    0.808822   -0.058822 (VIOLATED)
fanout224/A                             0.750000    0.808822   -0.058822 (VIOLATED)
max_cap225/A                            0.750000    0.808822   -0.058822 (VIOLATED)



===========================================================================
report_parasitic_annotation -report_unannotated
============================================================================
Found 1 unannotated drivers.
 clkload0/X
Found 0 partially unannotated drivers.

===========================================================================
max slew violation count 10
max fanout violation count 0
max cap violation count 0
============================================================================

===========================================================================
check_setup -verbose -unconstrained_endpoints -multiple_clock -no_clock -no_input_delay -loops -generated_clocks
===========================================================================
Warning: There are 295 unclocked register/latch pins.
  _0803_/GATE_N
  _0804_/GATE_N
  _0805_/GATE_N
  _0806_/GATE_N
  _0807_/GATE_N
  _0808_/GATE_N
  _0809_/GATE_N
  _0810_/GATE_N
  _0811_/GATE_N
  _0812_/GATE_N
  _0813_/GATE_N
  _0814_/GATE_N
  _0815_/GATE_N
  _0816_/GATE_N
  _0817_/GATE_N
  _0818_/GATE_N
  _0819_/GATE_N
  _0820_/GATE_N
  _0821_/GATE_N
  _0822_/GATE_N
  _0823_/GATE_N
  _0824_/GATE_N
  _0825_/GATE_N
  _0826_/GATE_N
  _0827_/GATE_N
  _0828_/GATE_N
  _0829_/GATE_N
  _0830_/GATE_N
  _0831_/GATE_N
  _0832_/GATE_N
  _0833_/GATE_N
  _0834_/GATE_N
  _0835_/GATE_N
  _0836_/GATE_N
  _0837_/GATE_N
  _0838_/GATE_N
  _0839_/GATE_N
  _0840_/GATE_N
  _0841_/GATE_N
  _0842_/GATE_N
  _0843_/GATE_N
  _0844_/GATE_N
  _0845_/GATE_N
  _0846_/GATE_N
  _0847_/GATE_N
  _0848_/GATE_N
  _0849_/GATE_N
  _0850_/GATE_N
  _0851_/GATE_N
  _0852_/GATE_N
  _0853_/GATE_N
  _0854_/GATE_N
  _0855_/GATE_N
  _0856_/GATE_N
  _0857_/GATE_N
  _0858_/GATE_N
  _0859_/GATE_N
  _0860_/GATE_N
  _0861_/GATE_N
  _0862_/GATE_N
  _0863_/GATE_N
  _0864_/GATE_N
  _0865_/GATE_N
  _0866_/GATE_N
  _0867_/GATE_N
  _0868_/GATE_N
  _0869_/GATE_N
  _0870_/GATE_N
  _0871_/GATE_N
  _0872_/GATE_N
  _0873_/GATE_N
  _0874_/GATE_N
  _0875_/GATE_N
  _0876_/GATE_N
  _0877_/GATE_N
  _0878_/GATE_N
  _0879_/GATE_N
  _0880_/GATE_N
  _0881_/GATE_N
  _0882_/GATE_N
  _0883_/GATE_N
  _0884_/GATE_N
  _0885_/GATE_N
  _0886_/GATE_N
  _0887_/GATE_N
  _0888_/GATE_N
  _0889_/GATE_N
  _0890_/GATE_N
  _0891_/GATE_N
  _0892_/GATE_N
  _0893_/GATE_N
  _0894_/GATE_N
  _0895_/GATE_N
  _0896_/GATE_N
  _0897_/GATE_N
  _0898_/GATE_N
  _0899_/GATE_N
  _0900_/GATE_N
  _0901_/GATE_N
  _0902_/GATE_N
  _0903_/GATE_N
  _0904_/GATE_N
  _0905_/GATE_N
  _0906_/GATE_N
  _0907_/GATE_N
  _0908_/GATE_N
  _0909_/GATE_N
  _0910_/GATE_N
  _0911_/GATE_N
  _0912_/GATE_N
  _0913_/GATE_N
  _0914_/GATE_N
  _0915_/GATE_N
  _0916_/GATE_N
  _0917_/GATE_N
  _0918_/GATE_N
  _0919_/GATE_N
  _0920_/GATE_N
  _0921_/GATE_N
  _0922_/GATE_N
  _0923_/GATE_N
  _0924_/GATE_N
  _0925_/GATE_N
  _0926_/GATE_N
  _0927_/GATE_N
  _0928_/GATE_N
  _0929_/GATE_N
  _0930_/GATE_N
  _0931_/GATE_N
  _0932_/GATE_N
  _0933_/GATE_N
  _0934_/GATE_N
  _0935_/GATE_N
  _0936_/GATE_N
  _0937_/GATE_N
  _0938_/GATE_N
  _0939_/GATE_N
  _0940_/GATE_N
  _0941_/GATE_N
  _0942_/GATE_N
  _0943_/GATE_N
  _0944_/GATE_N
  _0945_/GATE_N
  _0946_/GATE_N
  _0947_/GATE_N
  _0948_/GATE_N
  _0949_/GATE_N
  _0950_/GATE_N
  _0951_/GATE_N
  _0952_/GATE_N
  _0953_/GATE_N
  _0954_/GATE_N
  _0955_/GATE_N
  _0956_/GATE_N
  _0957_/GATE_N
  _0958_/GATE_N
  _0959_/GATE_N
  _0960_/GATE_N
  _0961_/GATE_N
  _0962_/GATE_N
  _0963_/GATE_N
  _0964_/GATE_N
  _0965_/GATE_N
  _0966_/GATE_N
  _0967_/GATE_N
  _0968_/GATE_N
  _0969_/GATE_N
  _0970_/GATE_N
  _0971_/GATE_N
  _0972_/GATE_N
  _0973_/GATE_N
  _0974_/GATE_N
  _0975_/GATE_N
  _0976_/GATE_N
  _0977_/GATE_N
  _0978_/GATE_N
  _0979_/GATE_N
  _0980_/GATE_N
  _0981_/GATE_N
  _0982_/GATE_N
  _0983_/GATE_N
  _0984_/GATE_N
  _0985_/GATE_N
  _0986_/GATE_N
  _0987_/GATE_N
  _0988_/GATE_N
  _0989_/GATE_N
  _0990_/GATE_N
  _0991_/GATE_N
  _0992_/GATE_N
  _0993_/GATE_N
  _0994_/GATE_N
  _0995_/GATE_N
  _0996_/GATE_N
  _0997_/GATE_N
  _0998_/GATE_N
  _0999_/GATE_N
  _1000_/GATE_N
  _1001_/GATE_N
  _1002_/GATE_N
  _1003_/GATE_N
  _1004_/GATE_N
  _1005_/GATE_N
  _1006_/GATE_N
  _1007_/GATE_N
  _1008_/GATE_N
  _1009_/GATE_N
  _1010_/GATE_N
  _1011_/GATE_N
  _1012_/GATE_N
  _1013_/GATE_N
  _1014_/GATE_N
  _1015_/GATE_N
  _1016_/GATE_N
  _1017_/GATE_N
  _1018_/GATE_N
  _1019_/GATE_N
  _1020_/GATE_N
  _1021_/GATE_N
  _1022_/GATE_N
  _1023_/GATE_N
  _1024_/GATE_N
  _1025_/GATE_N
  _1026_/GATE_N
  _1027_/GATE_N
  _1028_/GATE_N
  _1029_/GATE_N
  _1030_/GATE_N
  _1031_/GATE_N
  _1032_/GATE_N
  _1033_/GATE_N
  _1034_/GATE_N
  _1035_/GATE_N
  _1036_/GATE_N
  _1037_/GATE_N
  _1038_/GATE_N
  _1039_/GATE_N
  _1040_/GATE_N
  _1041_/GATE_N
  _1042_/GATE_N
  _1043_/GATE_N
  _1044_/GATE_N
  _1045_/GATE_N
  _1046_/GATE_N
  _1047_/GATE_N
  _1048_/GATE_N
  _1049_/GATE_N
  _1050_/GATE_N
  _1051_/GATE_N
  _1052_/GATE_N
  _1053_/GATE_N
  _1054_/GATE_N
  _1055_/GATE_N
  _1056_/GATE_N
  _1057_/GATE_N
  _1058_/GATE_N
  _1059_/GATE_N
  _1060_/GATE_N
  _1061_/GATE_N
  _1062_/GATE_N
  _1063_/GATE_N
  _1064_/GATE_N
  _1065_/GATE_N
  _1066_/GATE_N
  _1067_/GATE_N
  _1068_/GATE_N
  _1069_/GATE_N
  _1070_/GATE_N
  _1071_/GATE_N
  _1072_/GATE_N
  _1073_/GATE_N
  _1074_/GATE_N
  _1075_/GATE_N
  _1076_/GATE_N
  _1077_/GATE_N
  _1078_/GATE_N
  _1079_/GATE_N
  _1080_/GATE_N
  _1081_/GATE_N
  _1082_/GATE_N
  _1083_/GATE_N
  _1084_/GATE_N
  _1085_/GATE_N
  _1086_/GATE_N
  _1087_/GATE_N
  _1088_/GATE_N
  _1089_/GATE_N
  _1090_/GATE_N
  _1091_/GATE_N
  _1092_/GATE_N
  _1093_/GATE_N
  _1094_/GATE_N
  _1095_/GATE_N
  _1096_/GATE_N
  _1097_/GATE_N
Warning: There are 327 unconstrained endpoints.
  PWDATA[0]
  PWDATA[10]
  PWDATA[11]
  PWDATA[12]
  PWDATA[13]
  PWDATA[14]
  PWDATA[15]
  PWDATA[1]
  PWDATA[2]
  PWDATA[3]
  PWDATA[4]
  PWDATA[5]
  PWDATA[6]
  PWDATA[7]
  PWDATA[8]
  PWDATA[9]
  rdata[0]
  rdata[10]
  rdata[11]
  rdata[12]
  rdata[13]
  rdata[14]
  rdata[15]
  rdata[1]
  rdata[2]
  rdata[3]
  rdata[4]
  rdata[5]
  rdata[6]
  rdata[7]
  rdata[8]
  rdata[9]
  _0803_/D
  _0804_/D
  _0805_/D
  _0806_/D
  _0807_/D
  _0808_/D
  _0809_/D
  _0810_/D
  _0811_/D
  _0812_/D
  _0813_/D
  _0814_/D
  _0815_/D
  _0816_/D
  _0817_/D
  _0818_/D
  _0819_/D
  _0820_/D
  _0821_/D
  _0822_/D
  _0823_/D
  _0824_/D
  _0825_/D
  _0826_/D
  _0827_/D
  _0828_/D
  _0829_/D
  _0830_/D
  _0831_/D
  _0832_/D
  _0833_/D
  _0834_/D
  _0835_/D
  _0836_/D
  _0837_/D
  _0838_/D
  _0839_/D
  _0840_/D
  _0841_/D
  _0842_/D
  _0843_/D
  _0844_/D
  _0845_/D
  _0846_/D
  _0847_/D
  _0848_/D
  _0849_/D
  _0850_/D
  _0851_/D
  _0852_/D
  _0853_/D
  _0854_/D
  _0855_/D
  _0856_/D
  _0857_/D
  _0858_/D
  _0859_/D
  _0860_/D
  _0861_/D
  _0862_/D
  _0863_/D
  _0864_/D
  _0865_/D
  _0866_/D
  _0867_/D
  _0868_/D
  _0869_/D
  _0870_/D
  _0871_/D
  _0872_/D
  _0873_/D
  _0874_/D
  _0875_/D
  _0876_/D
  _0877_/D
  _0878_/D
  _0879_/D
  _0880_/D
  _0881_/D
  _0882_/D
  _0883_/D
  _0884_/D
  _0885_/D
  _0886_/D
  _0887_/D
  _0888_/D
  _0889_/D
  _0890_/D
  _0891_/D
  _0892_/D
  _0893_/D
  _0894_/D
  _0895_/D
  _0896_/D
  _0897_/D
  _0898_/D
  _0899_/D
  _0900_/D
  _0901_/D
  _0902_/D
  _0903_/D
  _0904_/D
  _0905_/D
  _0906_/D
  _0907_/D
  _0908_/D
  _0909_/D
  _0910_/D
  _0911_/D
  _0912_/D
  _0913_/D
  _0914_/D
  _0915_/D
  _0916_/D
  _0917_/D
  _0918_/D
  _0919_/D
  _0920_/D
  _0921_/D
  _0922_/D
  _0923_/D
  _0924_/D
  _0925_/D
  _0926_/D
  _0927_/D
  _0928_/D
  _0929_/D
  _0930_/D
  _0931_/D
  _0932_/D
  _0933_/D
  _0934_/D
  _0935_/D
  _0936_/D
  _0937_/D
  _0938_/D
  _0939_/D
  _0940_/D
  _0941_/D
  _0942_/D
  _0943_/D
  _0944_/D
  _0945_/D
  _0946_/D
  _0947_/D
  _0948_/D
  _0949_/D
  _0950_/D
  _0951_/D
  _0952_/D
  _0953_/D
  _0954_/D
  _0955_/D
  _0956_/D
  _0957_/D
  _0958_/D
  _0959_/D
  _0960_/D
  _0961_/D
  _0962_/D
  _0963_/D
  _0964_/D
  _0965_/D
  _0966_/D
  _0967_/D
  _0968_/D
  _0969_/D
  _0970_/D
  _0971_/D
  _0972_/D
  _0973_/D
  _0974_/D
  _0975_/D
  _0976_/D
  _0977_/D
  _0978_/D
  _0979_/D
  _0980_/D
  _0981_/D
  _0982_/D
  _0983_/D
  _0984_/D
  _0985_/D
  _0986_/D
  _0987_/D
  _0988_/D
  _0989_/D
  _0990_/D
  _0991_/D
  _0992_/D
  _0993_/D
  _0994_/D
  _0995_/D
  _0996_/D
  _0997_/D
  _0998_/D
  _0999_/D
  _1000_/D
  _1001_/D
  _1002_/D
  _1003_/D
  _1004_/D
  _1005_/D
  _1006_/D
  _1007_/D
  _1008_/D
  _1009_/D
  _1010_/D
  _1011_/D
  _1012_/D
  _1013_/D
  _1014_/D
  _1015_/D
  _1016_/D
  _1017_/D
  _1018_/D
  _1019_/D
  _1020_/D
  _1021_/D
  _1022_/D
  _1023_/D
  _1024_/D
  _1025_/D
  _1026_/D
  _1027_/D
  _1028_/D
  _1029_/D
  _1030_/D
  _1031_/D
  _1032_/D
  _1033_/D
  _1034_/D
  _1035_/D
  _1036_/D
  _1037_/D
  _1038_/D
  _1039_/D
  _1040_/D
  _1041_/D
  _1042_/D
  _1043_/D
  _1044_/D
  _1045_/D
  _1046_/D
  _1047_/D
  _1048_/D
  _1049_/D
  _1050_/D
  _1051_/D
  _1052_/D
  _1053_/D
  _1054_/D
  _1055_/D
  _1056_/D
  _1057_/D
  _1058_/D
  _1059_/D
  _1060_/D
  _1061_/D
  _1062_/D
  _1063_/D
  _1064_/D
  _1065_/D
  _1066_/D
  _1067_/D
  _1068_/D
  _1069_/D
  _1070_/D
  _1071_/D
  _1072_/D
  _1073_/D
  _1074_/D
  _1075_/D
  _1076_/D
  _1077_/D
  _1078_/D
  _1079_/D
  _1080_/D
  _1081_/D
  _1082_/D
  _1083_/D
  _1084_/D
  _1085_/D
  _1086_/D
  _1087_/D
  _1088_/D
  _1089_/D
  _1090_/D
  _1091_/D
  _1092_/D
  _1093_/D
  _1094_/D
  _1095_/D
  _1096_/D
  _1097_/D
