
===========================================================================
 report_power
============================================================================
======================= max_ss_100C_1v60 Corner ===================================

Group                    Internal    Switching      Leakage        Total
                            Power        Power        Power        Power (Watts)
------------------------------------------------------------------------
Sequential           1.146598e-03 2.339844e-04 4.171044e-06 1.384754e-03  31.8%
Combinational        1.216347e-03 1.619195e-03 3.393915e-06 2.838937e-03  65.1%
Clock                9.221426e-05 4.228152e-05 6.487248e-08 1.345607e-04   3.1%
Macro                0.000000e+00 0.000000e+00 0.000000e+00 0.000000e+00   0.0%
Pad                  0.000000e+00 0.000000e+00 0.000000e+00 0.000000e+00   0.0%
------------------------------------------------------------------------
Total                2.455161e-03 1.895462e-03 7.629848e-06 4.358252e-03 100.0%
                            56.3%        43.5%         0.2%

