
===========================================================================
Violator List
============================================================================
[setup reg-out] _0795_/Q -> PENABLE : -0.538122
[setup reg-reg] _0796_/Q -> _1105_/D : -0.528157
[setup reg-reg] _0796_/Q -> _1108_/D : -0.506933
[setup reg-reg] _0796_/Q -> _1107_/D : -0.497992
[setup reg-out] _0796_/Q -> PSEL1 : -0.486505
[setup reg-reg] _0796_/Q -> _1106_/D : -0.479571
[setup reg-out] _0796_/Q -> PSEL3 : -0.469941
[setup reg-out] _0796_/Q -> PSEL4 : -0.429405
[setup reg-out] _0796_/Q -> PSEL2 : -0.417742
[setup reg-out] _0796_/Q -> PWRITE : -0.346293
[setup reg-reg] _0796_/Q -> _1103_/D : -0.257931
[setup reg-reg] _0796_/Q -> _1101_/D : -0.239551
[setup reg-reg] _0796_/Q -> _0796_/D : -0.216472
[setup reg-reg] _0796_/Q -> _1099_/D : -0.205382
[setup reg-reg] _0796_/Q -> _1102_/D : -0.178077
[setup reg-reg] _0796_/Q -> _0797_/D : -0.171202
[setup reg-reg] _0796_/Q -> _1098_/D : -0.169002
[setup reg-out] _0796_/Q -> awready : -0.135681
[setup reg-out] _0796_/Q -> rlast : -0.082105
[setup reg-reg] _0796_/Q -> _0802_/D : -0.061889
[setup reg-reg] _0796_/Q -> _1104_/D : -0.049967
[setup reg-reg] _0796_/Q -> _1100_/D : -0.048822
