Clock: clk
Sources: clk 
Generated: no
Virtual: yes
Propagated: no
Period: 20.000000

===========================================================================
report_clock_properties
============================================================================
Clock                   Period          Waveform
----------------------------------------------------
clk                  20.000000    0.000000 10.000000

===========================================================================
report_clock_latency
============================================================================
Clock clk
rise -> rise
    min     max
0.000000 0.000000 source latency
0.567284         network latency _0795_/CLK
        6.112821 network latency _0931_/GATE_N
---------------
0.567284 6.112821 latency
        5.545537 skew

rise -> fall
    min     max
0.000000 0.000000 source latency
2.165539         network latency _0823_/GATE_N
        6.399184 network latency _0842_/GATE_N
---------------
2.165539 6.399184 latency
        4.233644 skew

fall -> fall
    min     max
0.000000 0.000000 source latency
0.564556         network latency _0795_/CLK
        0.571722 network latency _0797_/CLK
---------------
0.564556 0.571722 latency
        0.007166 skew



===========================================================================
report_clock_min_period
============================================================================
clk period_min = 6.66 fmax = 150.08
