Clock: clk
Sources: clk 
Generated: no
Virtual: no
Propagated: no
Period: 20.000000

===========================================================================
report_clock_properties
============================================================================
Clock                   Period          Waveform
----------------------------------------------------
clk                  20.000000    0.000000 10.000000

===========================================================================
report_clock_latency
============================================================================
Clock clk
rise -> rise
    min     max
0.000000 0.000000 source latency
0.113939         network latency _0795_/CLK
        4.588520 network latency _0842_/GATE_N
---------------
0.113939 4.588520 latency
        4.474581 skew

rise -> fall
    min     max
0.000000 0.000000 source latency
0.806523         network latency _0819_/GATE_N
        4.724763 network latency _0858_/GATE_N
---------------
0.806523 4.724763 latency
        3.918240 skew

fall -> fall
    min     max
0.000000 0.000000 source latency
0.052234         network latency _0795_/CLK
        0.052234 network latency _0795_/CLK
---------------
0.052234 0.052234 latency
        0.000000 skew



===========================================================================
report_clock_min_period
============================================================================
clk period_min = 3.41 fmax = 293.48
