Clock: clk
Sources: clk 
Generated: no
Virtual: yes
Propagated: no
Period: 5.000000

===========================================================================
report_clock_properties
============================================================================
Clock                   Period          Waveform
----------------------------------------------------
clk                   5.000000    0.000000  2.500000

===========================================================================
report_clock_latency
============================================================================
Clock clk
rise -> rise
    min     max
0.000000 0.000000 source latency
0.231336         network latency _1106_/CLK
        1.758284 network latency _0856_/GATE_N
---------------
0.231336 1.758284 latency
        1.526948 skew

rise -> fall
    min     max
0.000000 0.000000 source latency
0.761602         network latency _0841_/GATE_N
        1.833841 network latency _0856_/GATE_N
---------------
0.761602 1.833841 latency
        1.072239 skew

fall -> fall
    min     max
0.000000 0.000000 source latency
0.216594         network latency _1106_/CLK
        0.219697 network latency _1102_/CLK
---------------
0.216594 0.219697 latency
        0.003103 skew



===========================================================================
report_clock_min_period
============================================================================
clk period_min = 1.92 fmax = 519.64
