
===========================================================================
 report_power
============================================================================
======================= nom_ff_n40C_1v95 Corner ===================================

Group                    Internal    Switching      Leakage        Total
                            Power        Power        Power        Power (Watts)
------------------------------------------------------------------------
Sequential           1.649430e-03 3.430284e-04 5.563170e-09 1.992464e-03  32.5%
Combinational        1.586634e-03 2.364445e-03 4.762343e-09 3.951083e-03  64.4%
Clock                1.295096e-04 6.342447e-05 1.853750e-09 1.929359e-04   3.1%
Macro                0.000000e+00 0.000000e+00 0.000000e+00 0.000000e+00   0.0%
Pad                  0.000000e+00 0.000000e+00 0.000000e+00 0.000000e+00   0.0%
------------------------------------------------------------------------
Total                3.365573e-03 2.770897e-03 1.217925e-08 6.136482e-03 100.0%
                            54.8%        45.2%         0.0%

