┏━━━━━━━━━━━━━━━━━━━━━━┳━━━━━━━━━━┳━━━━━━━━━━┳━━━━━━━━━━┳━━━━━━━━━━┳━━━━━━━━━━━┳━━━━━━━━━━┳━━━━━━━━━━━┳━━━━━━━━━━┳━━━━━━━━━━━┳━━━━━━━━━━┳━━━━━━━━━━━┳━━━━━━━━━━┓
┃                      ┃ Hold     ┃ Reg to   ┃          ┃          ┃ of which  ┃ Setup    ┃           ┃          ┃           ┃ of which ┃           ┃          ┃
┃                      ┃ Worst    ┃ Reg      ┃          ┃ Hold Vio ┃ reg to    ┃ Worst    ┃ Reg to    ┃ Setup    ┃ Setup Vio ┃ reg to   ┃ Max Cap   ┃ Max Slew ┃
┃ Corner/Group         ┃ Slack    ┃ Paths    ┃ Hold TNS ┃ Count    ┃ reg       ┃ Slack    ┃ Reg Paths ┃ TNS      ┃ Count     ┃ reg      ┃ Violatio… ┃ Violati… ┃
┡━━━━━━━━━━━━━━━━━━━━━━╇━━━━━━━━━━╇━━━━━━━━━━╇━━━━━━━━━━╇━━━━━━━━━━╇━━━━━━━━━━━╇━━━━━━━━━━╇━━━━━━━━━━━╇━━━━━━━━━━╇━━━━━━━━━━━╇━━━━━━━━━━╇━━━━━━━━━━━╇━━━━━━━━━━┩
│ Overall              │ 0.0820   │ 0.0820   │ 0.0000   │ 0        │ 0         │ -2.0936  │ -2.0936   │ -21.1752 │ 24        │ 16       │ 6         │ 156      │
│ nom_tt_025C_1v80     │ 0.2720   │ 0.2720   │ 0.0000   │ 0        │ 0         │ 1.4310   │ 1.5926    │ 0.0000   │ 0         │ 0        │ 0         │ 107      │
│ nom_ss_100C_1v60     │ 0.2625   │ 0.8182   │ 0.0000   │ 0        │ 0         │ -2.0936  │ -2.0936   │ -21.1752 │ 24        │ 16       │ 6         │ 156      │
│ nom_ff_n40C_1v95     │ 0.0820   │ 0.0820   │ 0.0000   │ 0        │ 0         │ 2.2756   │ 2.8218    │ 0.0000   │ 0         │ 0        │ 0         │ 90       │
└──────────────────────┴──────────┴──────────┴──────────┴──────────┴───────────┴──────────┴───────────┴──────────┴───────────┴──────────┴───────────┴──────────┘
