
===========================================================================
 report_power
============================================================================
======================= nom_tt_025C_1v80 Corner ===================================

Group                    Internal    Switching      Leakage        Total
                            Power        Power        Power        Power (Watts)
------------------------------------------------------------------------
Sequential           1.427142e-03 2.418002e-04 2.620929e-09 1.668945e-03  36.6%
Combinational        1.295745e-03 1.435580e-03 2.258236e-09 2.731328e-03  59.9%
Clock                1.126861e-04 4.478189e-05 3.526137e-10 1.574683e-04   3.5%
Macro                0.000000e+00 0.000000e+00 0.000000e+00 0.000000e+00   0.0%
Pad                  0.000000e+00 0.000000e+00 0.000000e+00 0.000000e+00   0.0%
------------------------------------------------------------------------
Total                2.835573e-03 1.722162e-03 5.231765e-09 4.557740e-03 100.0%
                            62.2%        37.8%         0.0%
Writing metric power__internal__total: 0.00283557316288352
Writing metric power__switching__total: 0.0017221623566001654
Writing metric power__leakage__total: 5.231764799162875e-9
Writing metric power__total: 0.004557740408927202

