                                                                       Cells by Function                                                                        
┏━━━━━━━━━━━━━━━━━━━━━━━━━━━━━━━━━━━━━━━━━━━━━━━━━━━━━━━━━━━━━━━━━━━━━━━━━━━━━━━━━━━━━━━━━━━━━━━━━━━━━━━━━━━━━━━━━━━━━━━━━━━━━━━━━┳━━━━━━━━━━━━━━━━━━━━━━━━━━━━┓
┃ Cell Function                                                                                                                   ┃ Count                      ┃
┡━━━━━━━━━━━━━━━━━━━━━━━━━━━━━━━━━━━━━━━━━━━━━━━━━━━━━━━━━━━━━━━━━━━━━━━━━━━━━━━━━━━━━━━━━━━━━━━━━━━━━━━━━━━━━━━━━━━━━━━━━━━━━━━━━╇━━━━━━━━━━━━━━━━━━━━━━━━━━━━┩
│ sky130_ef_sc_hd__decap                                                                                                          │ 271                        │
│ sky130_fd_sc_hd__a211o                                                                                                          │ 16                         │
│ sky130_fd_sc_hd__a211oi                                                                                                         │ 1                          │
│ sky130_fd_sc_hd__a21bo                                                                                                          │ 4                          │
│ sky130_fd_sc_hd__a21o                                                                                                           │ 3                          │
│ sky130_fd_sc_hd__a21oi                                                                                                          │ 6                          │
│ sky130_fd_sc_hd__a221o                                                                                                          │ 52                         │
│ sky130_fd_sc_hd__a22o                                                                                                           │ 73                         │
│ sky130_fd_sc_hd__a2bb2o                                                                                                         │ 2                          │
│ sky130_fd_sc_hd__a31o                                                                                                           │ 3                          │
│ sky130_fd_sc_hd__a32o                                                                                                           │ 1                          │
│ sky130_fd_sc_hd__and2                                                                                                           │ 8                          │
│ sky130_fd_sc_hd__and2b                                                                                                          │ 3                          │
│ sky130_fd_sc_hd__and3                                                                                                           │ 6                          │
│ sky130_fd_sc_hd__and3b                                                                                                          │ 5                          │
│ sky130_fd_sc_hd__and4                                                                                                           │ 1                          │
│ sky130_fd_sc_hd__and4b                                                                                                          │ 6                          │
│ sky130_fd_sc_hd__and4bb                                                                                                         │ 7                          │
│ sky130_fd_sc_hd__buf                                                                                                            │ 104                        │
│ sky130_fd_sc_hd__clkbuf                                                                                                         │ 133                        │
│ sky130_fd_sc_hd__decap                                                                                                          │ 473                        │
│ sky130_fd_sc_hd__dfrtp                                                                                                          │ 19                         │
│ sky130_fd_sc_hd__diode                                                                                                          │ 2                          │
│ sky130_fd_sc_hd__dlxtn                                                                                                          │ 295                        │
│ sky130_fd_sc_hd__dlygate4sd3                                                                                                    │ 7                          │
│ sky130_fd_sc_hd__dlymetal6s2s                                                                                                   │ 15                         │
│ sky130_fd_sc_hd__fill                                                                                                           │ 354                        │
│ sky130_fd_sc_hd__inv                                                                                                            │ 10                         │
│ sky130_fd_sc_hd__mux2                                                                                                           │ 28                         │
│ sky130_fd_sc_hd__nand2                                                                                                          │ 32                         │
│ sky130_fd_sc_hd__nand2b                                                                                                         │ 2                          │
│ sky130_fd_sc_hd__nand3b                                                                                                         │ 1                          │
│ sky130_fd_sc_hd__nand4b                                                                                                         │ 1                          │
│ sky130_fd_sc_hd__nor2                                                                                                           │ 40                         │
│ sky130_fd_sc_hd__nor3                                                                                                           │ 1                          │
│ sky130_fd_sc_hd__nor4                                                                                                           │ 2                          │
│ sky130_fd_sc_hd__nor4b                                                                                                          │ 4                          │
│ sky130_fd_sc_hd__o211a                                                                                                          │ 1                          │
│ sky130_fd_sc_hd__o21a                                                                                                           │ 2                          │
│ sky130_fd_sc_hd__o21ai                                                                                                          │ 6                          │
│ sky130_fd_sc_hd__o221a                                                                                                          │ 1                          │
│ sky130_fd_sc_hd__o22a                                                                                                           │ 2                          │
│ sky130_fd_sc_hd__o22ai                                                                                                          │ 17                         │
│ sky130_fd_sc_hd__o2bb2a                                                                                                         │ 3                          │
│ sky130_fd_sc_hd__o311a                                                                                                          │ 2                          │
│ sky130_fd_sc_hd__o31a                                                                                                           │ 2                          │
│ sky130_fd_sc_hd__o31ai                                                                                                          │ 1                          │
│ sky130_fd_sc_hd__o32a                                                                                                           │ 2                          │
│ sky130_fd_sc_hd__o41a                                                                                                           │ 1                          │
│ sky130_fd_sc_hd__or2                                                                                                            │ 7                          │
│ sky130_fd_sc_hd__or3                                                                                                            │ 20                         │
│ sky130_fd_sc_hd__or3b                                                                                                           │ 3                          │
│ sky130_fd_sc_hd__or4                                                                                                            │ 6                          │
│ sky130_fd_sc_hd__or4b                                                                                                           │ 4                          │
│ sky130_fd_sc_hd__or4bb                                                                                                          │ 1                          │
│ sky130_fd_sc_hd__tapvpwrvgnd                                                                                                    │ 250                        │
│ sky130_fd_sc_hd__xnor2                                                                                                          │ 5                          │
│ sky130_fd_sc_hd__xor2                                                                                                           │ 1                          │
└─────────────────────────────────────────────────────────────────────────────────────────────────────────────────────────────────┴────────────────────────────┘
