Clock: clk
Sources: clk 
Generated: no
Virtual: yes
Propagated: no
Period: 20.000000

===========================================================================
report_clock_properties
============================================================================
Clock                   Period          Waveform
----------------------------------------------------
clk                  20.000000    0.000000 10.000000

===========================================================================
report_clock_latency
============================================================================
Clock clk
rise -> rise
    min     max
0.000000 0.000000 source latency
0.328719         network latency _0795_/CLK
        5.131302 network latency _0931_/GATE_N
---------------
0.328719 5.131302 latency
        4.802583 skew

rise -> fall
    min     max
0.000000 0.000000 source latency
1.169210         network latency _0823_/GATE_N
        5.245068 network latency _0842_/GATE_N
---------------
1.169210 5.245068 latency
        4.075858 skew

fall -> fall
    min     max
0.000000 0.000000 source latency
0.317009         network latency _0795_/CLK
        0.320706 network latency _0797_/CLK
---------------
0.317009 0.320706 latency
        0.003697 skew



===========================================================================
report_clock_min_period
============================================================================
clk period_min = 3.30 fmax = 303.20
