
===========================================================================
 report_power
============================================================================
======================= max_tt_025C_1v80 Corner ===================================

Group                    Internal    Switching      Leakage        Total
                            Power        Power        Power        Power (Watts)
------------------------------------------------------------------------
Sequential           3.574840e-04 7.407121e-05 2.620929e-09 4.315579e-04  33.0%
Combinational        3.354832e-04 4.976691e-04 2.346487e-09 8.331547e-04  63.8%
Clock                2.830996e-05 1.357534e-05 1.574128e-09 4.188687e-05   3.2%
Macro                0.000000e+00 0.000000e+00 0.000000e+00 0.000000e+00   0.0%
Pad                  0.000000e+00 0.000000e+00 0.000000e+00 0.000000e+00   0.0%
------------------------------------------------------------------------
Total                7.212776e-04 5.853153e-04 6.541528e-09 1.306599e-03 100.0%
                            55.2%        44.8%         0.0%

