Clock: clk
Sources: clk 
Generated: no
Virtual: yes
Propagated: no
Period: 5.000000

===========================================================================
report_clock_properties
============================================================================
Clock                   Period          Waveform
----------------------------------------------------
clk                   5.000000    0.000000  2.500000

===========================================================================
report_clock_latency
============================================================================
Clock clk
rise -> rise
    min     max
0.000000 0.000000 source latency
0.337795         network latency _285_/CLK
        0.344462 network latency _297_/CLK
---------------
0.337795 0.344462 latency
        0.006667 skew

fall -> fall
    min     max
0.000000 0.000000 source latency
0.326669         network latency _301_/CLK
        0.331953 network latency _297_/CLK
---------------
0.326669 0.331953 latency
        0.005283 skew



===========================================================================
report_clock_min_period
============================================================================
clk period_min = 2.65 fmax = 377.61
