
===========================================================================
 report_power
============================================================================
======================= nom_tt_025C_1v80 Corner ===================================

Group                    Internal    Switching      Leakage        Total
                            Power        Power        Power        Power (Watts)
------------------------------------------------------------------------
Sequential           3.577875e-04 7.255978e-05 2.620929e-09 4.303499e-04  35.7%
Combinational        3.347952e-04 4.009131e-04 2.346482e-09 7.357106e-04  61.0%
Clock                2.823421e-05 1.186370e-05 3.526236e-10 4.009827e-05   3.3%
Macro                0.000000e+00 0.000000e+00 0.000000e+00 0.000000e+00   0.0%
Pad                  0.000000e+00 0.000000e+00 0.000000e+00 0.000000e+00   0.0%
------------------------------------------------------------------------
Total                7.208163e-04 4.853365e-04 5.320022e-09 1.206158e-03 100.0%
                            59.8%        40.2%         0.0%
Writing metric power__internal__total: 0.0007208162569440901
Writing metric power__switching__total: 0.0004853365244343877
Writing metric power__leakage__total: 5.3200217564608465e-9
Writing metric power__total: 0.0012061581946909428

