                                                                        Cells by Master                                                                         
┏━━━━━━━━━━━━━━━━━━━━━━━━━━━━━━━━━━━━━━━━━━━━━━━━━━━━━━━━━━━━━━━━━━━━━━━━━━━━━━━━━━━━━━━━━━━━━━━━━━━━━━━━━━━━━━━━━━━━━━━━━━━━━━━━━┳━━━━━━━━━━━━━━━━━━━━━━━━━━━━┓
┃ Cell                                                                                                                            ┃ Count                      ┃
┡━━━━━━━━━━━━━━━━━━━━━━━━━━━━━━━━━━━━━━━━━━━━━━━━━━━━━━━━━━━━━━━━━━━━━━━━━━━━━━━━━━━━━━━━━━━━━━━━━━━━━━━━━━━━━━━━━━━━━━━━━━━━━━━━━╇━━━━━━━━━━━━━━━━━━━━━━━━━━━━┩
│ sky130_ef_sc_hd__decap_12                                                                                                       │ 149                        │
│ sky130_fd_sc_hd__a2111o_1                                                                                                       │ 3                          │
│ sky130_fd_sc_hd__a211o_1                                                                                                        │ 4                          │
│ sky130_fd_sc_hd__a21o_1                                                                                                         │ 7                          │
│ sky130_fd_sc_hd__a21oi_1                                                                                                        │ 2                          │
│ sky130_fd_sc_hd__a221o_1                                                                                                        │ 7                          │
│ sky130_fd_sc_hd__a22o_1                                                                                                         │ 1                          │
│ sky130_fd_sc_hd__a2bb2o_1                                                                                                       │ 1                          │
│ sky130_fd_sc_hd__a2bb2o_4                                                                                                       │ 1                          │
│ sky130_fd_sc_hd__a2bb2oi_1                                                                                                      │ 1                          │
│ sky130_fd_sc_hd__a311o_1                                                                                                        │ 2                          │
│ sky130_fd_sc_hd__a31o_1                                                                                                         │ 2                          │
│ sky130_fd_sc_hd__a32o_1                                                                                                         │ 2                          │
│ sky130_fd_sc_hd__and2_1                                                                                                         │ 8                          │
│ sky130_fd_sc_hd__and2b_1                                                                                                        │ 2                          │
│ sky130_fd_sc_hd__and3_1                                                                                                         │ 5                          │
│ sky130_fd_sc_hd__and3_2                                                                                                         │ 1                          │
│ sky130_fd_sc_hd__and3b_1                                                                                                        │ 3                          │
│ sky130_fd_sc_hd__and4_1                                                                                                         │ 1                          │
│ sky130_fd_sc_hd__and4bb_1                                                                                                       │ 2                          │
│ sky130_fd_sc_hd__buf_1                                                                                                          │ 4                          │
│ sky130_fd_sc_hd__buf_2                                                                                                          │ 17                         │
│ sky130_fd_sc_hd__buf_6                                                                                                          │ 1                          │
│ sky130_fd_sc_hd__clkbuf_1                                                                                                       │ 27                         │
│ sky130_fd_sc_hd__clkbuf_16                                                                                                      │ 5                          │
│ sky130_fd_sc_hd__clkbuf_2                                                                                                       │ 4                          │
│ sky130_fd_sc_hd__clkbuf_4                                                                                                       │ 5                          │
│ sky130_fd_sc_hd__clkinv_2                                                                                                       │ 1                          │
│ sky130_fd_sc_hd__clkinvlp_4                                                                                                     │ 1                          │
│ sky130_fd_sc_hd__conb_1                                                                                                         │ 36                         │
│ sky130_fd_sc_hd__decap_3                                                                                                        │ 96                         │
│ sky130_fd_sc_hd__decap_4                                                                                                        │ 51                         │
│ sky130_fd_sc_hd__decap_6                                                                                                        │ 47                         │
│ sky130_fd_sc_hd__decap_8                                                                                                        │ 51                         │
│ sky130_fd_sc_hd__dfrtp_1                                                                                                        │ 35                         │
│ sky130_fd_sc_hd__dfrtp_2                                                                                                        │ 4                          │
│ sky130_fd_sc_hd__dfrtp_4                                                                                                        │ 1                          │
│ sky130_fd_sc_hd__dlygate4sd1_1                                                                                                  │ 1                          │
│ sky130_fd_sc_hd__dlygate4sd3_1                                                                                                  │ 6                          │
│ sky130_fd_sc_hd__fill_1                                                                                                         │ 99                         │
│ sky130_fd_sc_hd__fill_2                                                                                                         │ 45                         │
│ sky130_fd_sc_hd__inv_2                                                                                                          │ 12                         │
│ sky130_fd_sc_hd__mux2_1                                                                                                         │ 13                         │
│ sky130_fd_sc_hd__nand2_1                                                                                                        │ 4                          │
│ sky130_fd_sc_hd__nand2b_1                                                                                                       │ 1                          │
│ sky130_fd_sc_hd__nand3_1                                                                                                        │ 2                          │
│ sky130_fd_sc_hd__nand3b_4                                                                                                       │ 1                          │
│ sky130_fd_sc_hd__nor2_1                                                                                                         │ 7                          │
│ sky130_fd_sc_hd__nor2_2                                                                                                         │ 1                          │
│ sky130_fd_sc_hd__nor3_1                                                                                                         │ 2                          │
│ sky130_fd_sc_hd__nor3_2                                                                                                         │ 1                          │
│ sky130_fd_sc_hd__nor3b_1                                                                                                        │ 1                          │
│ sky130_fd_sc_hd__nor4_1                                                                                                         │ 2                          │
│ sky130_fd_sc_hd__nor4b_2                                                                                                        │ 1                          │
│ sky130_fd_sc_hd__o2111a_1                                                                                                       │ 1                          │
│ sky130_fd_sc_hd__o211a_1                                                                                                        │ 2                          │
│ sky130_fd_sc_hd__o211a_4                                                                                                        │ 1                          │
│ sky130_fd_sc_hd__o21a_1                                                                                                         │ 1                          │
│ sky130_fd_sc_hd__o21ai_1                                                                                                        │ 3                          │
│ sky130_fd_sc_hd__o21ba_1                                                                                                        │ 2                          │
│ sky130_fd_sc_hd__o21bai_1                                                                                                       │ 1                          │
│ sky130_fd_sc_hd__o22a_1                                                                                                         │ 1                          │
│ sky130_fd_sc_hd__o2bb2a_1                                                                                                       │ 1                          │
│ sky130_fd_sc_hd__o31a_1                                                                                                         │ 2                          │
│ sky130_fd_sc_hd__o31ai_1                                                                                                        │ 1                          │
│ sky130_fd_sc_hd__or2_1                                                                                                          │ 5                          │
│ sky130_fd_sc_hd__or3_1                                                                                                          │ 2                          │
│ sky130_fd_sc_hd__or3_4                                                                                                          │ 1                          │
│ sky130_fd_sc_hd__or3b_1                                                                                                         │ 1                          │
│ sky130_fd_sc_hd__or4_1                                                                                                          │ 2                          │
│ sky130_fd_sc_hd__or4_4                                                                                                          │ 1                          │
│ sky130_fd_sc_hd__or4b_1                                                                                                         │ 2                          │
│ sky130_fd_sc_hd__or4b_4                                                                                                         │ 1                          │
│ sky130_fd_sc_hd__or4bb_4                                                                                                        │ 1                          │
│ sky130_fd_sc_hd__tapvpwrvgnd_1                                                                                                  │ 96                         │
│ sky130_fd_sc_hd__xor2_1                                                                                                         │ 2                          │
└─────────────────────────────────────────────────────────────────────────────────────────────────────────────────────────────────┴────────────────────────────┘
