                                                                       Cells by Function                                                                        
┏━━━━━━━━━━━━━━━━━━━━━━━━━━━━━━━━━━━━━━━━━━━━━━━━━━━━━━━━━━━━━━━━━━━━━━━━━━━━━━━━━━━━━━━━━━━━━━━━━━━━━━━━━━━━━━━━━━━━━━━━━━━━━━━━┳━━━━━━━━━━━━━━━━━━━━━━━━━━━━━┓
┃ Cell Function                                                                                                                  ┃ Count                       ┃
┡━━━━━━━━━━━━━━━━━━━━━━━━━━━━━━━━━━━━━━━━━━━━━━━━━━━━━━━━━━━━━━━━━━━━━━━━━━━━━━━━━━━━━━━━━━━━━━━━━━━━━━━━━━━━━━━━━━━━━━━━━━━━━━━━╇━━━━━━━━━━━━━━━━━━━━━━━━━━━━━┩
│ sky130_ef_sc_hd__decap                                                                                                         │ 149                         │
│ sky130_fd_sc_hd__a2111o                                                                                                        │ 3                           │
│ sky130_fd_sc_hd__a211o                                                                                                         │ 4                           │
│ sky130_fd_sc_hd__a21o                                                                                                          │ 7                           │
│ sky130_fd_sc_hd__a21oi                                                                                                         │ 2                           │
│ sky130_fd_sc_hd__a221o                                                                                                         │ 7                           │
│ sky130_fd_sc_hd__a22o                                                                                                          │ 1                           │
│ sky130_fd_sc_hd__a2bb2o                                                                                                        │ 2                           │
│ sky130_fd_sc_hd__a2bb2oi                                                                                                       │ 1                           │
│ sky130_fd_sc_hd__a311o                                                                                                         │ 2                           │
│ sky130_fd_sc_hd__a31o                                                                                                          │ 2                           │
│ sky130_fd_sc_hd__a32o                                                                                                          │ 2                           │
│ sky130_fd_sc_hd__and2                                                                                                          │ 8                           │
│ sky130_fd_sc_hd__and2b                                                                                                         │ 2                           │
│ sky130_fd_sc_hd__and3                                                                                                          │ 6                           │
│ sky130_fd_sc_hd__and3b                                                                                                         │ 3                           │
│ sky130_fd_sc_hd__and4                                                                                                          │ 1                           │
│ sky130_fd_sc_hd__and4bb                                                                                                        │ 2                           │
│ sky130_fd_sc_hd__buf                                                                                                           │ 22                          │
│ sky130_fd_sc_hd__clkbuf                                                                                                        │ 41                          │
│ sky130_fd_sc_hd__clkinv                                                                                                        │ 1                           │
│ sky130_fd_sc_hd__clkinvlp                                                                                                      │ 1                           │
│ sky130_fd_sc_hd__conb                                                                                                          │ 36                          │
│ sky130_fd_sc_hd__decap                                                                                                         │ 245                         │
│ sky130_fd_sc_hd__dfrtp                                                                                                         │ 40                          │
│ sky130_fd_sc_hd__dlygate4sd1                                                                                                   │ 1                           │
│ sky130_fd_sc_hd__dlygate4sd3                                                                                                   │ 6                           │
│ sky130_fd_sc_hd__fill                                                                                                          │ 144                         │
│ sky130_fd_sc_hd__inv                                                                                                           │ 12                          │
│ sky130_fd_sc_hd__mux2                                                                                                          │ 13                          │
│ sky130_fd_sc_hd__nand2                                                                                                         │ 4                           │
│ sky130_fd_sc_hd__nand2b                                                                                                        │ 1                           │
│ sky130_fd_sc_hd__nand3                                                                                                         │ 2                           │
│ sky130_fd_sc_hd__nand3b                                                                                                        │ 1                           │
│ sky130_fd_sc_hd__nor2                                                                                                          │ 8                           │
│ sky130_fd_sc_hd__nor3                                                                                                          │ 3                           │
│ sky130_fd_sc_hd__nor3b                                                                                                         │ 1                           │
│ sky130_fd_sc_hd__nor4                                                                                                          │ 2                           │
│ sky130_fd_sc_hd__nor4b                                                                                                         │ 1                           │
│ sky130_fd_sc_hd__o2111a                                                                                                        │ 1                           │
│ sky130_fd_sc_hd__o211a                                                                                                         │ 3                           │
│ sky130_fd_sc_hd__o21a                                                                                                          │ 1                           │
│ sky130_fd_sc_hd__o21ai                                                                                                         │ 3                           │
│ sky130_fd_sc_hd__o21ba                                                                                                         │ 2                           │
│ sky130_fd_sc_hd__o21bai                                                                                                        │ 1                           │
│ sky130_fd_sc_hd__o22a                                                                                                          │ 1                           │
│ sky130_fd_sc_hd__o2bb2a                                                                                                        │ 1                           │
│ sky130_fd_sc_hd__o31a                                                                                                          │ 2                           │
│ sky130_fd_sc_hd__o31ai                                                                                                         │ 1                           │
│ sky130_fd_sc_hd__or2                                                                                                           │ 5                           │
│ sky130_fd_sc_hd__or3                                                                                                           │ 3                           │
│ sky130_fd_sc_hd__or3b                                                                                                          │ 1                           │
│ sky130_fd_sc_hd__or4                                                                                                           │ 3                           │
│ sky130_fd_sc_hd__or4b                                                                                                          │ 3                           │
│ sky130_fd_sc_hd__or4bb                                                                                                         │ 1                           │
│ sky130_fd_sc_hd__tapvpwrvgnd                                                                                                   │ 96                          │
│ sky130_fd_sc_hd__xor2                                                                                                          │ 2                           │
└────────────────────────────────────────────────────────────────────────────────────────────────────────────────────────────────┴─────────────────────────────┘
