┏━━━━━━━━━━━━━━━━━━━━━━┳━━━━━━━━━━┳━━━━━━━━━━┳━━━━━━━━━━┳━━━━━━━━━━┳━━━━━━━━━━━┳━━━━━━━━━━┳━━━━━━━━━━━┳━━━━━━━━━━┳━━━━━━━━━━━┳━━━━━━━━━━┳━━━━━━━━━━━┳━━━━━━━━━━┓
┃                      ┃ Hold     ┃ Reg to   ┃          ┃          ┃ of which  ┃ Setup    ┃           ┃          ┃           ┃ of which ┃           ┃          ┃
┃                      ┃ Worst    ┃ Reg      ┃          ┃ Hold Vio ┃ reg to    ┃ Worst    ┃ Reg to    ┃ Setup    ┃ Setup Vio ┃ reg to   ┃ Max Cap   ┃ Max Slew ┃
┃ Corner/Group         ┃ Slack    ┃ Paths    ┃ Hold TNS ┃ Count    ┃ reg       ┃ Slack    ┃ Reg Paths ┃ TNS      ┃ Count     ┃ reg      ┃ Violatio… ┃ Violati… ┃
┡━━━━━━━━━━━━━━━━━━━━━━╇━━━━━━━━━━╇━━━━━━━━━━╇━━━━━━━━━━╇━━━━━━━━━━╇━━━━━━━━━━━╇━━━━━━━━━━╇━━━━━━━━━━━╇━━━━━━━━━━╇━━━━━━━━━━━╇━━━━━━━━━━╇━━━━━━━━━━━╇━━━━━━━━━━┩
│ Overall              │ 0.0779   │ 0.0779   │ 0.0000   │ 0        │ 0         │ -1.0259  │ -1.0259   │ -8.8243  │ 14        │ 14       │ 1         │ 52       │
│ nom_tt_025C_1v80     │ 0.2580   │ 0.2580   │ 0.0000   │ 0        │ 0         │ 2.0258   │ 2.0258    │ 0.0000   │ 0         │ 0        │ 0         │ 11       │
│ nom_ss_100C_1v60     │ 0.4570   │ 0.7618   │ 0.0000   │ 0        │ 0         │ -1.0259  │ -1.0259   │ -8.8243  │ 14        │ 14       │ 1         │ 52       │
│ nom_ff_n40C_1v95     │ 0.0779   │ 0.0779   │ 0.0000   │ 0        │ 0         │ 2.6061   │ 3.0984    │ 0.0000   │ 0         │ 0        │ 0         │ 11       │
└──────────────────────┴──────────┴──────────┴──────────┴──────────┴───────────┴──────────┴───────────┴──────────┴───────────┴──────────┴───────────┴──────────┘
