Clock: clk
Sources: clk 
Generated: no
Virtual: yes
Propagated: no
Period: 5.000000

===========================================================================
report_clock_properties
============================================================================
Clock                   Period          Waveform
----------------------------------------------------
clk                   5.000000    0.000000  2.500000

===========================================================================
report_clock_latency
============================================================================
Clock clk
rise -> rise
    min     max
0.000000 0.000000 source latency
0.334412         network latency _1106_/CLK
        2.425706 network latency _0856_/GATE_N
---------------
0.334412 2.425706 latency
        2.091295 skew

rise -> fall
    min     max
0.000000 0.000000 source latency
1.192920         network latency _0841_/GATE_N
        2.834331 network latency _0856_/GATE_N
---------------
1.192920 2.834331 latency
        1.641411 skew

fall -> fall
    min     max
0.000000 0.000000 source latency
0.319052         network latency _1106_/CLK
        0.322569 network latency _1102_/CLK
---------------
0.319052 0.322569 latency
        0.003517 skew



===========================================================================
report_clock_min_period
============================================================================
clk period_min = 2.89 fmax = 345.66
