
===========================================================================
 report_power
============================================================================
======================= nom_tt_025C_1v80 Corner ===================================

Group                    Internal    Switching      Leakage        Total
                            Power        Power        Power        Power (Watts)
------------------------------------------------------------------------
Sequential           1.429771e-03 2.887412e-04 2.620929e-09 1.718515e-03  32.1%
Combinational        1.483096e-03 1.991849e-03 2.420421e-09 3.474948e-03  64.8%
Clock                1.131312e-04 5.294768e-05 1.444514e-09 1.660803e-04   3.1%
Macro                0.000000e+00 0.000000e+00 0.000000e+00 0.000000e+00   0.0%
Pad                  0.000000e+00 0.000000e+00 0.000000e+00 0.000000e+00   0.0%
------------------------------------------------------------------------
Total                3.025997e-03 2.333540e-03 6.485847e-09 5.359544e-03 100.0%
                            56.5%        43.5%         0.0%

