Clock: clk
Sources: clk 
Generated: no
Virtual: yes
Propagated: no
Period: 5.000000

===========================================================================
report_clock_properties
============================================================================
Clock                   Period          Waveform
----------------------------------------------------
clk                   5.000000    0.000000  2.500000

===========================================================================
report_clock_latency
============================================================================
Clock clk
rise -> rise
    min     max
0.000000 0.000000 source latency
0.241582         network latency _285_/CLK
        0.250522 network latency _297_/CLK
---------------
0.241582 0.250522 latency
        0.008940 skew

fall -> fall
    min     max
0.000000 0.000000 source latency
0.228388         network latency _285_/CLK
        0.235927 network latency _297_/CLK
---------------
0.228388 0.235927 latency
        0.007540 skew



===========================================================================
report_clock_min_period
============================================================================
clk period_min = 1.77 fmax = 565.28
