
===========================================================================
 report_power
============================================================================
======================= min_ss_100C_1v60 Corner ===================================

Group                    Internal    Switching      Leakage        Total
                            Power        Power        Power        Power (Watts)
------------------------------------------------------------------------
Sequential           1.146410e-03 2.196284e-04 4.171044e-06 1.370210e-03  32.7%
Combinational        1.214733e-03 1.475914e-03 3.393915e-06 2.694041e-03  64.2%
Clock                9.193653e-05 3.933468e-05 6.487248e-08 1.313361e-04   3.1%
Macro                0.000000e+00 0.000000e+00 0.000000e+00 0.000000e+00   0.0%
Pad                  0.000000e+00 0.000000e+00 0.000000e+00 0.000000e+00   0.0%
------------------------------------------------------------------------
Total                2.453080e-03 1.734877e-03 7.629848e-06 4.195588e-03 100.0%
                            58.5%        41.4%         0.2%

