
===========================================================================
Violator List
============================================================================
[setup reg-reg] _0796_/Q -> _1105_/D : -0.432374
[setup reg-reg] _0796_/Q -> _1108_/D : -0.414467
[setup reg-reg] _0796_/Q -> _1107_/D : -0.407125
[setup reg-out] _0795_/Q -> PENABLE : -0.403742
[setup reg-reg] _0796_/Q -> _1106_/D : -0.392080
[setup reg-out] _0796_/Q -> PSEL1 : -0.378625
[setup reg-out] _0796_/Q -> PSEL3 : -0.375346
[setup reg-out] _0796_/Q -> PSEL4 : -0.339271
[setup reg-out] _0796_/Q -> PSEL2 : -0.333499
[setup reg-out] _0796_/Q -> PWRITE : -0.260707
[setup reg-reg] _0796_/Q -> _1103_/D : -0.175223
[setup reg-reg] _0796_/Q -> _1101_/D : -0.159717
[setup reg-reg] _0796_/Q -> _1099_/D : -0.131613
[setup reg-reg] _0796_/Q -> _0796_/D : -0.118438
[setup reg-reg] _0796_/Q -> _1102_/D : -0.112909
[setup reg-reg] _0796_/Q -> _1098_/D : -0.095235
[setup reg-reg] _0796_/Q -> _0797_/D : -0.074372
[setup reg-out] _0796_/Q -> awready : -0.056453
[setup reg-out] _0796_/Q -> rlast : -0.011653
[setup reg-reg] _0796_/Q -> _0802_/D : -0.002458
