Clock: clk
Sources: clk 
Generated: no
Virtual: yes
Propagated: no
Period: 20.000000

===========================================================================
report_clock_properties
============================================================================
Clock                   Period          Waveform
----------------------------------------------------
clk                  20.000000    0.000000 10.000000

===========================================================================
report_clock_latency
============================================================================
Clock clk
rise -> rise
    min     max
0.000000 0.000000 source latency
0.556868         network latency _0795_/CLK
        6.040242 network latency _0931_/GATE_N
---------------
0.556868 6.040242 latency
        5.483374 skew

rise -> fall
    min     max
0.000000 0.000000 source latency
2.135815         network latency _0823_/GATE_N
        6.310785 network latency _0842_/GATE_N
---------------
2.135815 6.310785 latency
        4.174970 skew

fall -> fall
    min     max
0.000000 0.000000 source latency
0.557420         network latency _0795_/CLK
        0.563584 network latency _0797_/CLK
---------------
0.557420 0.563584 latency
        0.006164 skew



===========================================================================
report_clock_min_period
============================================================================
clk period_min = 6.60 fmax = 151.63
