Clock: clk
Sources: clk 
Generated: no
Virtual: no
Propagated: no
Period: 20.000000

===========================================================================
report_clock_properties
============================================================================
Clock                   Period          Waveform
----------------------------------------------------
clk                  20.000000    0.000000 10.000000

===========================================================================
report_clock_latency
============================================================================
Clock clk
rise -> rise
    min     max
0.000000 0.000000 source latency
0.169615         network latency _0795_/CLK
        5.144692 network latency _0842_/GATE_N
---------------
0.169615 5.144692 latency
        4.975077 skew

rise -> fall
    min     max
0.000000 0.000000 source latency
1.550289         network latency _0819_/GATE_N
        5.406566 network latency _0858_/GATE_N
---------------
1.550289 5.406566 latency
        3.856276 skew

fall -> fall
    min     max
0.000000 0.000000 source latency
0.094458         network latency _0795_/CLK
        0.094458 network latency _0795_/CLK
---------------
0.094458 0.094458 latency
        0.000000 skew



===========================================================================
report_clock_min_period
============================================================================
clk period_min = 7.09 fmax = 140.97
