
===========================================================================
report_checks -unconstrained
===========================================================================
======================= nom_tt_025C_1v80 Corner ===================================

Startpoint: res_n (input port clocked by clk)
Endpoint: _0796_ (recovery check against rising-edge clock clk)
Path Group: asynchronous
Path Type: max

Fanout         Cap        Slew       Delay        Time   Description
---------------------------------------------------------------------------------------------
                                  0.000000    0.000000   clock clk (rise edge)
                                  0.000000    0.000000   clock network delay (propagated)
                                  1.000000    1.000000 ^ input external delay
    19    0.084678    0.383737    0.265479    1.265479 ^ res_n (in)
                                                         res_n (net)
                      0.383749    0.000000    1.265479 ^ _0796_/RESET_B (sky130_fd_sc_hd__dfrtp_2)
                                              1.265479   data arrival time

                                  5.000000    5.000000   clock clk (rise edge)
                                  0.000000    5.000000   clock source latency
    19    0.051612    0.236195    0.163820    5.163820 ^ clk (in)
                                                         clk (net)
                      0.236202    0.000000    5.163820 ^ _0796_/CLK (sky130_fd_sc_hd__dfrtp_2)
                                 -0.250000    4.913820   clock uncertainty
                                  0.000000    4.913820   clock reconvergence pessimism
                                  0.180083    5.093902   library recovery time
                                              5.093902   data required time
---------------------------------------------------------------------------------------------
                                              5.093902   data required time
                                             -1.265479   data arrival time
---------------------------------------------------------------------------------------------
                                              3.828423   slack (MET)


Startpoint: _0796_ (rising edge-triggered flip-flop clocked by clk)
Endpoint: PSEL1 (output port clocked by clk)
Path Group: clk
Path Type: max

Fanout         Cap        Slew       Delay        Time   Description
---------------------------------------------------------------------------------------------
                                  0.000000    0.000000   clock clk (rise edge)
                                  0.000000    0.000000   clock source latency
    19    0.051612    0.236195    0.163820    0.163820 ^ clk (in)
                                                         clk (net)
                      0.236202    0.000000    0.163820 ^ _0796_/CLK (sky130_fd_sc_hd__dfrtp_2)
    14    0.032395    0.108471    0.527984    0.691804 v _0796_/Q (sky130_fd_sc_hd__dfrtp_2)
                                                         current_state[1] (net)
                      0.108471    0.000210    0.692014 v _0438_/A (sky130_fd_sc_hd__or4b_2)
     6    0.021895    0.165316    0.785108    1.477122 v _0438_/X (sky130_fd_sc_hd__or4b_2)
                                                         _0125_ (net)
                      0.165316    0.000147    1.477269 v _0439_/A (sky130_fd_sc_hd__inv_2)
    17    0.096174    0.433885    0.384357    1.861627 ^ _0439_/Y (sky130_fd_sc_hd__inv_2)
                                                         arready (net)
                      0.433886    0.000482    1.862108 ^ _0443_/A (sky130_fd_sc_hd__nor2_2)
     6    0.021464    0.123796    0.155300    2.017408 v _0443_/Y (sky130_fd_sc_hd__nor2_2)
                                                         _0129_ (net)
                      0.123796    0.000049    2.017457 v _0446_/A2 (sky130_fd_sc_hd__a211oi_2)
     1    0.037607    0.669179    0.631209    2.648666 ^ _0446_/Y (sky130_fd_sc_hd__a211oi_2)
                                                         PSEL1 (net)
                      0.669181    0.000920    2.649586 ^ PSEL1 (out)
                                              2.649586   data arrival time

                                  5.000000    5.000000   clock clk (rise edge)
                                  0.000000    5.000000   clock network delay (propagated)
                                 -0.250000    4.750000   clock uncertainty
                                  0.000000    4.750000   clock reconvergence pessimism
                                 -1.000000    3.750000   output external delay
                                              3.750000   data required time
---------------------------------------------------------------------------------------------
                                              3.750000   data required time
                                             -2.649586   data arrival time
---------------------------------------------------------------------------------------------
                                              1.100414   slack (MET)




===========================================================================
report_checks --slack_max -0.01
============================================================================
======================= nom_tt_025C_1v80 Corner ===================================

No paths found.


===========================================================================
 report_check_types -max_slew -max_cap -max_fanout -violators
============================================================================
======================= nom_tt_025C_1v80 Corner ===================================

max slew

Pin                                        Limit        Slew       Slack
------------------------------------------------------------------------
_0410_/Y                                0.750000    1.504830   -0.754830 (VIOLATED)
_0411_/B                                0.750000    1.504830   -0.754830 (VIOLATED)
_0469_/A2                               0.750000    1.504830   -0.754830 (VIOLATED)
_0477_/A2                               0.750000    1.504830   -0.754830 (VIOLATED)
_0490_/A2                               0.750000    1.504830   -0.754830 (VIOLATED)
_0500_/A2                               0.750000    1.504830   -0.754830 (VIOLATED)
_0507_/A2                               0.750000    1.504830   -0.754830 (VIOLATED)
_0523_/B1                               0.750000    1.504830   -0.754830 (VIOLATED)
_0534_/A2                               0.750000    1.504830   -0.754830 (VIOLATED)
_0544_/A2                               0.750000    1.504830   -0.754830 (VIOLATED)
_0552_/A2                               0.750000    1.504830   -0.754830 (VIOLATED)
_0568_/B1                               0.750000    1.504830   -0.754830 (VIOLATED)
_0579_/A2                               0.750000    1.504830   -0.754830 (VIOLATED)
_0590_/A2                               0.750000    1.504830   -0.754830 (VIOLATED)
_0599_/A2                               0.750000    1.504830   -0.754830 (VIOLATED)
_0606_/A2                               0.750000    1.504830   -0.754830 (VIOLATED)
_0623_/A2                               0.750000    1.504830   -0.754830 (VIOLATED)
_0633_/A2                               0.750000    1.504830   -0.754830 (VIOLATED)
_0408_/Y                                0.750000    1.499534   -0.749534 (VIOLATED)
_0409_/B                                0.750000    1.499534   -0.749534 (VIOLATED)
_0468_/A2                               0.750000    1.499534   -0.749534 (VIOLATED)
_0476_/A2                               0.750000    1.499534   -0.749534 (VIOLATED)
_0491_/A2                               0.750000    1.499534   -0.749534 (VIOLATED)
_0502_/A2                               0.750000    1.499534   -0.749534 (VIOLATED)
_0513_/A2                               0.750000    1.499534   -0.749534 (VIOLATED)
_0523_/A2                               0.750000    1.499534   -0.749534 (VIOLATED)
_0533_/A2                               0.750000    1.499534   -0.749534 (VIOLATED)
_0545_/A2                               0.750000    1.499534   -0.749534 (VIOLATED)
_0555_/A2                               0.750000    1.499534   -0.749534 (VIOLATED)
_0568_/A2                               0.750000    1.499534   -0.749534 (VIOLATED)
_0578_/A2                               0.750000    1.499534   -0.749534 (VIOLATED)
_0589_/A2                               0.750000    1.499534   -0.749534 (VIOLATED)
_0601_/A2                               0.750000    1.499534   -0.749534 (VIOLATED)
_0613_/A2                               0.750000    1.499534   -0.749534 (VIOLATED)
_0622_/A2                               0.750000    1.499534   -0.749534 (VIOLATED)
_0634_/A2                               0.750000    1.499534   -0.749534 (VIOLATED)
_0422_/Y                                0.750000    1.458548   -0.708548 (VIOLATED)
_0423_/B                                0.750000    1.458548   -0.708548 (VIOLATED)
_0470_/A2                               0.750000    1.458548   -0.708548 (VIOLATED)
_0481_/A2                               0.750000    1.458548   -0.708548 (VIOLATED)
_0489_/A2                               0.750000    1.458548   -0.708548 (VIOLATED)
_0500_/B1                               0.750000    1.458548   -0.708548 (VIOLATED)
_0512_/A2                               0.750000    1.458548   -0.708548 (VIOLATED)
_0522_/A2                               0.750000    1.458548   -0.708548 (VIOLATED)
_0535_/B1                               0.750000    1.458548   -0.708548 (VIOLATED)
_0546_/B1                               0.750000    1.458548   -0.708548 (VIOLATED)
_0554_/A2                               0.750000    1.458548   -0.708548 (VIOLATED)
_0569_/A2                               0.750000    1.458548   -0.708548 (VIOLATED)
_0579_/B1                               0.750000    1.458548   -0.708548 (VIOLATED)
_0591_/A2                               0.750000    1.458548   -0.708548 (VIOLATED)
_0599_/B1                               0.750000    1.458548   -0.708548 (VIOLATED)
_0610_/A2                               0.750000    1.458548   -0.708548 (VIOLATED)
_0623_/B1                               0.750000    1.458548   -0.708548 (VIOLATED)
_0633_/B1                               0.750000    1.458548   -0.708548 (VIOLATED)
_0487_/A2                               0.750000    1.415973   -0.665973 (VIOLATED)
_0564_/A2                               0.750000    1.415973   -0.665973 (VIOLATED)
_0414_/Y                                0.750000    1.415971   -0.665971 (VIOLATED)
_0415_/B                                0.750000    1.415971   -0.665971 (VIOLATED)
_0464_/A2                               0.750000    1.415971   -0.665971 (VIOLATED)
_0475_/A2                               0.750000    1.415971   -0.665971 (VIOLATED)
_0496_/A2                               0.750000    1.415971   -0.665971 (VIOLATED)
_0510_/A2                               0.750000    1.415971   -0.665971 (VIOLATED)
_0521_/A2                               0.750000    1.415971   -0.665971 (VIOLATED)
_0531_/A2                               0.750000    1.415971   -0.665971 (VIOLATED)
_0543_/A2                               0.750000    1.415971   -0.665971 (VIOLATED)
_0553_/B1                               0.750000    1.415971   -0.665971 (VIOLATED)
_0575_/A2                               0.750000    1.415971   -0.665971 (VIOLATED)
_0585_/A2                               0.750000    1.415971   -0.665971 (VIOLATED)
_0598_/A2                               0.750000    1.415971   -0.665971 (VIOLATED)
_0608_/A2                               0.750000    1.415971   -0.665971 (VIOLATED)
_0620_/A2                               0.750000    1.415971   -0.665971 (VIOLATED)
_0631_/A2                               0.750000    1.415971   -0.665971 (VIOLATED)
_0397_/Y                                0.750000    1.413730   -0.663730 (VIOLATED)
_0407_/A                                0.750000    1.413730   -0.663730 (VIOLATED)
_0470_/C1                               0.750000    1.413730   -0.663730 (VIOLATED)
_0480_/C1                               0.750000    1.413730   -0.663730 (VIOLATED)
_0492_/C1                               0.750000    1.413730   -0.663730 (VIOLATED)
_0503_/C1                               0.750000    1.413730   -0.663730 (VIOLATED)
_0513_/C1                               0.750000    1.413730   -0.663730 (VIOLATED)
_0525_/C1                               0.750000    1.413730   -0.663730 (VIOLATED)
_0536_/C1                               0.750000    1.413730   -0.663730 (VIOLATED)
_0547_/C1                               0.750000    1.413730   -0.663730 (VIOLATED)
_0555_/C1                               0.750000    1.413730   -0.663730 (VIOLATED)
_0569_/C1                               0.750000    1.413730   -0.663730 (VIOLATED)
_0580_/C1                               0.750000    1.413730   -0.663730 (VIOLATED)
_0591_/C1                               0.750000    1.413730   -0.663730 (VIOLATED)
_0602_/C1                               0.750000    1.413730   -0.663730 (VIOLATED)
_0610_/C1                               0.750000    1.413730   -0.663730 (VIOLATED)
_0624_/C1                               0.750000    1.413730   -0.663730 (VIOLATED)
_0635_/C1                               0.750000    1.413730   -0.663730 (VIOLATED)
_0411_/A                                0.750000    0.894310   -0.144310 (VIOLATED)
_0425_/A                                0.750000    0.894310   -0.144310 (VIOLATED)
_0427_/A                                0.750000    0.894310   -0.144310 (VIOLATED)
_0429_/A                                0.750000    0.894310   -0.144310 (VIOLATED)
_0423_/A                                0.750000    0.894310   -0.144310 (VIOLATED)
_0409_/A                                0.750000    0.894310   -0.144310 (VIOLATED)
_0413_/A                                0.750000    0.894310   -0.144310 (VIOLATED)
_0407_/B                                0.750000    0.894309   -0.144309 (VIOLATED)
_0417_/A                                0.750000    0.894308   -0.144308 (VIOLATED)
_0421_/A                                0.750000    0.894308   -0.144308 (VIOLATED)
_0433_/A                                0.750000    0.894308   -0.144308 (VIOLATED)
_0435_/A                                0.750000    0.894308   -0.144308 (VIOLATED)
_0437_/A                                0.750000    0.894308   -0.144308 (VIOLATED)
_0406_/Y                                0.750000    0.894306   -0.144306 (VIOLATED)
_0415_/A                                0.750000    0.894306   -0.144306 (VIOLATED)
_0419_/A                                0.750000    0.894306   -0.144306 (VIOLATED)
_0431_/A                                0.750000    0.894306   -0.144306 (VIOLATED)
_0657_/S                                0.750000    0.879165   -0.129165 (VIOLATED)
_0665_/S                                0.750000    0.879165   -0.129165 (VIOLATED)
_0669_/S                                0.750000    0.879165   -0.129165 (VIOLATED)
_0666_/S                                0.750000    0.879165   -0.129165 (VIOLATED)
_0658_/S                                0.750000    0.879164   -0.129164 (VIOLATED)
_0662_/S                                0.750000    0.879164   -0.129164 (VIOLATED)
_0655_/S                                0.750000    0.879164   -0.129164 (VIOLATED)
_0664_/S                                0.750000    0.879163   -0.129163 (VIOLATED)
_0663_/S                                0.750000    0.879163   -0.129163 (VIOLATED)
_0667_/S                                0.750000    0.879160   -0.129160 (VIOLATED)
_0670_/S                                0.750000    0.879156   -0.129156 (VIOLATED)
_0661_/S                                0.750000    0.879155   -0.129155 (VIOLATED)
_0400_/Y                                0.750000    0.879151   -0.129151 (VIOLATED)
_0401_/B                                0.750000    0.879151   -0.129151 (VIOLATED)
_0451_/A                                0.750000    0.879151   -0.129151 (VIOLATED)
_0656_/S                                0.750000    0.879151   -0.129151 (VIOLATED)
_0659_/S                                0.750000    0.879151   -0.129151 (VIOLATED)
_0660_/S                                0.750000    0.879151   -0.129151 (VIOLATED)
_0668_/S                                0.750000    0.879151   -0.129151 (VIOLATED)

max fanout

Pin                                   Limit Fanout  Slack
---------------------------------------------------------
_0462_/Y                                 10     20    -10 (VIOLATED)
_1105_/Q                                 10     20    -10 (VIOLATED)
_1106_/Q                                 10     20    -10 (VIOLATED)
_1107_/Q                                 10     20    -10 (VIOLATED)
clk                                      10     19     -9 (VIOLATED)
res_n                                    10     19     -9 (VIOLATED)
_0453_/X                                 10     19     -9 (VIOLATED)
_1108_/Q                                 10     19     -9 (VIOLATED)
_0400_/Y                                 10     18     -8 (VIOLATED)
_0397_/Y                                 10     17     -7 (VIOLATED)
_0408_/Y                                 10     17     -7 (VIOLATED)
_0410_/Y                                 10     17     -7 (VIOLATED)
_0412_/X                                 10     17     -7 (VIOLATED)
_0414_/Y                                 10     17     -7 (VIOLATED)
_0416_/X                                 10     17     -7 (VIOLATED)
_0418_/X                                 10     17     -7 (VIOLATED)
_0420_/X                                 10     17     -7 (VIOLATED)
_0422_/Y                                 10     17     -7 (VIOLATED)
_0424_/X                                 10     17     -7 (VIOLATED)
_0426_/X                                 10     17     -7 (VIOLATED)
_0428_/X                                 10     17     -7 (VIOLATED)
_0430_/X                                 10     17     -7 (VIOLATED)
_0432_/X                                 10     17     -7 (VIOLATED)
_0434_/X                                 10     17     -7 (VIOLATED)
_0436_/X                                 10     17     -7 (VIOLATED)
_0678_/X                                 10     17     -7 (VIOLATED)
_0398_/X                                 10     16     -6 (VIOLATED)
_0406_/Y                                 10     16     -6 (VIOLATED)
_0407_/Y                                 10     16     -6 (VIOLATED)
_0409_/Y                                 10     16     -6 (VIOLATED)
_0411_/Y                                 10     16     -6 (VIOLATED)
_0413_/Y                                 10     16     -6 (VIOLATED)
_0415_/Y                                 10     16     -6 (VIOLATED)
_0417_/Y                                 10     16     -6 (VIOLATED)
_0419_/Y                                 10     16     -6 (VIOLATED)
_0421_/Y                                 10     16     -6 (VIOLATED)
_0423_/Y                                 10     16     -6 (VIOLATED)
_0425_/Y                                 10     16     -6 (VIOLATED)
_0427_/Y                                 10     16     -6 (VIOLATED)
_0429_/Y                                 10     16     -6 (VIOLATED)
_0431_/Y                                 10     16     -6 (VIOLATED)
_0433_/Y                                 10     16     -6 (VIOLATED)
_0435_/Y                                 10     16     -6 (VIOLATED)
_0437_/Y                                 10     16     -6 (VIOLATED)
_0439_/Y                                 10     16     -6 (VIOLATED)
_0655_/X                                 10     16     -6 (VIOLATED)
_0656_/X                                 10     16     -6 (VIOLATED)
_0657_/X                                 10     16     -6 (VIOLATED)
_0658_/X                                 10     16     -6 (VIOLATED)
_0659_/X                                 10     16     -6 (VIOLATED)
_0660_/X                                 10     16     -6 (VIOLATED)
_0661_/X                                 10     16     -6 (VIOLATED)
_0662_/X                                 10     16     -6 (VIOLATED)
_0663_/X                                 10     16     -6 (VIOLATED)
_0664_/X                                 10     16     -6 (VIOLATED)
_0665_/X                                 10     16     -6 (VIOLATED)
_0666_/X                                 10     16     -6 (VIOLATED)
_0667_/X                                 10     16     -6 (VIOLATED)
_0668_/X                                 10     16     -6 (VIOLATED)
_0669_/X                                 10     16     -6 (VIOLATED)
_0670_/X                                 10     16     -6 (VIOLATED)
_0683_/X                                 10     16     -6 (VIOLATED)
_0795_/Q                                 10     15     -5 (VIOLATED)
_0796_/Q                                 10     14     -4 (VIOLATED)
_0798_/Q                                 10     12     -2 (VIOLATED)
_0442_/Y                                 10     11        (VIOLATED)
_0797_/Q                                 10     11        (VIOLATED)

max capacitance

Pin                                        Limit         Cap       Slack
------------------------------------------------------------------------
_0410_/Y                                0.065012    0.066887   -0.001875 (VIOLATED)
_0408_/Y                                0.065012    0.066657   -0.001645 (VIOLATED)



===========================================================================
report_parasitic_annotation -report_unannotated
============================================================================
Found 0 unannotated drivers.
Found 0 partially unannotated drivers.

===========================================================================
max slew violation count 126
Writing metric design__max_slew_violation__count__corner:nom_tt_025C_1v80: 126
max fanout violation count 67
Writing metric design__max_fanout_violation__count__corner:nom_tt_025C_1v80: 67
max cap violation count 2
Writing metric design__max_cap_violation__count__corner:nom_tt_025C_1v80: 2
============================================================================

===========================================================================
check_setup -verbose -unconstrained_endpoints -multiple_clock -no_clock -no_input_delay -loops -generated_clocks
===========================================================================
Warning: There are 295 unclocked register/latch pins.
  _0803_/GATE_N
  _0804_/GATE_N
  _0805_/GATE_N
  _0806_/GATE_N
  _0807_/GATE_N
  _0808_/GATE_N
  _0809_/GATE_N
  _0810_/GATE_N
  _0811_/GATE_N
  _0812_/GATE_N
  _0813_/GATE_N
  _0814_/GATE_N
  _0815_/GATE_N
  _0816_/GATE_N
  _0817_/GATE_N
  _0818_/GATE_N
  _0819_/GATE_N
  _0820_/GATE_N
  _0821_/GATE_N
  _0822_/GATE_N
  _0823_/GATE_N
  _0824_/GATE_N
  _0825_/GATE_N
  _0826_/GATE_N
  _0827_/GATE_N
  _0828_/GATE_N
  _0829_/GATE_N
  _0830_/GATE_N
  _0831_/GATE_N
  _0832_/GATE_N
  _0833_/GATE_N
  _0834_/GATE_N
  _0835_/GATE_N
  _0836_/GATE_N
  _0837_/GATE_N
  _0838_/GATE_N
  _0839_/GATE_N
  _0840_/GATE_N
  _0841_/GATE_N
  _0842_/GATE_N
  _0843_/GATE_N
  _0844_/GATE_N
  _0845_/GATE_N
  _0846_/GATE_N
  _0847_/GATE_N
  _0848_/GATE_N
  _0849_/GATE_N
  _0850_/GATE_N
  _0851_/GATE_N
  _0852_/GATE_N
  _0853_/GATE_N
  _0854_/GATE_N
  _0855_/GATE_N
  _0856_/GATE_N
  _0857_/GATE_N
  _0858_/GATE_N
  _0859_/GATE_N
  _0860_/GATE_N
  _0861_/GATE_N
  _0862_/GATE_N
  _0863_/GATE_N
  _0864_/GATE_N
  _0865_/GATE_N
  _0866_/GATE_N
  _0867_/GATE_N
  _0868_/GATE_N
  _0869_/GATE_N
  _0870_/GATE_N
  _0871_/GATE_N
  _0872_/GATE_N
  _0873_/GATE_N
  _0874_/GATE_N
  _0875_/GATE_N
  _0876_/GATE_N
  _0877_/GATE_N
  _0878_/GATE_N
  _0879_/GATE_N
  _0880_/GATE_N
  _0881_/GATE_N
  _0882_/GATE_N
  _0883_/GATE_N
  _0884_/GATE_N
  _0885_/GATE_N
  _0886_/GATE_N
  _0887_/GATE_N
  _0888_/GATE_N
  _0889_/GATE_N
  _0890_/GATE_N
  _0891_/GATE_N
  _0892_/GATE_N
  _0893_/GATE_N
  _0894_/GATE_N
  _0895_/GATE_N
  _0896_/GATE_N
  _0897_/GATE_N
  _0898_/GATE_N
  _0899_/GATE_N
  _0900_/GATE_N
  _0901_/GATE_N
  _0902_/GATE_N
  _0903_/GATE_N
  _0904_/GATE_N
  _0905_/GATE_N
  _0906_/GATE_N
  _0907_/GATE_N
  _0908_/GATE_N
  _0909_/GATE_N
  _0910_/GATE_N
  _0911_/GATE_N
  _0912_/GATE_N
  _0913_/GATE_N
  _0914_/GATE_N
  _0915_/GATE_N
  _0916_/GATE_N
  _0917_/GATE_N
  _0918_/GATE_N
  _0919_/GATE_N
  _0920_/GATE_N
  _0921_/GATE_N
  _0922_/GATE_N
  _0923_/GATE_N
  _0924_/GATE_N
  _0925_/GATE_N
  _0926_/GATE_N
  _0927_/GATE_N
  _0928_/GATE_N
  _0929_/GATE_N
  _0930_/GATE_N
  _0931_/GATE_N
  _0932_/GATE_N
  _0933_/GATE_N
  _0934_/GATE_N
  _0935_/GATE_N
  _0936_/GATE_N
  _0937_/GATE_N
  _0938_/GATE_N
  _0939_/GATE_N
  _0940_/GATE_N
  _0941_/GATE_N
  _0942_/GATE_N
  _0943_/GATE_N
  _0944_/GATE_N
  _0945_/GATE_N
  _0946_/GATE_N
  _0947_/GATE_N
  _0948_/GATE_N
  _0949_/GATE_N
  _0950_/GATE_N
  _0951_/GATE_N
  _0952_/GATE_N
  _0953_/GATE_N
  _0954_/GATE_N
  _0955_/GATE_N
  _0956_/GATE_N
  _0957_/GATE_N
  _0958_/GATE_N
  _0959_/GATE_N
  _0960_/GATE_N
  _0961_/GATE_N
  _0962_/GATE_N
  _0963_/GATE_N
  _0964_/GATE_N
  _0965_/GATE_N
  _0966_/GATE_N
  _0967_/GATE_N
  _0968_/GATE_N
  _0969_/GATE_N
  _0970_/GATE_N
  _0971_/GATE_N
  _0972_/GATE_N
  _0973_/GATE_N
  _0974_/GATE_N
  _0975_/GATE_N
  _0976_/GATE_N
  _0977_/GATE_N
  _0978_/GATE_N
  _0979_/GATE_N
  _0980_/GATE_N
  _0981_/GATE_N
  _0982_/GATE_N
  _0983_/GATE_N
  _0984_/GATE_N
  _0985_/GATE_N
  _0986_/GATE_N
  _0987_/GATE_N
  _0988_/GATE_N
  _0989_/GATE_N
  _0990_/GATE_N
  _0991_/GATE_N
  _0992_/GATE_N
  _0993_/GATE_N
  _0994_/GATE_N
  _0995_/GATE_N
  _0996_/GATE_N
  _0997_/GATE_N
  _0998_/GATE_N
  _0999_/GATE_N
  _1000_/GATE_N
  _1001_/GATE_N
  _1002_/GATE_N
  _1003_/GATE_N
  _1004_/GATE_N
  _1005_/GATE_N
  _1006_/GATE_N
  _1007_/GATE_N
  _1008_/GATE_N
  _1009_/GATE_N
  _1010_/GATE_N
  _1011_/GATE_N
  _1012_/GATE_N
  _1013_/GATE_N
  _1014_/GATE_N
  _1015_/GATE_N
  _1016_/GATE_N
  _1017_/GATE_N
  _1018_/GATE_N
  _1019_/GATE_N
  _1020_/GATE_N
  _1021_/GATE_N
  _1022_/GATE_N
  _1023_/GATE_N
  _1024_/GATE_N
  _1025_/GATE_N
  _1026_/GATE_N
  _1027_/GATE_N
  _1028_/GATE_N
  _1029_/GATE_N
  _1030_/GATE_N
  _1031_/GATE_N
  _1032_/GATE_N
  _1033_/GATE_N
  _1034_/GATE_N
  _1035_/GATE_N
  _1036_/GATE_N
  _1037_/GATE_N
  _1038_/GATE_N
  _1039_/GATE_N
  _1040_/GATE_N
  _1041_/GATE_N
  _1042_/GATE_N
  _1043_/GATE_N
  _1044_/GATE_N
  _1045_/GATE_N
  _1046_/GATE_N
  _1047_/GATE_N
  _1048_/GATE_N
  _1049_/GATE_N
  _1050_/GATE_N
  _1051_/GATE_N
  _1052_/GATE_N
  _1053_/GATE_N
  _1054_/GATE_N
  _1055_/GATE_N
  _1056_/GATE_N
  _1057_/GATE_N
  _1058_/GATE_N
  _1059_/GATE_N
  _1060_/GATE_N
  _1061_/GATE_N
  _1062_/GATE_N
  _1063_/GATE_N
  _1064_/GATE_N
  _1065_/GATE_N
  _1066_/GATE_N
  _1067_/GATE_N
  _1068_/GATE_N
  _1069_/GATE_N
  _1070_/GATE_N
  _1071_/GATE_N
  _1072_/GATE_N
  _1073_/GATE_N
  _1074_/GATE_N
  _1075_/GATE_N
  _1076_/GATE_N
  _1077_/GATE_N
  _1078_/GATE_N
  _1079_/GATE_N
  _1080_/GATE_N
  _1081_/GATE_N
  _1082_/GATE_N
  _1083_/GATE_N
  _1084_/GATE_N
  _1085_/GATE_N
  _1086_/GATE_N
  _1087_/GATE_N
  _1088_/GATE_N
  _1089_/GATE_N
  _1090_/GATE_N
  _1091_/GATE_N
  _1092_/GATE_N
  _1093_/GATE_N
  _1094_/GATE_N
  _1095_/GATE_N
  _1096_/GATE_N
  _1097_/GATE_N
Warning: There are 327 unconstrained endpoints.
  PWDATA[0]
  PWDATA[10]
  PWDATA[11]
  PWDATA[12]
  PWDATA[13]
  PWDATA[14]
  PWDATA[15]
  PWDATA[1]
  PWDATA[2]
  PWDATA[3]
  PWDATA[4]
  PWDATA[5]
  PWDATA[6]
  PWDATA[7]
  PWDATA[8]
  PWDATA[9]
  rdata[0]
  rdata[10]
  rdata[11]
  rdata[12]
  rdata[13]
  rdata[14]
  rdata[15]
  rdata[1]
  rdata[2]
  rdata[3]
  rdata[4]
  rdata[5]
  rdata[6]
  rdata[7]
  rdata[8]
  rdata[9]
  _0803_/D
  _0804_/D
  _0805_/D
  _0806_/D
  _0807_/D
  _0808_/D
  _0809_/D
  _0810_/D
  _0811_/D
  _0812_/D
  _0813_/D
  _0814_/D
  _0815_/D
  _0816_/D
  _0817_/D
  _0818_/D
  _0819_/D
  _0820_/D
  _0821_/D
  _0822_/D
  _0823_/D
  _0824_/D
  _0825_/D
  _0826_/D
  _0827_/D
  _0828_/D
  _0829_/D
  _0830_/D
  _0831_/D
  _0832_/D
  _0833_/D
  _0834_/D
  _0835_/D
  _0836_/D
  _0837_/D
  _0838_/D
  _0839_/D
  _0840_/D
  _0841_/D
  _0842_/D
  _0843_/D
  _0844_/D
  _0845_/D
  _0846_/D
  _0847_/D
  _0848_/D
  _0849_/D
  _0850_/D
  _0851_/D
  _0852_/D
  _0853_/D
  _0854_/D
  _0855_/D
  _0856_/D
  _0857_/D
  _0858_/D
  _0859_/D
  _0860_/D
  _0861_/D
  _0862_/D
  _0863_/D
  _0864_/D
  _0865_/D
  _0866_/D
  _0867_/D
  _0868_/D
  _0869_/D
  _0870_/D
  _0871_/D
  _0872_/D
  _0873_/D
  _0874_/D
  _0875_/D
  _0876_/D
  _0877_/D
  _0878_/D
  _0879_/D
  _0880_/D
  _0881_/D
  _0882_/D
  _0883_/D
  _0884_/D
  _0885_/D
  _0886_/D
  _0887_/D
  _0888_/D
  _0889_/D
  _0890_/D
  _0891_/D
  _0892_/D
  _0893_/D
  _0894_/D
  _0895_/D
  _0896_/D
  _0897_/D
  _0898_/D
  _0899_/D
  _0900_/D
  _0901_/D
  _0902_/D
  _0903_/D
  _0904_/D
  _0905_/D
  _0906_/D
  _0907_/D
  _0908_/D
  _0909_/D
  _0910_/D
  _0911_/D
  _0912_/D
  _0913_/D
  _0914_/D
  _0915_/D
  _0916_/D
  _0917_/D
  _0918_/D
  _0919_/D
  _0920_/D
  _0921_/D
  _0922_/D
  _0923_/D
  _0924_/D
  _0925_/D
  _0926_/D
  _0927_/D
  _0928_/D
  _0929_/D
  _0930_/D
  _0931_/D
  _0932_/D
  _0933_/D
  _0934_/D
  _0935_/D
  _0936_/D
  _0937_/D
  _0938_/D
  _0939_/D
  _0940_/D
  _0941_/D
  _0942_/D
  _0943_/D
  _0944_/D
  _0945_/D
  _0946_/D
  _0947_/D
  _0948_/D
  _0949_/D
  _0950_/D
  _0951_/D
  _0952_/D
  _0953_/D
  _0954_/D
  _0955_/D
  _0956_/D
  _0957_/D
  _0958_/D
  _0959_/D
  _0960_/D
  _0961_/D
  _0962_/D
  _0963_/D
  _0964_/D
  _0965_/D
  _0966_/D
  _0967_/D
  _0968_/D
  _0969_/D
  _0970_/D
  _0971_/D
  _0972_/D
  _0973_/D
  _0974_/D
  _0975_/D
  _0976_/D
  _0977_/D
  _0978_/D
  _0979_/D
  _0980_/D
  _0981_/D
  _0982_/D
  _0983_/D
  _0984_/D
  _0985_/D
  _0986_/D
  _0987_/D
  _0988_/D
  _0989_/D
  _0990_/D
  _0991_/D
  _0992_/D
  _0993_/D
  _0994_/D
  _0995_/D
  _0996_/D
  _0997_/D
  _0998_/D
  _0999_/D
  _1000_/D
  _1001_/D
  _1002_/D
  _1003_/D
  _1004_/D
  _1005_/D
  _1006_/D
  _1007_/D
  _1008_/D
  _1009_/D
  _1010_/D
  _1011_/D
  _1012_/D
  _1013_/D
  _1014_/D
  _1015_/D
  _1016_/D
  _1017_/D
  _1018_/D
  _1019_/D
  _1020_/D
  _1021_/D
  _1022_/D
  _1023_/D
  _1024_/D
  _1025_/D
  _1026_/D
  _1027_/D
  _1028_/D
  _1029_/D
  _1030_/D
  _1031_/D
  _1032_/D
  _1033_/D
  _1034_/D
  _1035_/D
  _1036_/D
  _1037_/D
  _1038_/D
  _1039_/D
  _1040_/D
  _1041_/D
  _1042_/D
  _1043_/D
  _1044_/D
  _1045_/D
  _1046_/D
  _1047_/D
  _1048_/D
  _1049_/D
  _1050_/D
  _1051_/D
  _1052_/D
  _1053_/D
  _1054_/D
  _1055_/D
  _1056_/D
  _1057_/D
  _1058_/D
  _1059_/D
  _1060_/D
  _1061_/D
  _1062_/D
  _1063_/D
  _1064_/D
  _1065_/D
  _1066_/D
  _1067_/D
  _1068_/D
  _1069_/D
  _1070_/D
  _1071_/D
  _1072_/D
  _1073_/D
  _1074_/D
  _1075_/D
  _1076_/D
  _1077_/D
  _1078_/D
  _1079_/D
  _1080_/D
  _1081_/D
  _1082_/D
  _1083_/D
  _1084_/D
  _1085_/D
  _1086_/D
  _1087_/D
  _1088_/D
  _1089_/D
  _1090_/D
  _1091_/D
  _1092_/D
  _1093_/D
  _1094_/D
  _1095_/D
  _1096_/D
  _1097_/D
