Clock: clk
Sources: clk 
Generated: no
Virtual: yes
Propagated: no
Period: 5.000000

===========================================================================
report_clock_properties
============================================================================
Clock                   Period          Waveform
----------------------------------------------------
clk                   5.000000    0.000000  2.500000

===========================================================================
report_clock_latency
============================================================================
Clock clk
rise -> rise
    min     max
0.000000 0.000000 source latency
0.163426         network latency _1099_/CLK
        2.419139 network latency _0841_/GATE_N
---------------
0.163426 2.419139 latency
        2.255713 skew

rise -> fall
    min     max
0.000000 0.000000 source latency
1.034682         network latency _0823_/GATE_N
        2.825015 network latency _1082_/GATE_N
---------------
1.034682 2.825015 latency
        1.790333 skew

fall -> fall
    min     max
0.000000 0.000000 source latency
0.078040         network latency _1099_/CLK
        0.078410 network latency _0796_/CLK
---------------
0.078040 0.078410 latency
        0.000370 skew



===========================================================================
report_clock_min_period
============================================================================
clk period_min = 3.56 fmax = 280.63
