
===========================================================================
 report_power
============================================================================
======================= nom_tt_025C_1v80 Corner ===================================

Group                    Internal    Switching      Leakage        Total
                            Power        Power        Power        Power (Watts)
------------------------------------------------------------------------
Sequential           1.439801e-03 3.877079e-04 2.597834e-09 1.827512e-03  40.4%
Combinational        1.323690e-03 1.370015e-03 1.468003e-09 2.693707e-03  59.6%
Clock                0.000000e+00 0.000000e+00 3.110437e-10 3.110437e-10   0.0%
Macro                0.000000e+00 0.000000e+00 0.000000e+00 0.000000e+00   0.0%
Pad                  0.000000e+00 0.000000e+00 0.000000e+00 0.000000e+00   0.0%
------------------------------------------------------------------------
Total                2.763491e-03 1.757723e-03 4.376885e-09 4.521219e-03 100.0%
                            61.1%        38.9%         0.0%
Writing metric power__internal__total: 0.0027634913567453623
Writing metric power__switching__total: 0.0017577232792973518
Writing metric power__leakage__total: 4.376884632506517e-9
Writing metric power__total: 0.004521218594163656

