140. Printing statistics.

=== bridge ===

   Number of wires:               1047
   Number of wire bits:           1506
   Number of public wires:          64
   Number of public wire bits:     472
   Number of ports:                 34
   Number of port bits:            112
   Number of memories:               0
   Number of memory bits:            0
   Number of processes:              0
   Number of cells:               1384
     $_ANDNOT_                     422
     $_AND_                         74
     $_DFFE_PN0N_                    4
     $_DFFE_PN0P_                   15
     $_DLATCH_N_                   298
     $_MUX_                         72
     $_NAND_                        40
     $_NOR_                         42
     $_NOT_                         29
     $_ORNOT_                       18
     $_OR_                         350
     $_XNOR_                         4
     $_XOR_                         16

   Area for cell type $_NOT_ is unknown!
   Area for cell type $_AND_ is unknown!
   Area for cell type $_NAND_ is unknown!
   Area for cell type $_OR_ is unknown!
   Area for cell type $_NOR_ is unknown!
   Area for cell type $_XOR_ is unknown!
   Area for cell type $_XNOR_ is unknown!
   Area for cell type $_ANDNOT_ is unknown!
   Area for cell type $_ORNOT_ is unknown!
   Area for cell type $_MUX_ is unknown!
   Area for cell type $_DFFE_PN0N_ is unknown!
   Area for cell type $_DFFE_PN0P_ is unknown!
   Area for cell type $_DLATCH_N_ is unknown!

