Clock: clk
Sources: clk 
Generated: no
Virtual: yes
Propagated: no
Period: 5.000000

===========================================================================
report_clock_properties
============================================================================
Clock                   Period          Waveform
----------------------------------------------------
clk                   5.000000    0.000000  2.500000

===========================================================================
report_clock_latency
============================================================================
Clock clk
rise -> rise
    min     max
0.000000 0.000000 source latency
0.586381         network latency _285_/CLK
        0.597200 network latency _297_/CLK
---------------
0.586381 0.597200 latency
        0.010819 skew

fall -> fall
    min     max
0.000000 0.000000 source latency
0.582377         network latency _301_/CLK
        0.591508 network latency _297_/CLK
---------------
0.582377 0.591508 latency
        0.009131 skew



===========================================================================
report_clock_min_period
============================================================================
clk period_min = 5.06 fmax = 197.47
