Clock: clk
Sources: clk 
Generated: no
Virtual: yes
Propagated: no
Period: 20.000000

===========================================================================
report_clock_properties
============================================================================
Clock                   Period          Waveform
----------------------------------------------------
clk                  20.000000    0.000000 10.000000

===========================================================================
report_clock_latency
============================================================================
Clock clk
rise -> rise
    min     max
0.000000 0.000000 source latency
0.312297         network latency _0795_/CLK
        4.930727 network latency _0931_/GATE_N
---------------
0.312297 4.930727 latency
        4.618431 skew

rise -> fall
    min     max
0.000000 0.000000 source latency
1.119473         network latency _0823_/GATE_N
        5.000189 network latency _0931_/GATE_N
---------------
1.119473 5.000189 latency
        3.880716 skew

fall -> fall
    min     max
0.000000 0.000000 source latency
0.306262         network latency _0795_/CLK
        0.307463 network latency _1103_/CLK
---------------
0.306262 0.307463 latency
        0.001201 skew



===========================================================================
report_clock_min_period
============================================================================
clk period_min = 3.16 fmax = 316.04
