                                                                        Cells by Master                                                                         
┏━━━━━━━━━━━━━━━━━━━━━━━━━━━━━━━━━━━━━━━━━━━━━━━━━━━━━━━━━━━━━━━━━━━━━━━━━━━━━━━━━━━━━━━━━━━━━━━━━━━━━━━━━━━━━━━━━━━━━━━━━━━━━━━━━━┳━━━━━━━━━━━━━━━━━━━━━━━━━━━┓
┃ Cell                                                                                                                             ┃ Count                     ┃
┡━━━━━━━━━━━━━━━━━━━━━━━━━━━━━━━━━━━━━━━━━━━━━━━━━━━━━━━━━━━━━━━━━━━━━━━━━━━━━━━━━━━━━━━━━━━━━━━━━━━━━━━━━━━━━━━━━━━━━━━━━━━━━━━━━━╇━━━━━━━━━━━━━━━━━━━━━━━━━━━┩
│ sky130_ef_sc_hd__decap_12                                                                                                        │ 271                       │
│ sky130_fd_sc_hd__a211o_1                                                                                                         │ 16                        │
│ sky130_fd_sc_hd__a211oi_1                                                                                                        │ 1                         │
│ sky130_fd_sc_hd__a21bo_1                                                                                                         │ 4                         │
│ sky130_fd_sc_hd__a21o_1                                                                                                          │ 3                         │
│ sky130_fd_sc_hd__a21oi_1                                                                                                         │ 6                         │
│ sky130_fd_sc_hd__a221o_1                                                                                                         │ 52                        │
│ sky130_fd_sc_hd__a22o_1                                                                                                          │ 73                        │
│ sky130_fd_sc_hd__a2bb2o_1                                                                                                        │ 2                         │
│ sky130_fd_sc_hd__a31o_1                                                                                                          │ 3                         │
│ sky130_fd_sc_hd__a32o_1                                                                                                          │ 1                         │
│ sky130_fd_sc_hd__and2_1                                                                                                          │ 8                         │
│ sky130_fd_sc_hd__and2b_1                                                                                                         │ 3                         │
│ sky130_fd_sc_hd__and3_1                                                                                                          │ 6                         │
│ sky130_fd_sc_hd__and3b_1                                                                                                         │ 4                         │
│ sky130_fd_sc_hd__and3b_2                                                                                                         │ 1                         │
│ sky130_fd_sc_hd__and4_1                                                                                                          │ 1                         │
│ sky130_fd_sc_hd__and4b_1                                                                                                         │ 6                         │
│ sky130_fd_sc_hd__and4bb_1                                                                                                        │ 7                         │
│ sky130_fd_sc_hd__buf_1                                                                                                           │ 23                        │
│ sky130_fd_sc_hd__buf_2                                                                                                           │ 81                        │
│ sky130_fd_sc_hd__clkbuf_1                                                                                                        │ 55                        │
│ sky130_fd_sc_hd__clkbuf_16                                                                                                       │ 3                         │
│ sky130_fd_sc_hd__clkbuf_2                                                                                                        │ 52                        │
│ sky130_fd_sc_hd__clkbuf_4                                                                                                        │ 23                        │
│ sky130_fd_sc_hd__decap_3                                                                                                         │ 204                       │
│ sky130_fd_sc_hd__decap_4                                                                                                         │ 113                       │
│ sky130_fd_sc_hd__decap_6                                                                                                         │ 75                        │
│ sky130_fd_sc_hd__decap_8                                                                                                         │ 81                        │
│ sky130_fd_sc_hd__dfrtp_1                                                                                                         │ 19                        │
│ sky130_fd_sc_hd__diode_2                                                                                                         │ 2                         │
│ sky130_fd_sc_hd__dlxtn_1                                                                                                         │ 295                       │
│ sky130_fd_sc_hd__dlygate4sd3_1                                                                                                   │ 7                         │
│ sky130_fd_sc_hd__dlymetal6s2s_1                                                                                                  │ 15                        │
│ sky130_fd_sc_hd__fill_1                                                                                                          │ 249                       │
│ sky130_fd_sc_hd__fill_2                                                                                                          │ 105                       │
│ sky130_fd_sc_hd__inv_2                                                                                                           │ 10                        │
│ sky130_fd_sc_hd__mux2_1                                                                                                          │ 28                        │
│ sky130_fd_sc_hd__nand2_1                                                                                                         │ 32                        │
│ sky130_fd_sc_hd__nand2b_1                                                                                                        │ 2                         │
│ sky130_fd_sc_hd__nand3b_1                                                                                                        │ 1                         │
│ sky130_fd_sc_hd__nand4b_2                                                                                                        │ 1                         │
│ sky130_fd_sc_hd__nor2_1                                                                                                          │ 37                        │
│ sky130_fd_sc_hd__nor2_2                                                                                                          │ 3                         │
│ sky130_fd_sc_hd__nor3_1                                                                                                          │ 1                         │
│ sky130_fd_sc_hd__nor4_1                                                                                                          │ 2                         │
│ sky130_fd_sc_hd__nor4b_1                                                                                                         │ 4                         │
│ sky130_fd_sc_hd__o211a_2                                                                                                         │ 1                         │
│ sky130_fd_sc_hd__o21a_1                                                                                                          │ 2                         │
│ sky130_fd_sc_hd__o21ai_1                                                                                                         │ 6                         │
│ sky130_fd_sc_hd__o221a_2                                                                                                         │ 1                         │
│ sky130_fd_sc_hd__o22a_1                                                                                                          │ 2                         │
│ sky130_fd_sc_hd__o22ai_1                                                                                                         │ 8                         │
│ sky130_fd_sc_hd__o22ai_2                                                                                                         │ 9                         │
│ sky130_fd_sc_hd__o2bb2a_1                                                                                                        │ 3                         │
│ sky130_fd_sc_hd__o311a_1                                                                                                         │ 2                         │
│ sky130_fd_sc_hd__o31a_1                                                                                                          │ 1                         │
│ sky130_fd_sc_hd__o31a_4                                                                                                          │ 1                         │
│ sky130_fd_sc_hd__o31ai_1                                                                                                         │ 1                         │
│ sky130_fd_sc_hd__o32a_1                                                                                                          │ 2                         │
│ sky130_fd_sc_hd__o41a_2                                                                                                          │ 1                         │
│ sky130_fd_sc_hd__or2_1                                                                                                           │ 7                         │
│ sky130_fd_sc_hd__or3_1                                                                                                           │ 20                        │
│ sky130_fd_sc_hd__or3b_1                                                                                                          │ 2                         │
│ sky130_fd_sc_hd__or3b_2                                                                                                          │ 1                         │
│ sky130_fd_sc_hd__or4_1                                                                                                           │ 4                         │
│ sky130_fd_sc_hd__or4_2                                                                                                           │ 1                         │
│ sky130_fd_sc_hd__or4_4                                                                                                           │ 1                         │
│ sky130_fd_sc_hd__or4b_1                                                                                                          │ 3                         │
│ sky130_fd_sc_hd__or4b_4                                                                                                          │ 1                         │
│ sky130_fd_sc_hd__or4bb_1                                                                                                         │ 1                         │
│ sky130_fd_sc_hd__tapvpwrvgnd_1                                                                                                   │ 250                       │
│ sky130_fd_sc_hd__xnor2_1                                                                                                         │ 5                         │
│ sky130_fd_sc_hd__xor2_1                                                                                                          │ 1                         │
└──────────────────────────────────────────────────────────────────────────────────────────────────────────────────────────────────┴───────────────────────────┘
