Clock: clk
Sources: clk 
Generated: no
Virtual: yes
Propagated: no
Period: 20.000000

===========================================================================
report_clock_properties
============================================================================
Clock                   Period          Waveform
----------------------------------------------------
clk                  20.000000    0.000000 10.000000

===========================================================================
report_clock_latency
============================================================================
Clock clk
rise -> rise
    min     max
0.000000 0.000000 source latency
0.227872         network latency _0795_/CLK
        4.749793 network latency _0931_/GATE_N
---------------
0.227872 4.749793 latency
        4.521921 skew

rise -> fall
    min     max
0.000000 0.000000 source latency
0.757960         network latency _0841_/GATE_N
        4.804007 network latency _0842_/GATE_N
---------------
0.757960 4.804007 latency
        4.046047 skew

fall -> fall
    min     max
0.000000 0.000000 source latency
0.215483         network latency _0795_/CLK
        0.218927 network latency _0797_/CLK
---------------
0.215483 0.218927 latency
        0.003444 skew



===========================================================================
report_clock_min_period
============================================================================
clk period_min = 2.13 fmax = 469.32
